{"synthetic": false,
 "schemaVersion": "2025-09-10",
 "outputs":
 {"o": ["abf1d4c13f3fbb06.olean"],
  "i": "fd1510a7f531f1ba.ilean",
  "c": "9f473d4d726af0d3.c"},
 "log":
 [{"message":
   ".> LEAN_PATH=/code/reactivegas-66-s4/lean/.lake/build/lib/lean /nix/store/4gr3n4nrp0xxgykyyzdxi3xjj2ikn5x1-lean4-4.25.0/bin/lean /code/reactivegas-66-s4/lean/KelGroups/Vote/State.lean -o /code/reactivegas-66-s4/lean/.lake/build/lib/lean/KelGroups/Vote/State.olean -i /code/reactivegas-66-s4/lean/.lake/build/lib/lean/KelGroups/Vote/State.ilean -c /code/reactivegas-66-s4/lean/.lake/build/ir/KelGroups/Vote/State.c --setup /code/reactivegas-66-s4/lean/.lake/build/ir/KelGroups/Vote/State.setup.json --json",
   "level": "trace"}],
 "inputs":
 [["KelGroups.Vote.State:deps",
   [["deps",
     [["reactivegas/KelGroups:extraDep",
       [["@reactivegas:extraDep", "00000000000006bb"]]],
      ["imports",
       [["KelGroups.Vote.Types transitive imports (legacy)",
         "c8e8ca171eb31d66"],
        ["KelGroups.Vote.Types:importAllArts", "7b0c6abe2ab71b09"]]]]],
    ["libs",
     [["import dynlibs", "00000000000006bb"],
      ["package external libraries", "00000000000006bb"],
      ["module dynlibs", "00000000000006bb"],
      ["module plugins", "00000000000006bb"]]]]],
  ["Lean 4.25.0, commit v4.25.0", "9c3a3ade3a41d5d0"],
  ["/code/reactivegas-66-s4/lean/KelGroups/Vote/State.lean",
   "096a123e17fc3de6"],
  ["options", [["-DautoImplicit=false", "4a85acb881fd49d0"]]],
  ["Module.leanArgs: #[]", "00000000000006bb"]],
 "depHash": "b71ea5d8969e3588"}