/tmp/reactivegas/ms2/e-lean-compliance/candidate-auditor-s4b-sub2-final-r2/instruments/full-v2/atoms/A26.lean:65:21: warning: unused variable `e`

Note: This linter can be disabled with `set_option linter.unusedVariables false`
KelGroups.membersCoherentB {α : Type} (gs : GroupState α) : Bool
/tmp/reactivegas/ms2/e-lean-compliance/candidate-auditor-s4b-sub2-final-r2/instruments/full-v2/atoms/A26.lean:76:4: error: Type mismatch
  h k m he
has type
  m.key = k
but is expected to have type
  True
/tmp/reactivegas/ms2/e-lean-compliance/candidate-auditor-s4b-sub2-final-r2/instruments/full-v2/atoms/A26.lean:78:4: error: Type mismatch
  h (k, m) hm
has type
  True
but is expected to have type
  m.key = k
/tmp/reactivegas/ms2/e-lean-compliance/candidate-auditor-s4b-sub2-final-r2/instruments/full-v2/atoms/A26.lean:72:66: warning: This simp argument is unused:
  decide_eq_true_eq

Hint: Omit it from the simp argument list.
  simp only [MembersCoherent, membersCoherentB, List.all_eq_true,̵ ̵d̵e̵c̵i̵d̵e̵_̵e̵q̵_̵t̵r̵u̵e̵_̵e̵q̵]

Note: This linter can be disabled with `set_option linter.unusedSimpArgs false`
