WITNESS sentinel true
WITNESS P02-nonzero-balanced true
WITNESS P02-distinguishes-one-unit true
WITNESS P03-duplicate-first-balance true
WITNESS P03-negative-first-balance true
WITNESS P03-accepted-negative true
WITNESS P03-pending-negative true
WITNESS P03-absent-balance-default true
WITNESS P04-negative-present true
WITNESS P04-first-match-positive true
WITNESS P04-absent-balance-default true
WITNESS P05-identical-duplicates-allowed true
WITNESS P05-conflicting-duplicates-refused true
WITNESS P06-nonempty-all true
WITNESS P06-nonempty-counterexample true
WITNESS P08-first-pending-amount true
WITNESS P08-later-duplicate-amount true
WITNESS P08-absent-key true
WITNESS P09-nonempty-removed-other true
WITNESS P09-live-referent true
WITNESS P10-nonzero-both-effects true
WITNESS P10-conto-alone-wrong true
WITNESS P10-cassa-alone-wrong true
WITNESS P10-negative-delta true
WITNESS P12-first-match-duplicates-absent-defaults true
WITNESS P12-nonzero-member true
WITNESS P12-open-collection true
WITNESS P12-nonzero-cassa true
