WITNESS K1-valid-proposer-assent true
WITNESS K1-duplicate-approval true
WITNESS K1-proposer-absent true
WITNESS K2-nonempty-coherent true
WITNESS K2-key-mismatch true
WITNESS K3-nonempty-pending-coherent true
WITNESS K3-invalid-pending true
WITNESS K4-nonempty-wellformed true
WITNESS K4-duplicate-member-key true
WITNESS K4-duplicate-proposal-key true
WITNESS K4-incoherent-member true
WITNESS K4-incoherent-pending true
WITNESS K5-enacted-exact-state true
WITNESS K5-different-Nat-payload true
WITNESS K5-absent-proposal true
WITNESS V1-disjoint-nonempty true
WITNESS V1-duplicate-assent true
WITNESS V1-duplicate-dissent true
WITNESS V1-overlapping-ballots true
WITNESS V2-nonempty-carriers true
WITNESS V2-open-duplicate-key true
WITNESS V2-closed-duplicate-key true
WITNESS V2-overlapping-key true
WITNESS V2-open-unclean true
WITNESS V2-closed-unclean true
WITNESS V2-closed-open-verdict true
WITNESS V3-callable-policy-two true
WITNESS V3-callable-policy-one true
WITNESS V3-dependent-sweep-shape true
