✔ [2/30] Built KelGroups.Types (911ms)
✔ [3/30] Built KelGroups.Vote.Types (505ms)
✔ [4/30] Built KelGroups.Event (810ms)
✔ [5/30] Built KelGroups.Vote.Event (415ms)
✔ [6/30] Built KelGroups.Vote.State (700ms)
✔ [7/30] Built KelGroups.State (771ms)
⚠ [8/30] Built KelGroups.Vote.Validate (400ms)
warning: KelGroups/Vote/Validate.lean:54:23: unused variable `threshold`

Note: This linter can be disabled with `set_option linter.unusedVariables false`
✔ [9/30] Built Reactivegas.Types (1.5s)
✔ [10/30] Built KelGroups.Vote.Fold (400ms)
✔ [11/30] Built KelGroups.Fold (568ms)
✔ [12/30] Built KelGroups.Validate (786ms)
✔ [13/30] Built Reactivegas.State (1.0s)
✔ [14/30] Built KelGroups.Integration (829ms)
⚠ [15/30] Built KelGroups.Vote.Invariants (1.8s)
warning: KelGroups/Vote/Invariants.lean:59:104: The syntax is now `structure S : Type extends P` rather than `structure S extends P : Type`

Note: The purpose of this change is to accommodate `structure S extends toP : P` syntax for naming parent projections.
warning: KelGroups/Vote/Invariants.lean:77:8: automatically included section variable(s) unused in theorem `_private.KelGroups.Vote.Invariants.0.KelGroups.Vote.assocErase_sublist'`:
  [LawfulBEq κ]
consider restructuring your `variable` declarations so that the variables are not in scope or explicitly omit them:
  omit [LawfulBEq κ] in theorem ...

Note: This linter can be disabled with `set_option linter.unusedSectionVars false`
warning: KelGroups/Vote/Invariants.lean:175:51: unused variable `v`

Note: This linter can be disabled with `set_option linter.unusedVariables false`
warning: KelGroups/Vote/Invariants.lean:187:16: This simp argument is unused:
  assocErase

Hint: Omit it from the simp argument list.
  simp [assocE̵r̵a̵s̵e̵,̵ ̵a̵s̵s̵o̵c̵Lookup, hc, hck, ih]

Note: This linter can be disabled with `set_option linter.unusedSimpArgs false`
warning: KelGroups/Vote/Invariants.lean:187:28: This simp argument is unused:
  assocLookup

Hint: Omit it from the simp argument list.
  simp [assocErase, a̵s̵s̵o̵c̵L̵o̵o̵k̵u̵p̵,̵ ̵hc, hck, ih]

Note: This linter can be disabled with `set_option linter.unusedSimpArgs false`
warning: KelGroups/Vote/Invariants.lean:187:50: This simp argument is unused:
  ih

Hint: Omit it from the simp argument list.
  simp [assocErase, assocLookup, hc, hck,̵ ̵i̵h̵]

Note: This linter can be disabled with `set_option linter.unusedSimpArgs false`
warning: KelGroups/Vote/Invariants.lean:189:16: This simp argument is unused:
  assocErase

Hint: Omit it from the simp argument list.
  simp [assocE̵r̵a̵s̵e̵,̵ ̵a̵s̵s̵o̵c̵Lookup, hc, hck]

Note: This linter can be disabled with `set_option linter.unusedSimpArgs false`
warning: KelGroups/Vote/Invariants.lean:190:16: This simp argument is unused:
  assocErase

Hint: Omit it from the simp argument list.
  simp [assocE̵r̵a̵s̵e̵,̵ ̵a̵s̵s̵o̵c̵Lookup, hc, hck, ih]

Note: This linter can be disabled with `set_option linter.unusedSimpArgs false`
warning: KelGroups/Vote/Invariants.lean:203:8: automatically included section variable(s) unused in theorem `_private.KelGroups.Vote.Invariants.0.KelGroups.Vote.assocInsert_mem_cases`:
  [LawfulBEq κ]
consider restructuring your `variable` declarations so that the variables are not in scope or explicitly omit them:
  omit [LawfulBEq κ] in theorem ...

Note: This linter can be disabled with `set_option linter.unusedSectionVars false`
warning: KelGroups/Vote/Invariants.lean:235:8: automatically included section variable(s) unused in theorem `_private.KelGroups.Vote.Invariants.0.KelGroups.Vote.mem_map_fst_insert`:
  [LawfulBEq κ]
consider restructuring your `variable` declarations so that the variables are not in scope or explicitly omit them:
  omit [LawfulBEq κ] in theorem ...

Note: This linter can be disabled with `set_option linter.unusedSectionVars false`
warning: KelGroups/Vote/Invariants.lean:389:54: unused variable `gs`

Note: This linter can be disabled with `set_option linter.unusedVariables false`
warning: KelGroups/Vote/Invariants.lean:396:45: This simp argument is unused:
  List.length_map

Hint: Omit it from the simp argument list.
  simp only [franchiseSize, franchise,̵ ̵L̵i̵s̵t̵.̵l̵e̵n̵g̵t̵h̵_̵m̵a̵p̵] at h

Note: This linter can be disabled with `set_option linter.unusedSimpArgs false`
warning: KelGroups/Vote/Invariants.lean:401:47: unused variable `gs`

Note: This linter can be disabled with `set_option linter.unusedVariables false`
warning: KelGroups/Vote/Invariants.lean:463:6: try 'simp' instead of 'simpa'

Note: This linter can be disabled with `set_option linter.unnecessarySimpa false`
warning: KelGroups/Vote/Invariants.lean:880:5: unused variable `hevents`

Note: This linter can be disabled with `set_option linter.unusedVariables false`
warning: KelGroups/Vote/Invariants.lean:974:22: This simp argument is unused:
  hsz

Hint: Omit it from the simp argument list.
  simp ̵[̵h̵s̵z̵]̵

Note: This linter can be disabled with `set_option linter.unusedSimpArgs false`
warning: KelGroups/Vote/Invariants.lean:1161:34: This simp argument is unused:
  if_false

Hint: Omit it from the simp argument list.
  simp only [h, decide_false,̵ ̵i̵f̵_̵f̵a̵l̵s̵e̵]

Note: This linter can be disabled with `set_option linter.unusedSimpArgs false`
warning: KelGroups/Vote/Invariants.lean:1176:34: This simp argument is unused:
  if_false

Hint: Omit it from the simp argument list.
  simp only [h, decide_false,̵ ̵i̵f̵_̵f̵a̵l̵s̵e̵]

Note: This linter can be disabled with `set_option linter.unusedSimpArgs false`
info: KelGroups/Vote/Invariants.lean:1220:0: 'KelGroups.Vote.foldVote_wellFormed' depends on axioms: [propext, Classical.choice, Quot.sound]
info: KelGroups/Vote/Invariants.lean:1221:0: 'KelGroups.Vote.ballots_nodup_disjoint' depends on axioms: [propext, Classical.choice, Quot.sound]
info: KelGroups/Vote/Invariants.lean:1222:0: 'KelGroups.Vote.open_questions_are_open' depends on axioms: [propext, Classical.choice, Quot.sound]
info: KelGroups/Vote/Invariants.lean:1223:0: 'KelGroups.Vote.questions_partition' depends on axioms: [propext, Classical.choice, Quot.sound]
info: KelGroups/Vote/Invariants.lean:1224:0: 'KelGroups.Vote.no_expiry' depends on axioms: [propext, Classical.choice, Quot.sound]
info: KelGroups/Vote/Invariants.lean:1225:0: 'KelGroups.Vote.franchise_of_tallies' depends on axioms: [propext, Quot.sound]
info: KelGroups/Vote/Invariants.lean:1226:0: 'KelGroups.Vote.verdictOf_threshold_congr' depends on axioms: [propext]
info: KelGroups/Vote/Invariants.lean:1227:0: 'KelGroups.Vote.inadmissible_is_noop' depends on axioms: [propext]
info: KelGroups/Vote/Invariants.lean:1228:0: 'KelGroups.Vote.nonresponsabile_event_noop' depends on axioms: [propext, Quot.sound]
ℹ [16/30] Built KelGroups.Invariants (1.2s)
info: KelGroups/Invariants.lean:870:0: 'KelGroups.base_change_runs_hook' depends on axioms: [propext]
ℹ [17/30] Built Reactivegas.Step (1.1s)
info: Reactivegas/Step.lean:473:0: 'Reactivegas.appFold' does not depend on any axioms
info: Reactivegas/Step.lean:474:0: 'Reactivegas.apply' depends on axioms: [propext]
info: Reactivegas/Step.lean:475:0: 'Reactivegas.app_members_preservation_holds' depends on axioms: [propext]
info: Reactivegas/Step.lean:476:0: 'Reactivegas.comune_cannot_authorize' depends on axioms: [propext]
✔ [18/30] Built KelGroups.Vote.Tests (765ms)
✔ [19/30] Built Reactivegas.Predicates (390ms)
⚠ [20/30] Built Reactivegas.Composition (623ms)
warning: Reactivegas/Composition.lean:114:5: unused variable `hroute`

Note: This linter can be disabled with `set_option linter.unusedVariables false`
warning: Reactivegas/Composition.lean:141:5: unused variable `hroute`

Note: This linter can be disabled with `set_option linter.unusedVariables false`
info: Reactivegas/Composition.lean:194:0: 'Reactivegas.Composition.voteDerived_iff_not_direct' depends on axioms: [propext]
info: Reactivegas/Composition.lean:195:0: 'Reactivegas.Composition.baseEnacted_threshold_met' depends on axioms: [propext]
info: Reactivegas/Composition.lean:196:0: 'Reactivegas.Composition.appDecided_verdict_exhaustive' depends on axioms: [propext]
ℹ [21/30] Built KelGroups.Tests (1.1s)
info: KelGroups/Tests.lean:336:0: @approvals_nodup : ∀ {α : Type} {gs : GroupState α},
  WellFormed gs → ∀ (entry : ProposalId × PendingProposal), entry ∈ gs.pendingProposals → entry.snd.approvals.Nodup
info: KelGroups/Tests.lean:337:0: @proposer_mem_approvals : ∀ {α : Type} {gs : GroupState α},
  WellFormed gs →
    ∀ (entry : ProposalId × PendingProposal), entry ∈ gs.pendingProposals → entry.snd.proposer ∈ entry.snd.approvals
info: KelGroups/Tests.lean:338:0: @enact_implies_threshold_met : ∀ {α : Type} (digest : Proposal → ProposalId) (appFoldFn : AppFold α) (gs : GroupState α)
  (signer : Key) (event : GroupEvent α) (enacted : Enactment α),
  (applyEventDetailed digest appFoldFn gs signer event).enactment = some enacted →
    enacted.pending.approvals.length ≥ majority enacted.preState
info: KelGroups/Tests.lean:339:0: @members_change_implies_enacted : ∀ {α : Type} (digest : Proposal → ProposalId) (appFoldFn : AppFold α)
  (gs : GroupState α) (signer : Key) (event : GroupEvent α),
  (applyEvent digest appFoldFn gs signer event).members ≠ gs.members →
    ∃ before proposalId, Enacts before proposalId (applyEvent digest appFoldFn gs signer event)
info: KelGroups/Tests.lean:340:0: @member_key_coherent : ∀ {α : Type} {gs : GroupState α},
  WellFormed gs → ∀ (key : Key) (member : Member), (key, member) ∈ gs.members → member.key = key
info: KelGroups/Tests.lean:341:0: KelGroups.majority_table :
  majority (majorityAdminState []) = 0 ∧
    majority (majorityAdminState ["a"]) = 1 ∧
      majority (majorityAdminState ["a", "b"]) = 1 ∧
        majority (majorityAdminState ["a", "b", "c"]) = 2 ∧
          majority (majorityAdminState ["a", "b", "c", "d"]) = 2 ∧
            majority (majorityAdminState ["a", "b", "c", "d", "e"]) = 3
info: KelGroups/Tests.lean:342:0: @majority_not_strict_on_even : ∀ {α : Type} (gs : GroupState α),
  0 < adminCount gs → adminCount gs % 2 = 0 → 2 * majority gs ≤ adminCount gs
✔ [22/30] Built KelGroups (291ms)
ℹ [24/30] Built Reactivegas.Invariants (8.2s)
info: Reactivegas/Invariants.lean:1639:0: 'Reactivegas.base_change_recomputes_votes' depends on axioms: [propext]
info: Reactivegas/Invariants.lean:1640:0: 'Reactivegas.base_departure_applies_cleanup' depends on axioms: [propext]
info: Reactivegas/Invariants.lean:1641:0: 'Reactivegas.base_change_can_close_without_ballot' depends on axioms: [propext]
info: Reactivegas/Invariants.lean:2351:0: 'Reactivegas.checkIntegratedTheoremWitness' depends on axioms: [propext]
info: Reactivegas/Invariants.lean:2352:0: 'Reactivegas.checkCanonicalEconomy' depends on axioms: [propext]
info: Reactivegas/Invariants.lean:2353:0: 'Reactivegas.checkI57Boundary' depends on axioms: [propext]
ℹ [25/30] Built Reactivegas.CorpusGate (1.3s)
info: Reactivegas/CorpusGate.lean:3:0: true
✔ [26/30] Built Reactivegas.Trace (2.2s)
✔ [27/30] Built Reactivegas (975ms)
✔ [29/30] Built Reactivegas.CorpusExport (1.4s)
ℹ [30/30] Built Reactivegas.TraceTests (10s)
info: Reactivegas/TraceTests.lean:1049:0: TRACE-INVENTORY ctors=14 covered=14 missing=0
TRACE-SEED-SUMMARY donationPrefix=pass correctPledgeDown=pass correctPledgeUp=pass closePurchaseNegative=pass denyPermissionRefunds=pass
TRACE-NEGATIVE-CONTROLS wrongGuard=pass divergence=pass omittedInput=pass discontinuousInput=pass mutatedPostState=pass flippedResult=pass unsupportedVersion=pass
TRACE-JSON {"initial":{"casse":[],"collections":[],"conti":[],"votes":{"closed":[],"openQuestions":[]}},"schema":"reactivegas.trace","steps":[{"event":{"deposit":{"author":"2","user":"1","v":40}},"input":{"casse":[],"collections":[],"conti":[],"votes":{"closed":[],"openQuestions":[]}},"result":{"state":{"casse":[["2",40]],"collections":[],"conti":[["1",40]],"votes":{"closed":[],"openQuestions":[]}},"tag":"applied"}},{"event":{"deposit":{"author":"1","user":"3","v":100}},"input":{"casse":[["2",40]],"collections":[],"conti":[["1",40]],"votes":{"closed":[],"openQuestions":[]}},"result":{"state":{"casse":[["2",40],["1",100]],"collections":[],"conti":[["1",40],["3",100]],"votes":{"closed":[],"openQuestions":[]}},"tag":"applied"}},{"event":{"openPurchase":{"author":"2","c":7}},"input":{"casse":[["2",40],["1",100]],"collections":[],"conti":[["1",40],["3",100]],"votes":{"closed":[],"openQuestions":[]}},"result":{"state":{"casse":[["2",40],["1",100]],"collections":[{"accepted":[],"id":7,"pending":[],"permitted":false,"referente":"2"}],"conti":[["1",40],["3",100]],"votes":{"closed":[],"openQuestions":[]}},"tag":"applied"}},{"event":{"pledge":{"author":"2","c":7,"user":"3","v":50}},"input":{"casse":[["2",40],["1",100]],"collections":[{"accepted":[],"id":7,"pending":[],"permitted":false,"referente":"2"}],"conti":[["1",40],["3",100]],"votes":{"closed":[],"openQuestions":[]}},"result":{"state":{"casse":[["2",40],["1",100]],"collections":[{"accepted":[],"id":7,"pending":[{"amount":50,"user":"3"}],"permitted":false,"referente":"2"}],"conti":[["1",40],["3",50]],"votes":{"closed":[],"openQuestions":[]}},"tag":"applied"}},{"event":{"acceptPledge":{"author":"2","c":7,"user":"3"}},"input":{"casse":[["2",40],["1",100]],"collections":[{"accepted":[],"id":7,"pending":[{"amount":50,"user":"3"}],"permitted":false,"referente":"2"}],"conti":[["1",40],["3",50]],"votes":{"closed":[],"openQuestions":[]}},"result":{"state":{"casse":[["2",40],["1",100]],"collections":[{"accepted":[{"amount":50,"user":"3"}],"id":7,"pending":[],"permitted":false,"referente":"2"}],"conti":[["1",40],["3",50]],"votes":{"closed":[],"openQuestions":[]}},"tag":"applied"}},{"event":{"pledge":{"author":"2","c":7,"user":"1","v":20}},"input":{"casse":[["2",40],["1",100]],"collections":[{"accepted":[{"amount":50,"user":"3"}],"id":7,"pending":[],"permitted":false,"referente":"2"}],"conti":[["1",40],["3",50]],"votes":{"closed":[],"openQuestions":[]}},"result":{"state":{"casse":[["2",40],["1",100]],"collections":[{"accepted":[{"amount":50,"user":"3"}],"id":7,"pending":[{"amount":20,"user":"1"}],"permitted":false,"referente":"2"}],"conti":[["1",20],["3",50]],"votes":{"closed":[],"openQuestions":[]}},"tag":"applied"}},{"event":{"donate":{"author":"1","v":10}},"input":{"casse":[["2",40],["1",100]],"collections":[{"accepted":[{"amount":50,"user":"3"}],"id":7,"pending":[{"amount":20,"user":"1"}],"permitted":false,"referente":"2"}],"conti":[["1",20],["3",50]],"votes":{"closed":[],"openQuestions":[]}},"result":{"state":{"casse":[["2",40],["1",110]],"collections":[{"accepted":[{"amount":50,"user":"3"}],"id":7,"pending":[{"amount":20,"user":"1"}],"permitted":false,"referente":"2"}],"conti":[["1",20],["3",50],["comune",10]],"votes":{"closed":[],"openQuestions":[]}},"tag":"applied"}}],"version":1}
TRACE-JSON {"initial":{"casse":[],"collections":[],"conti":[],"votes":{"closed":[],"openQuestions":[]}},"schema":"reactivegas.trace","steps":[{"event":{"deposit":{"author":"1","user":"2","v":100}},"input":{"casse":[],"collections":[],"conti":[],"votes":{"closed":[],"openQuestions":[]}},"result":{"state":{"casse":[["1",100]],"collections":[],"conti":[["2",100]],"votes":{"closed":[],"openQuestions":[]}},"tag":"applied"}},{"event":{"openPurchase":{"author":"1","c":5}},"input":{"casse":[["1",100]],"collections":[],"conti":[["2",100]],"votes":{"closed":[],"openQuestions":[]}},"result":{"state":{"casse":[["1",100]],"collections":[{"accepted":[],"id":5,"pending":[],"permitted":false,"referente":"1"}],"conti":[["2",100]],"votes":{"closed":[],"openQuestions":[]}},"tag":"applied"}},{"event":{"pledge":{"author":"1","c":5,"user":"2","v":60}},"input":{"casse":[["1",100]],"collections":[{"accepted":[],"id":5,"pending":[],"permitted":false,"referente":"1"}],"conti":[["2",100]],"votes":{"closed":[],"openQuestions":[]}},"result":{"state":{"casse":[["1",100]],"collections":[{"accepted":[],"id":5,"pending":[{"amount":60,"user":"2"}],"permitted":false,"referente":"1"}],"conti":[["2",40]],"votes":{"closed":[],"openQuestions":[]}},"tag":"applied"}},{"event":{"acceptPledge":{"author":"1","c":5,"user":"2"}},"input":{"casse":[["1",100]],"collections":[{"accepted":[],"id":5,"pending":[{"amount":60,"user":"2"}],"permitted":false,"referente":"1"}],"conti":[["2",40]],"votes":{"closed":[],"openQuestions":[]}},"result":{"state":{"casse":[["1",100]],"collections":[{"accepted":[{"amount":60,"user":"2"}],"id":5,"pending":[],"permitted":false,"referente":"1"}],"conti":[["2",40]],"votes":{"closed":[],"openQuestions":[]}},"tag":"applied"}},{"event":{"correctPledge":{"author":"1","c":5,"user":"2","v":40}},"input":{"casse":[["1",100]],"collections":[{"accepted":[{"amount":60,"user":"2"}],"id":5,"pending":[],"permitted":false,"referente":"1"}],"conti":[["2",40]],"votes":{"closed":[],"openQuestions":[]}},"result":{"state":{"casse":[["1",100]],"collections":[{"accepted":[{"amount":40,"user":"2"}],"id":5,"pending":[],"permitted":false,"referente":"1"}],"conti":[["2",60]],"votes":{"closed":[],"openQuestions":[]}},"tag":"applied"}}],"version":1}
TRACE-JSON {"initial":{"casse":[],"collections":[],"conti":[],"votes":{"closed":[],"openQuestions":[]}},"schema":"reactivegas.trace","steps":[{"event":{"deposit":{"author":"1","user":"2","v":100}},"input":{"casse":[],"collections":[],"conti":[],"votes":{"closed":[],"openQuestions":[]}},"result":{"state":{"casse":[["1",100]],"collections":[],"conti":[["2",100]],"votes":{"closed":[],"openQuestions":[]}},"tag":"applied"}},{"event":{"openPurchase":{"author":"1","c":5}},"input":{"casse":[["1",100]],"collections":[],"conti":[["2",100]],"votes":{"closed":[],"openQuestions":[]}},"result":{"state":{"casse":[["1",100]],"collections":[{"accepted":[],"id":5,"pending":[],"permitted":false,"referente":"1"}],"conti":[["2",100]],"votes":{"closed":[],"openQuestions":[]}},"tag":"applied"}},{"event":{"pledge":{"author":"1","c":5,"user":"2","v":60}},"input":{"casse":[["1",100]],"collections":[{"accepted":[],"id":5,"pending":[],"permitted":false,"referente":"1"}],"conti":[["2",100]],"votes":{"closed":[],"openQuestions":[]}},"result":{"state":{"casse":[["1",100]],"collections":[{"accepted":[],"id":5,"pending":[{"amount":60,"user":"2"}],"permitted":false,"referente":"1"}],"conti":[["2",40]],"votes":{"closed":[],"openQuestions":[]}},"tag":"applied"}},{"event":{"acceptPledge":{"author":"1","c":5,"user":"2"}},"input":{"casse":[["1",100]],"collections":[{"accepted":[],"id":5,"pending":[{"amount":60,"user":"2"}],"permitted":false,"referente":"1"}],"conti":[["2",40]],"votes":{"closed":[],"openQuestions":[]}},"result":{"state":{"casse":[["1",100]],"collections":[{"accepted":[{"amount":60,"user":"2"}],"id":5,"pending":[],"permitted":false,"referente":"1"}],"conti":[["2",40]],"votes":{"closed":[],"openQuestions":[]}},"tag":"applied"}},{"event":{"correctPledge":{"author":"1","c":5,"user":"2","v":90}},"input":{"casse":[["1",100]],"collections":[{"accepted":[{"amount":60,"user":"2"}],"id":5,"pending":[],"permitted":false,"referente":"1"}],"conti":[["2",40]],"votes":{"closed":[],"openQuestions":[]}},"result":{"state":{"casse":[["1",100]],"collections":[{"accepted":[{"amount":90,"user":"2"}],"id":5,"pending":[],"permitted":false,"referente":"1"}],"conti":[["2",10]],"votes":{"closed":[],"openQuestions":[]}},"tag":"applied"}}],"version":1}
TRACE-JSON {"initial":{"casse":[],"collections":[],"conti":[],"votes":{"closed":[],"openQuestions":[]}},"schema":"reactivegas.trace","steps":[{"event":{"deposit":{"author":"1","user":"3","v":200}},"input":{"casse":[],"collections":[],"conti":[],"votes":{"closed":[],"openQuestions":[]}},"result":{"state":{"casse":[["1",200]],"collections":[],"conti":[["3",200]],"votes":{"closed":[],"openQuestions":[]}},"tag":"applied"}},{"event":{"openPurchase":{"author":"2","c":9}},"input":{"casse":[["1",200]],"collections":[],"conti":[["3",200]],"votes":{"closed":[],"openQuestions":[]}},"result":{"state":{"casse":[["1",200]],"collections":[{"accepted":[],"id":9,"pending":[],"permitted":false,"referente":"2"}],"conti":[["3",200]],"votes":{"closed":[],"openQuestions":[]}},"tag":"applied"}},{"event":{"pledge":{"author":"2","c":9,"user":"3","v":150}},"input":{"casse":[["1",200]],"collections":[{"accepted":[],"id":9,"pending":[],"permitted":false,"referente":"2"}],"conti":[["3",200]],"votes":{"closed":[],"openQuestions":[]}},"result":{"state":{"casse":[["1",200]],"collections":[{"accepted":[],"id":9,"pending":[{"amount":150,"user":"3"}],"permitted":false,"referente":"2"}],"conti":[["3",50]],"votes":{"closed":[],"openQuestions":[]}},"tag":"applied"}},{"event":{"acceptPledge":{"author":"2","c":9,"user":"3"}},"input":{"casse":[["1",200]],"collections":[{"accepted":[],"id":9,"pending":[{"amount":150,"user":"3"}],"permitted":false,"referente":"2"}],"conti":[["3",50]],"votes":{"closed":[],"openQuestions":[]}},"result":{"state":{"casse":[["1",200]],"collections":[{"accepted":[{"amount":150,"user":"3"}],"id":9,"pending":[],"permitted":false,"referente":"2"}],"conti":[["3",50]],"votes":{"closed":[],"openQuestions":[]}},"tag":"applied"}},{"event":{"closePurchase":{"author":"2","c":9}},"input":{"casse":[["1",200]],"collections":[{"accepted":[{"amount":150,"user":"3"}],"id":9,"pending":[],"permitted":false,"referente":"2"}],"conti":[["3",50]],"votes":{"closed":[],"openQuestions":[]}},"result":{"guard":{"declaration":"step_close_inv","id":"closePurchase"},"tag":"refused"}},{"event":{"grantPermission":{"author":"2","c":9}},"input":{"casse":[["1",200]],"collections":[{"accepted":[{"amount":150,"user":"3"}],"id":9,"pending":[],"permitted":false,"referente":"2"}],"conti":[["3",50]],"votes":{"closed":[],"openQuestions":[]}},"result":{"state":{"casse":[["1",200]],"collections":[{"accepted":[{"amount":150,"user":"3"}],"id":9,"pending":[],"permitted":true,"referente":"2"}],"conti":[["3",50]],"votes":{"closed":[],"openQuestions":[]}},"tag":"applied"}},{"event":{"closePurchase":{"author":"2","c":9}},"input":{"casse":[["1",200]],"collections":[{"accepted":[{"amount":150,"user":"3"}],"id":9,"pending":[],"permitted":true,"referente":"2"}],"conti":[["3",50]],"votes":{"closed":[],"openQuestions":[]}},"result":{"state":{"casse":[["1",200],["2",-150]],"collections":[],"conti":[["3",50]],"votes":{"closed":[],"openQuestions":[]}},"tag":"applied"}}],"version":1}
TRACE-JSON {"initial":{"casse":[],"collections":[],"conti":[],"votes":{"closed":[],"openQuestions":[]}},"schema":"reactivegas.trace","steps":[{"event":{"deposit":{"author":"1","user":"2","v":100}},"input":{"casse":[],"collections":[],"conti":[],"votes":{"closed":[],"openQuestions":[]}},"result":{"state":{"casse":[["1",100]],"collections":[],"conti":[["2",100]],"votes":{"closed":[],"openQuestions":[]}},"tag":"applied"}},{"event":{"deposit":{"author":"1","user":"3","v":80}},"input":{"casse":[["1",100]],"collections":[],"conti":[["2",100]],"votes":{"closed":[],"openQuestions":[]}},"result":{"state":{"casse":[["1",180]],"collections":[],"conti":[["2",100],["3",80]],"votes":{"closed":[],"openQuestions":[]}},"tag":"applied"}},{"event":{"openPurchase":{"author":"1","c":4}},"input":{"casse":[["1",180]],"collections":[],"conti":[["2",100],["3",80]],"votes":{"closed":[],"openQuestions":[]}},"result":{"state":{"casse":[["1",180]],"collections":[{"accepted":[],"id":4,"pending":[],"permitted":false,"referente":"1"}],"conti":[["2",100],["3",80]],"votes":{"closed":[],"openQuestions":[]}},"tag":"applied"}},{"event":{"pledge":{"author":"1","c":4,"user":"2","v":60}},"input":{"casse":[["1",180]],"collections":[{"accepted":[],"id":4,"pending":[],"permitted":false,"referente":"1"}],"conti":[["2",100],["3",80]],"votes":{"closed":[],"openQuestions":[]}},"result":{"state":{"casse":[["1",180]],"collections":[{"accepted":[],"id":4,"pending":[{"amount":60,"user":"2"}],"permitted":false,"referente":"1"}],"conti":[["2",40],["3",80]],"votes":{"closed":[],"openQuestions":[]}},"tag":"applied"}},{"event":{"acceptPledge":{"author":"1","c":4,"user":"2"}},"input":{"casse":[["1",180]],"collections":[{"accepted":[],"id":4,"pending":[{"amount":60,"user":"2"}],"permitted":false,"referente":"1"}],"conti":[["2",40],["3",80]],"votes":{"closed":[],"openQuestions":[]}},"result":{"state":{"casse":[["1",180]],"collections":[{"accepted":[{"amount":60,"user":"2"}],"id":4,"pending":[],"permitted":false,"referente":"1"}],"conti":[["2",40],["3",80]],"votes":{"closed":[],"openQuestions":[]}},"tag":"applied"}},{"event":{"pledge":{"author":"1","c":4,"user":"3","v":30}},"input":{"casse":[["1",180]],"collections":[{"accepted":[{"amount":60,"user":"2"}],"id":4,"pending":[],"permitted":false,"referente":"1"}],"conti":[["2",40],["3",80]],"votes":{"closed":[],"openQuestions":[]}},"result":{"state":{"casse":[["1",180]],"collections":[{"accepted":[{"amount":60,"user":"2"}],"id":4,"pending":[{"amount":30,"user":"3"}],"permitted":false,"referente":"1"}],"conti":[["2",40],["3",50]],"votes":{"closed":[],"openQuestions":[]}},"tag":"applied"}},{"event":{"withdraw":{"author":"1","user":"2","v":999}},"input":{"casse":[["1",180]],"collections":[{"accepted":[{"amount":60,"user":"2"}],"id":4,"pending":[{"amount":30,"user":"3"}],"permitted":false,"referente":"1"}],"conti":[["2",40],["3",50]],"votes":{"closed":[],"openQuestions":[]}},"result":{"guard":{"declaration":"step_withdraw_inv","id":"withdraw"},"tag":"refused"}},{"event":{"denyPermission":{"author":"1","c":4}},"input":{"casse":[["1",180]],"collections":[{"accepted":[{"amount":60,"user":"2"}],"id":4,"pending":[{"amount":30,"user":"3"}],"permitted":false,"referente":"1"}],"conti":[["2",40],["3",50]],"votes":{"closed":[],"openQuestions":[]}},"result":{"state":{"casse":[["1",180]],"collections":[],"conti":[["2",100],["3",80]],"votes":{"closed":[],"openQuestions":[]}},"tag":"applied"}}],"version":1}
TRACE-TEST-SUMMARY checks=43 failures=0
Build completed successfully (30 jobs).
