{"synthetic": false,
 "schemaVersion": "2025-09-10",
 "outputs":
 {"o": ["311964f3edaf3816.olean"],
  "i": "dd54f9cb9fcdbc94.ilean",
  "c": "c3e2aca3c9448df8.c"},
 "log":
 [{"message":
   ".> LEAN_PATH=/code/reactivegas-66-s4b-audit3/lean/.lake/build/lib/lean /nix/store/4gr3n4nrp0xxgykyyzdxi3xjj2ikn5x1-lean4-4.25.0/bin/lean /code/reactivegas-66-s4b-audit3/lean/Reactivegas/CorpusExport.lean -o /code/reactivegas-66-s4b-audit3/lean/.lake/build/lib/lean/Reactivegas/CorpusExport.olean -i /code/reactivegas-66-s4b-audit3/lean/.lake/build/lib/lean/Reactivegas/CorpusExport.ilean -c /code/reactivegas-66-s4b-audit3/lean/.lake/build/ir/Reactivegas/CorpusExport.c --setup /code/reactivegas-66-s4b-audit3/lean/.lake/build/ir/Reactivegas/CorpusExport.setup.json --json",
   "level": "trace"}],
 "inputs":
 [["Reactivegas.CorpusExport:deps",
   [["deps",
     [["reactivegas/corpusExport:extraDep",
       [["@reactivegas:extraDep", "00000000000006bb"]]],
      ["imports",
       [["Reactivegas.Trace transitive imports (legacy)", "f771c16d84ee8b12"],
        ["Reactivegas.Trace:importAllArts", "dc0ba05425b270f8"]]]]],
    ["libs",
     [["import dynlibs", "00000000000006bb"],
      ["package external libraries", "00000000000006bb"],
      ["module dynlibs", "00000000000006bb"],
      ["module plugins", "00000000000006bb"]]]]],
  ["Lean 4.25.0, commit v4.25.0", "9c3a3ade3a41d5d0"],
  ["/code/reactivegas-66-s4b-audit3/lean/Reactivegas/CorpusExport.lean",
   "c9c292c23e4a877b"],
  ["options", [["-DautoImplicit=false", "4a85acb881fd49d0"]]],
  ["Module.leanArgs: #[]", "00000000000006bb"]],
 "depHash": "9bcb672acb5e5724"}