{"synthetic": false,
 "schemaVersion": "2025-09-10",
 "outputs":
 {"o": ["b7c7bb0b67c256e1.olean"],
  "i": "2d4b5744d66d72e1.ilean",
  "c": "4e5b314b70b760c0.c"},
 "log":
 [{"message":
   ".> LEAN_PATH=/code/reactivegas-66-s4b-audit3/lean/.lake/build/lib/lean /nix/store/4gr3n4nrp0xxgykyyzdxi3xjj2ikn5x1-lean4-4.25.0/bin/lean /code/reactivegas-66-s4b-audit3/lean/Reactivegas/Predicates.lean -o /code/reactivegas-66-s4b-audit3/lean/.lake/build/lib/lean/Reactivegas/Predicates.olean -i /code/reactivegas-66-s4b-audit3/lean/.lake/build/lib/lean/Reactivegas/Predicates.ilean -c /code/reactivegas-66-s4b-audit3/lean/.lake/build/ir/Reactivegas/Predicates.c --setup /code/reactivegas-66-s4b-audit3/lean/.lake/build/ir/Reactivegas/Predicates.setup.json --json",
   "level": "trace"}],
 "inputs":
 [["Reactivegas.Predicates:deps",
   [["deps",
     [["reactivegas/Reactivegas:extraDep",
       [["@reactivegas:extraDep", "00000000000006bb"]]],
      ["imports",
       [["Reactivegas.Step transitive imports (legacy)", "7627b9d4485f33da"],
        ["Reactivegas.Step:importAllArts", "fb770a6e264ad7d7"]]]]],
    ["libs",
     [["import dynlibs", "00000000000006bb"],
      ["package external libraries", "00000000000006bb"],
      ["module dynlibs", "00000000000006bb"],
      ["module plugins", "00000000000006bb"]]]]],
  ["Lean 4.25.0, commit v4.25.0", "9c3a3ade3a41d5d0"],
  ["/code/reactivegas-66-s4b-audit3/lean/Reactivegas/Predicates.lean",
   "d07a6cd8a9b25378"],
  ["options", [["-DautoImplicit=false", "4a85acb881fd49d0"]]],
  ["Module.leanArgs: #[]", "00000000000006bb"]],
 "depHash": "3300ccf3e8b13cfa"}