{"synthetic": false,
 "schemaVersion": "2025-09-10",
 "outputs":
 {"o": ["9d007a3c943424f1.olean"],
  "i": "abf21ffc00a9446c.ilean",
  "c": "d4529e9fa7368a21.c"},
 "log":
 [{"message":
   ".> LEAN_PATH=/code/reactivegas-66-s4b-audit3/lean/.lake/build/lib/lean /nix/store/4gr3n4nrp0xxgykyyzdxi3xjj2ikn5x1-lean4-4.25.0/bin/lean /code/reactivegas-66-s4b-audit3/lean/Reactivegas/CorpusGate.lean -o /code/reactivegas-66-s4b-audit3/lean/.lake/build/lib/lean/Reactivegas/CorpusGate.olean -i /code/reactivegas-66-s4b-audit3/lean/.lake/build/lib/lean/Reactivegas/CorpusGate.ilean -c /code/reactivegas-66-s4b-audit3/lean/.lake/build/ir/Reactivegas/CorpusGate.c --setup /code/reactivegas-66-s4b-audit3/lean/.lake/build/ir/Reactivegas/CorpusGate.setup.json --json",
   "level": "trace"},
  {"message": "Reactivegas/CorpusGate.lean:3:0: true", "level": "info"}],
 "inputs":
 [["Reactivegas.CorpusGate:deps",
   [["deps",
     [["reactivegas/Reactivegas:extraDep",
       [["@reactivegas:extraDep", "00000000000006bb"]]],
      ["imports",
       [["Reactivegas.Invariants transitive imports (legacy)",
         "135cecdf0029ea10"],
        ["Reactivegas.Invariants:importAllArts", "e0ce0117c223f9f4"]]]]],
    ["libs",
     [["import dynlibs", "00000000000006bb"],
      ["package external libraries", "00000000000006bb"],
      ["module dynlibs", "00000000000006bb"],
      ["module plugins", "00000000000006bb"]]]]],
  ["Lean 4.25.0, commit v4.25.0", "9c3a3ade3a41d5d0"],
  ["/code/reactivegas-66-s4b-audit3/lean/Reactivegas/CorpusGate.lean",
   "d7d931e8a98a9e3c"],
  ["options", [["-DautoImplicit=false", "4a85acb881fd49d0"]]],
  ["Module.leanArgs: #[]", "00000000000006bb"]],
 "depHash": "1030e6dc4ded0e72"}