{"synthetic": false,
 "schemaVersion": "2025-09-10",
 "outputs":
 {"o": ["5d377a355ff4b19f.olean"],
  "i": "a6c814433a83a37b.ilean",
  "c": "9978b915c1f98155.c"},
 "log":
 [{"message":
   ".> LEAN_PATH=/code/reactivegas-66-s4b-audit3/lean/.lake/build/lib/lean /nix/store/4gr3n4nrp0xxgykyyzdxi3xjj2ikn5x1-lean4-4.25.0/bin/lean /code/reactivegas-66-s4b-audit3/lean/Reactivegas/State.lean -o /code/reactivegas-66-s4b-audit3/lean/.lake/build/lib/lean/Reactivegas/State.olean -i /code/reactivegas-66-s4b-audit3/lean/.lake/build/lib/lean/Reactivegas/State.ilean -c /code/reactivegas-66-s4b-audit3/lean/.lake/build/ir/Reactivegas/State.c --setup /code/reactivegas-66-s4b-audit3/lean/.lake/build/ir/Reactivegas/State.setup.json --json",
   "level": "trace"}],
 "inputs":
 [["Reactivegas.State:deps",
   [["deps",
     [["reactivegas/Reactivegas:extraDep",
       [["@reactivegas:extraDep", "00000000000006bb"]]],
      ["imports",
       [["Reactivegas.Types transitive imports (legacy)", "babe0d343ed04a1b"],
        ["Reactivegas.Types:importAllArts", "9afa0b2437960c15"],
        ["KelGroups.Vote.State transitive imports (legacy)",
         "e2f07ea0053124de"],
        ["KelGroups.Vote.State:importAllArts", "56fb2e7d6a2c6b2c"]]]]],
    ["libs",
     [["import dynlibs", "00000000000006bb"],
      ["package external libraries", "00000000000006bb"],
      ["module dynlibs", "00000000000006bb"],
      ["module plugins", "00000000000006bb"]]]]],
  ["Lean 4.25.0, commit v4.25.0", "9c3a3ade3a41d5d0"],
  ["/code/reactivegas-66-s4b-audit3/lean/Reactivegas/State.lean",
   "ff74706425b15957"],
  ["options", [["-DautoImplicit=false", "4a85acb881fd49d0"]]],
  ["Module.leanArgs: #[]", "00000000000006bb"]],
 "depHash": "2feff410dc413d73"}