{"synthetic": false,
 "schemaVersion": "2025-09-10",
 "outputs":
 {"o": ["9a809143ac273fd1.olean"],
  "i": "39c50f5b57ac459c.ilean",
  "c": "5719c47df386aa58.c"},
 "log":
 [{"message":
   ".> LEAN_PATH=/code/reactivegas-66-s4/lean/.lake/build/lib/lean /nix/store/4gr3n4nrp0xxgykyyzdxi3xjj2ikn5x1-lean4-4.25.0/bin/lean /code/reactivegas-66-s4/lean/KelGroups/Event.lean -o /code/reactivegas-66-s4/lean/.lake/build/lib/lean/KelGroups/Event.olean -i /code/reactivegas-66-s4/lean/.lake/build/lib/lean/KelGroups/Event.ilean -c /code/reactivegas-66-s4/lean/.lake/build/ir/KelGroups/Event.c --setup /code/reactivegas-66-s4/lean/.lake/build/ir/KelGroups/Event.setup.json --json",
   "level": "trace"}],
 "inputs":
 [["KelGroups.Event:deps",
   [["deps",
     [["reactivegas/KelGroups:extraDep",
       [["@reactivegas:extraDep", "00000000000006bb"]]],
      ["imports",
       [["KelGroups.Types transitive imports (legacy)", "00000000000006bb"],
        ["KelGroups.Types:importAllArts", "ed9bff95b47168d7"]]]]],
    ["libs",
     [["import dynlibs", "00000000000006bb"],
      ["package external libraries", "00000000000006bb"],
      ["module dynlibs", "00000000000006bb"],
      ["module plugins", "00000000000006bb"]]]]],
  ["Lean 4.25.0, commit v4.25.0", "9c3a3ade3a41d5d0"],
  ["/code/reactivegas-66-s4/lean/KelGroups/Event.lean", "49142bae65a39e68"],
  ["options", [["-DautoImplicit=false", "4a85acb881fd49d0"]]],
  ["Module.leanArgs: #[]", "00000000000006bb"]],
 "depHash": "6f72531aa5962d2c"}