warning: Git tree '/code/reactivegas-66-s2r' is dirty
lean dependency direction: OK (control imports=16)
check-reactivegas-inversion-coverage: sources tracked=26 walked=26
inversion-sources root=/code/reactivegas-66-s2r/ modules=26
inversion-coverage constructors=14 covered=14 missing=0 phantom=0
axioms Reactivegas.step_open_inv = [propext]
bound Reactivegas.step_open_inv = Event.openPurchase
tight Reactivegas.step_open_inv = ok
axioms Reactivegas.step_deposit_inv = [propext]
bound Reactivegas.step_deposit_inv = Event.deposit
tight Reactivegas.step_deposit_inv = ok
axioms Reactivegas.step_withdraw_inv = [propext]
bound Reactivegas.step_withdraw_inv = Event.withdraw
tight Reactivegas.step_withdraw_inv = ok
axioms Reactivegas.step_transferCassa_inv = [propext]
bound Reactivegas.step_transferCassa_inv = Event.transferCassa
tight Reactivegas.step_transferCassa_inv = ok
axioms Reactivegas.step_donate_inv = [propext]
bound Reactivegas.step_donate_inv = Event.donate
tight Reactivegas.step_donate_inv = ok
axioms Reactivegas.step_backdonate_inv = [propext]
bound Reactivegas.step_backdonate_inv = Event.backdonate
tight Reactivegas.step_backdonate_inv = ok
lean-theorems declared=163 elaborated-backed=163
inversion-audit: ok
check-reactivegas-inversion-coverage: sources tracked=26 walked=26
inversion-sources root=/code/reactivegas-66-s2r/ modules=26
inversion-coverage constructors=14 covered=13 missing=1 phantom=0
missing: backdonate
negative-control: withheld=backdonate source=Reactivegas.step_backdonate_inv detected=yes
inversion-audit: ok
check-lean-axioms: sources tracked=26 walked=26
/tmp/nix-shell.kW7E5D/tmp.Yf6dSdMNWl/AxiomGate.lean:134:37: error: Invalid field `toString`: The environment does not contain `Prod.toString`
  a
has type
  Name × Name
/tmp/nix-shell.kW7E5D/tmp.Yf6dSdMNWl/AxiomGate.lean:134:50: error: Invalid field `toString`: The environment does not contain `Prod.toString`
  b
has type
  Name × Name
/tmp/nix-shell.kW7E5D/tmp.Yf6dSdMNWl/AxiomGate.lean:175:0: error: aborting evaluation since the expression depends on the 'sorry' axiom, which can lead to runtime instability and crashes.

To attempt to evaluate anyway despite the risks, use the '#eval!' command.
error: Recipe `lean` failed with exit code 1
