warning: Git tree '/code/kelgroups-audit-3af3d06' is dirty
Resolving dependencies...
Build profile: -w ghc-9.8.4 -O0
In order, the following will be built (use -v for more details):
 - keri-hs-0.1.0.0 (lib) (configuration changed)
 - keri-hs-0.1.0.0 (test:unit-tests) (configuration changed)
 - keri-hs-0.1.0.0 (exe:keri-demo) (configuration changed)
 - keri-hs-0.1.0.0 (exe:keri-cli) (configuration changed)
 - kelgroups-0.1.0.0 (lib) (configuration changed)
 - kelgroups-0.1.0.0 (exe:kelgroups-server) (configuration changed)
 - kelgroups-0.1.0.0 (test:invariants) (configuration changed)
Configuring library for keri-hs-0.1.0.0...
Preprocessing library for keri-hs-0.1.0.0...
Building library for keri-hs-0.1.0.0...
Configuring test suite 'unit-tests' for keri-hs-0.1.0.0...
Configuring executable 'keri-demo' for keri-hs-0.1.0.0...
Configuring executable 'keri-cli' for keri-hs-0.1.0.0...
Configuring library for kelgroups-0.1.0.0...
Preprocessing library for kelgroups-0.1.0.0...
Building library for kelgroups-0.1.0.0...
Preprocessing test suite 'unit-tests' for keri-hs-0.1.0.0...
Building test suite 'unit-tests' for keri-hs-0.1.0.0...
Preprocessing executable 'keri-cli' for keri-hs-0.1.0.0...
Building executable 'keri-cli' for keri-hs-0.1.0.0...
Preprocessing executable 'keri-demo' for keri-hs-0.1.0.0...
Building executable 'keri-demo' for keri-hs-0.1.0.0...
Configuring executable 'kelgroups-server' for kelgroups-0.1.0.0...
Configuring test suite 'invariants' for kelgroups-0.1.0.0...
Preprocessing executable 'kelgroups-server' for kelgroups-0.1.0.0...
Building executable 'kelgroups-server' for kelgroups-0.1.0.0...
Preprocessing test suite 'invariants' for kelgroups-0.1.0.0...
Building test suite 'invariants' for kelgroups-0.1.0.0...
[ 5 of 16] Compiling S28DemoApp       ( test/S28DemoApp.hs, dist-newstyle/build/x86_64-linux/ghc-9.8.4/kelgroups-0.1.0.0/t/invariants/noopt/build/invariants/invariants-tmp/S28DemoApp.o ) [Source file changed]

test/S28DemoApp.hs:190:120: error: [GHC-83865]
    • Couldn't match type ‘DemoState’ with ‘DemoProposal’
      Expected: IntegratedEvent DemoProposal DemoEvent
        Actual: IntegratedEvent DemoState DemoState
    • In the fourth argument of ‘applyIntegratedEvent’, namely ‘event’
      In the expression:
        applyIntegratedEvent
          integration (emptyState (DemoState 0 [])) signer event
      In an equation for ‘_m1_boundarySeparates’:
          _m1_boundarySeparates integration event signer
            = applyIntegratedEvent
                integration (emptyState (DemoState 0 [])) signer event
    |
190 | _m1_boundarySeparates integration event signer = applyIntegratedEvent integration (emptyState (DemoState 0 [])) signer event
    |                                                                                                                        ^^^^^
Error: [Cabal-7125]
Failed to build test:invariants from kelgroups-0.1.0.0.

