R5-NC skipped-enactment-detected=True
R5 prestate 0=True
R5 integrated validation 0=True
R5 success 0=True
R5 poststate 0=True
R5 independent-prefix replay 0=True
R5 prestate 1=True
R5 integrated validation 1=True
R5 success 1=True
R5 poststate 1=True
R5 independent-prefix replay 1=True
R5 prestate 2=True
R5 integrated validation 2=True
R5 refusal 2=True
R5 poststate 2=True
R5 independent-prefix replay 2=True
R5 prestate 3=True
R5 integrated validation 3=True
R5 success 3=True
R5 poststate 3=True
R5 independent-prefix replay 3=True
R5 prestate 4=True
R5 integrated validation 4=True
R5 success 4=True
R5 poststate 4=True
R5 independent-prefix replay 4=True
R5 exact persisted accepted events=True
R5 full persisted replay=True
R5 exact length=True
R5 real reopen=True
