Loaded package environment from /code/kelgroups-audit-3af3d06/dist-newstyle/tmp/environment.-2758760/.ghc.environment.x86_64-linux-9.8.4
[1 of 2] Compiling S28DemoApp       ( test/S28DemoApp.hs, nothing )
[2 of 2] Compiling TypeNegative     ( /tmp/reactivegas/ms2/e-kelgroups-substrate/t28-app-api/commit-auditor-s28r1b/handoffs/TypeNegative.hs, nothing )

/tmp/reactivegas/ms2/e-kelgroups-substrate/t28-app-api/commit-auditor-s28r1b/handoffs/TypeNegative.hs:11:13: error: [GHC-83865]
    • Couldn't match expected type ‘DemoEvent’
                  with actual type ‘DemoState’
    • In the first argument of ‘E.IEApp’, namely ‘(DemoState 0 [])’
      In the fourth argument of ‘F.applyIntegratedEvent’, namely
        ‘(E.IEApp (DemoState 0 []))’
      In the expression:
        F.applyIntegratedEvent
          demoIntegration foundingDemo "admin-key-1"
          (E.IEApp (DemoState 0 []))
   |
11 |   (E.IEApp (DemoState 0 []))
   |             ^^^^^^^^^^^^^^

/tmp/reactivegas/ms2/e-kelgroups-substrate/t28-app-api/commit-auditor-s28r1b/handoffs/TypeNegative.hs:15:26: error: [GHC-83865]
    • Couldn't match expected type ‘DemoState’
                  with actual type ‘DemoEvent’
    • In the first argument of ‘E.App’, namely ‘(DemoAdd 1)’
      In the expression: E.App (DemoAdd 1)
      In the third argument of ‘F.applyEvent’, namely
        ‘("admin-key-1", E.App (DemoAdd 1))’
   |
15 |   ("admin-key-1", E.App (DemoAdd 1))
   |                          ^^^^^^^^^
