{"synthetic": false,
 "schemaVersion": "2025-09-10",
 "outputs":
 {"o": ["b579e283761ee691.olean"],
  "i": "05b777daacc934e2.ilean",
  "c": "08cd1d26c19082b0.c"},
 "log":
 [{"message":
   ".> LEAN_PATH=/code/reactivegas-66-s4b-audit3/lean/.lake/build/lib/lean /nix/store/4gr3n4nrp0xxgykyyzdxi3xjj2ikn5x1-lean4-4.25.0/bin/lean /code/reactivegas-66-s4b-audit3/lean/Reactivegas.lean -o /code/reactivegas-66-s4b-audit3/lean/.lake/build/lib/lean/Reactivegas.olean -i /code/reactivegas-66-s4b-audit3/lean/.lake/build/lib/lean/Reactivegas.ilean -c /code/reactivegas-66-s4b-audit3/lean/.lake/build/ir/Reactivegas.c --setup /code/reactivegas-66-s4b-audit3/lean/.lake/build/ir/Reactivegas.setup.json --json",
   "level": "trace"}],
 "inputs":
 [["Reactivegas:deps",
   [["deps",
     [["reactivegas/Reactivegas:extraDep",
       [["@reactivegas:extraDep", "00000000000006bb"]]],
      ["imports",
       [["Reactivegas.Types transitive imports (legacy)", "babe0d343ed04a1b"],
        ["Reactivegas.Types:importAllArts", "9afa0b2437960c15"],
        ["Reactivegas.State transitive imports (legacy)", "0c2050dabd39fcb2"],
        ["Reactivegas.State:importAllArts", "96711d2078efa094"],
        ["Reactivegas.Step transitive imports (legacy)", "7627b9d4485f33da"],
        ["Reactivegas.Step:importAllArts", "fb770a6e264ad7d7"],
        ["Reactivegas.Predicates transitive imports (legacy)",
         "7836f6de0d05adaa"],
        ["Reactivegas.Predicates:importAllArts", "0e56b64caac5e804"],
        ["Reactivegas.Invariants transitive imports (legacy)",
         "135cecdf0029ea10"],
        ["Reactivegas.Invariants:importAllArts", "e0ce0117c223f9f4"],
        ["Reactivegas.Trace transitive imports (legacy)", "f771c16d84ee8b12"],
        ["Reactivegas.Trace:importAllArts", "dc0ba05425b270f8"],
        ["Reactivegas.Composition transitive imports (legacy)",
         "a2cd73bff8f22733"],
        ["Reactivegas.Composition:importAllArts", "21c767f32e7cdbd4"]]]]],
    ["libs",
     [["import dynlibs", "00000000000006bb"],
      ["package external libraries", "00000000000006bb"],
      ["module dynlibs", "00000000000006bb"],
      ["module plugins", "00000000000006bb"]]]]],
  ["Lean 4.25.0, commit v4.25.0", "9c3a3ade3a41d5d0"],
  ["/code/reactivegas-66-s4b-audit3/lean/Reactivegas.lean", "f24988bd8113a40a"],
  ["options", [["-DautoImplicit=false", "4a85acb881fd49d0"]]],
  ["Module.leanArgs: #[]", "00000000000006bb"]],
 "depHash": "9ebfac3da3643da0"}