{"synthetic": false,
 "schemaVersion": "2025-09-10",
 "outputs":
 {"o": ["17b0c61f35b5f71e.olean"],
  "i": "15fd1f584efdd65d.ilean",
  "c": "538c7ca0c5f62f96.c"},
 "log":
 [{"message":
   ".> LEAN_PATH=/code/reactivegas-66-s4/lean/.lake/build/lib/lean /nix/store/4gr3n4nrp0xxgykyyzdxi3xjj2ikn5x1-lean4-4.25.0/bin/lean /code/reactivegas-66-s4/lean/KelGroups.lean -o /code/reactivegas-66-s4/lean/.lake/build/lib/lean/KelGroups.olean -i /code/reactivegas-66-s4/lean/.lake/build/lib/lean/KelGroups.ilean -c /code/reactivegas-66-s4/lean/.lake/build/ir/KelGroups.c --setup /code/reactivegas-66-s4/lean/.lake/build/ir/KelGroups.setup.json --json",
   "level": "trace"}],
 "inputs":
 [["KelGroups:deps",
   [["deps",
     [["reactivegas/KelGroups:extraDep",
       [["@reactivegas:extraDep", "00000000000006bb"]]],
      ["imports",
       [["KelGroups.Types transitive imports (legacy)", "00000000000006bb"],
        ["KelGroups.Types:importAllArts", "ed9bff95b47168d7"],
        ["KelGroups.Event transitive imports (legacy)", "c8e8ca171eb31d66"],
        ["KelGroups.Event:importAllArts", "2a3dcc80380d8dcc"],
        ["KelGroups.State transitive imports (legacy)", "dc43dd6ac27232bd"],
        ["KelGroups.State:importAllArts", "1dbaa0e0f758e8a6"],
        ["KelGroups.Fold transitive imports (legacy)", "e3ce4634d04bdc8e"],
        ["KelGroups.Fold:importAllArts", "507e115cf4d27348"],
        ["KelGroups.Validate transitive imports (legacy)", "e3ce4634d04bdc8e"],
        ["KelGroups.Validate:importAllArts", "a437e67109c03932"],
        ["KelGroups.Integration transitive imports (legacy)",
         "af32b9029c73c41e"],
        ["KelGroups.Integration:importAllArts", "482bfb067cc04eb8"],
        ["KelGroups.Invariants transitive imports (legacy)",
         "44f9ea656e170397"],
        ["KelGroups.Invariants:importAllArts", "3834d9d40328e0b3"],
        ["KelGroups.Tests transitive imports (legacy)", "0b524c3f1d51a631"],
        ["KelGroups.Tests:importAllArts", "47e8ad85bf4160d2"],
        ["KelGroups.Vote.Types transitive imports (legacy)",
         "c8e8ca171eb31d66"],
        ["KelGroups.Vote.Types:importAllArts", "7b0c6abe2ab71b09"],
        ["KelGroups.Vote.State transitive imports (legacy)",
         "e2f07ea0053124de"],
        ["KelGroups.Vote.State:importAllArts", "56fb2e7d6a2c6b2c"],
        ["KelGroups.Vote.Event transitive imports (legacy)",
         "e2f07ea0053124de"],
        ["KelGroups.Vote.Event:importAllArts", "a86dfbce5adbb60b"],
        ["KelGroups.Vote.Validate transitive imports (legacy)",
         "86c93d4412eeef8f"],
        ["KelGroups.Vote.Validate:importAllArts", "92469e3ce5d085e8"],
        ["KelGroups.Vote.Fold transitive imports (legacy)", "65f6f97a7d3de474"],
        ["KelGroups.Vote.Fold:importAllArts", "6fb8b1f3e6894c51"],
        ["KelGroups.Vote.Invariants transitive imports (legacy)",
         "798db20eb6368797"],
        ["KelGroups.Vote.Invariants:importAllArts", "aa2442d6d9a32301"],
        ["KelGroups.Vote.Tests transitive imports (legacy)",
         "62f1c24feb54cfa6"],
        ["KelGroups.Vote.Tests:importAllArts", "a428f1cef43727db"]]]]],
    ["libs",
     [["import dynlibs", "00000000000006bb"],
      ["package external libraries", "00000000000006bb"],
      ["module dynlibs", "00000000000006bb"],
      ["module plugins", "00000000000006bb"]]]]],
  ["Lean 4.25.0, commit v4.25.0", "9c3a3ade3a41d5d0"],
  ["/code/reactivegas-66-s4/lean/KelGroups.lean", "53ce18bb67e9810e"],
  ["options", [["-DautoImplicit=false", "4a85acb881fd49d0"]]],
  ["Module.leanArgs: #[]", "00000000000006bb"]],
 "depHash": "47fad353d8e9ee2b"}