handoffs/AUDIT-REPORT.md: OK
handoffs/CAMPAIGN-LEDGER.md: OK
handoffs/COMMAND-FIT.md: OK
handoffs/COMMANDS.json: OK
handoffs/ONWARD-DISCOVERIES.md: OK
handoffs/evidence/admitted-manifest-check.log: OK
handoffs/evidence/artifact-verification.json: OK
handoffs/evidence/brief-current-snapshot.md: OK
handoffs/evidence/carried-limitations-inspection.log: OK
handoffs/evidence/live-identity.log: OK
handoffs/evidence/preflight.log: OK
instruments/bind-command-gap.mjs: OK
instruments/historical-operators-input.json: OK
mutants/M01.lean: OK
mutants/M02.lean: OK
mutants/M03.lean: OK
mutants/M04.lean: OK
mutants/M05.lean: OK
mutants/M06.lean: OK
mutants/M07.lean: OK
mutants/M08.lean: OK
mutants/M09.lean: OK
mutants/M10.lean: OK
mutants/M11.lean: OK
mutants/M12.lean: OK
mutants/M13.lean: OK
mutants/M14.lean: OK
mutants/M15.lean: OK
mutants/M16.lean: OK
mutants/M17.lean: OK
mutants/M18.lean: OK
mutants/M19.lean: OK
mutants/M20.lean: OK
mutants/M21.lean: OK
mutants/M22.lean: OK
mutants/M23.lean: OK
mutants/M24.lean: OK
mutants/M25.lean: OK
mutants/M26.lean: OK
mutants/M27.lean: OK
mutants/M28.lean: OK
mutants/M29.lean: OK
mutants/M30.lean: OK
mutants/M31.lean: OK
mutants/M32.lean: OK
mutants/M33.lean: OK
mutants/M34.lean: OK
mutants/M35.lean: OK
mutants/M36.lean: OK
mutants/M37.lean: OK
mutants/M38.lean: OK
mutants/M39.lean: OK
mutants/M40.lean: OK
mutants/M41.lean: OK
mutants/M42.lean: OK
mutants/M43.lean: OK
mutants/M44.lean: OK
questions/Q-001-command-fit-blocker.md: OK
