fourmolu -i lib/**/*.hs test/*.hs app/*.hs
Loaded config from: /code/kelgroups-issue-28/fourmolu.yaml
cabal-fmt -i kelgroups.cabal
hlint lib/
No hints
cabal build all -O0
Build profile: -w ghc-9.8.4 -O0
In order, the following will be built (use -v for more details):
 - kelgroups-0.1.0.0 (lib) (file lib/KelGroups/Store.hs changed)
 - kelgroups-0.1.0.0 (exe:kelgroups-server) (configuration changed)
Preprocessing library for kelgroups-0.1.0.0...
Building library for kelgroups-0.1.0.0...
[10 of 11] Compiling KelGroups.Store  ( lib/KelGroups/Store.hs, dist-newstyle/build/x86_64-linux/ghc-9.8.4/kelgroups-0.1.0.0/noopt/build/KelGroups/Store.o, dist-newstyle/build/x86_64-linux/ghc-9.8.4/kelgroups-0.1.0.0/noopt/build/KelGroups/Store.dyn_o ) [Source file changed]
[11 of 11] Compiling KelGroups.Server ( lib/KelGroups/Server.hs, dist-newstyle/build/x86_64-linux/ghc-9.8.4/kelgroups-0.1.0.0/noopt/build/KelGroups/Server.o, dist-newstyle/build/x86_64-linux/ghc-9.8.4/kelgroups-0.1.0.0/noopt/build/KelGroups/Server.dyn_o ) [KelGroups.Store changed]
Configuring executable 'kelgroups-server' for kelgroups-0.1.0.0...
Preprocessing executable 'kelgroups-server' for kelgroups-0.1.0.0...
Building executable 'kelgroups-server' for kelgroups-0.1.0.0...
[2 of 2] Linking dist-newstyle/build/x86_64-linux/ghc-9.8.4/kelgroups-0.1.0.0/x/kelgroups-server/noopt/build/kelgroups-server/kelgroups-server [Library changed]
cabal test all -O0 --test-show-details=direct
Build profile: -w ghc-9.8.4 -O0
In order, the following will be built (use -v for more details):
 - kelgroups-0.1.0.0 (test:invariants) (file /code/kelgroups-issue-28/dist-newstyle/build/x86_64-linux/ghc-9.8.4/kelgroups-0.1.0.0/noopt/cache/build changed)
 - keri-hs-0.1.0.0 (test:unit-tests) (first run)
Preprocessing test suite 'invariants' for kelgroups-0.1.0.0...
Building test suite 'invariants' for kelgroups-0.1.0.0...
Preprocessing test suite 'unit-tests' for keri-hs-0.1.0.0...
Building test suite 'unit-tests' for keri-hs-0.1.0.0...
[ 4 of 16] Compiling JwkSpec          ( test/JwkSpec.hs, dist-newstyle/build/x86_64-linux/ghc-9.8.4/kelgroups-0.1.0.0/t/invariants/noopt/build/invariants/invariants-tmp/JwkSpec.o ) [KelGroups.Store changed]
[ 6 of 16] Compiling S28AppApiSpec    ( test/S28AppApiSpec.hs, dist-newstyle/build/x86_64-linux/ghc-9.8.4/kelgroups-0.1.0.0/t/invariants/noopt/build/invariants/invariants-tmp/S28AppApiSpec.o ) [KelGroups.Store changed]
Running 1 test suites...
Test suite unit-tests: RUNNING...

Keri.Cesr
  CESR roundtrip
    roundtrips arbitrary 32-byte Ed25519 keys [✔]
      +++ OK, passed 100 tests.
    roundtrips arbitrary 32-byte digests [✔]
      +++ OK, passed 100 tests.
[ 7 of 16] Compiling ServerSpec       ( test/ServerSpec.hs, dist-newstyle/build/x86_64-linux/ghc-9.8.4/kelgroups-0.1.0.0/t/invariants/noopt/build/invariants/invariants-tmp/ServerSpec.o ) [KelGroups.Store changed]
    roundtrips arbitrary 64-byte signatures [✔]
      +++ OK, passed 100 tests.
  mkPrimitive
    rejects wrong size [✔]
    accepts correct size [✔]
Keri.Cesr.Decode
  decode
    roundtrips Ed25519PubKey [✔]
    roundtrips Ed25519Sig [✔]
    roundtrips Blake2bDigest [✔]
    decodes keripy test vector [✔]
    rejects too-short input [✔]
    rejects unknown codes [✔]
  cesr-test-vectors
    decodes code D [✔]
    decodes code F [✔]
    decodes code 0B [✔]
Keri.Cesr.DerivationCode
  codeText
    Ed25519PubKey is D [✔]
    Blake2bDigest is F [✔]
    Ed25519Sig is 0B [✔]
  rawSize
    Ed25519PubKey is 32 bytes [✔]
    Blake2bDigest is 32 bytes [✔]
    Ed25519Sig is 64 bytes [✔]
  codeLength
    Ed25519PubKey is 1 char [✔]
    Blake2bDigest is 1 char [✔]
    Ed25519Sig is 2 chars [✔]
  totalLength
    Ed25519PubKey is 44 chars [✔]
    Blake2bDigest is 44 chars [✔]
    Ed25519Sig is 88 chars [✔]
  identifyCode
    identifies D as Ed25519PubKey [✔]
    identifies F as Blake2bDigest [✔]
    identifies 0B as Ed25519Sig [✔]
    rejects unknown codes [✔]
Keri.Cesr.Encode
  encode
    encodes a 32-byte key to 44 chars [✔]
    starts with code prefix D [✔]
    encodes a 64-byte sig to 88 chars [✔]
    starts with code prefix 0B [✔]
    encodes a digest with code F [✔]
    matches keripy test vector for Ed25519 [✔]
  cesr-test-vectors
    code D (Ed25519 transferable) [✔]
    code F (Blake2b-256 digest) [✔]
    code 0B (Ed25519 signature) [✔]
Keri.Crypto.Blake3
  hash
    produces 32 bytes [✔]
    is deterministic [✔]
    differs for different inputs [✔]
    hash size is 32 [✔]
Keri.Crypto.Digest
  saidPlaceholder
    is 44 characters [✔]
    is all # characters [✔]
  computeSaid
    returns 44-char CESR text [✔]
    starts with F (digest code) [✔]
    is deterministic [✔]
    differs for different inputs [✔]
Keri.Crypto.Ed25519
  generateKeyPair
    generates a key pair [✔]
    generates distinct key pairs [✔]
  sign and verify
    verifies a valid signature [✔]
    rejects wrong message [✔]
    rejects wrong key [✔]
  publicKeyFromBytes
    roundtrips [✔]
    rejects wrong size [✔]
Keri.Event.Inception
  mkInception
    creates an inception event [✔]
    sets prefix equal to digest [✔]
    sets sequence number to 0 [✔]
    SAID is not placeholder [✔]
    SAID starts with F (digest code) [✔]
    version has correct size [✔]
Keri.Event.Interaction
  mkInteraction
    creates an interaction event [✔]
    preserves prefix [✔]
    SAID starts with F [✔]
Keri.Event.Rotation
  mkRotation
    creates a rotation event [✔]
    preserves prefix [✔]
    SAID differs from prefix [✔]
    SAID starts with F [✔]
Keri.Event.Serialize
  serializeEvent
    produces valid JSON for inception [✔]
    has deterministic field order [✔]
    serializes interaction [✔]
    serializes receipt [✔]
Keri.Kel
  append
    appends inception to empty KEL [✔]
    rejects non-inception as first event [✔]
  replay
    replays single inception [✔]
    replays inception + interaction [✔]
    rejects empty KEL [✔]
Keri.KeyState
  initialState
    sets prefix from inception [✔]
    sets sequence number to 0 [✔]
  applyEvent
    rejects inception on existing state [✔]
    applies rotation with valid pre-rotation [✔]
    rejects wrong sequence number [✔]
    rejects wrong prefix [✔]
    receipt does not change state [✔]
    rotation with empty pre-rotation [✔]
  verifySignatures
    threshold zero is always met [✔]
Keri.KeyState.PreRotation
  commitKey
    produces a digest commitment [✔]
    is deterministic [✔]
  verifyCommitment
    verifies matching key and commitment [✔]
    rejects wrong key [✔]

Finished in 0.0418 seconds
91 examples, 0 failures
Test suite unit-tests: PASS
Test suite logged to:
/code/kelgroups-issue-28/dist-newstyle/build/x86_64-linux/ghc-9.8.4/keri-hs-0.1.0.0/t/unit-tests/noopt/test/keri-hs-0.1.0.0-unit-tests.log
1 of 1 test suites (1 of 1 test cases) passed.
[ 8 of 16] Compiling StoreSpec        ( test/StoreSpec.hs, dist-newstyle/build/x86_64-linux/ghc-9.8.4/kelgroups-0.1.0.0/t/invariants/noopt/build/invariants/invariants-tmp/StoreSpec.o ) [KelGroups.Store changed]
[ 9 of 16] Compiling StoreTestDSL     ( test/StoreTestDSL.hs, dist-newstyle/build/x86_64-linux/ghc-9.8.4/kelgroups-0.1.0.0/t/invariants/noopt/build/invariants/invariants-tmp/StoreTestDSL.o ) [KelGroups.Store changed]
[10 of 16] Compiling StoreInvariantsSpec ( test/StoreInvariantsSpec.hs, dist-newstyle/build/x86_64-linux/ghc-9.8.4/kelgroups-0.1.0.0/t/invariants/noopt/build/invariants/invariants-tmp/StoreInvariantsSpec.o ) [KelGroups.Store changed]
[11 of 16] Compiling TestHelpers      ( test/TestHelpers.hs, dist-newstyle/build/x86_64-linux/ghc-9.8.4/kelgroups-0.1.0.0/t/invariants/noopt/build/invariants/invariants-tmp/TestHelpers.o ) [KelGroups.Store changed]
[17 of 17] Linking dist-newstyle/build/x86_64-linux/ghc-9.8.4/kelgroups-0.1.0.0/t/invariants/noopt/build/invariants/invariants [Objects changed]
Running 1 test suites...
Test suite invariants: RUNNING...

Invariant 1: bootstrap ↔ zero admins
  bootstrap mode implies zero admins [✔]
    +++ OK, passed 100 tests.
  normal mode implies positive admins [✔]
    +++ OK, passed 100 tests.
Invariant 2: empty state
  empty state is in bootstrap mode [✔]
Invariant 3: majority properties
  majority of 0 admins is 0 [✔]
  majority of 1 admin is 1 [✔]
  majority of 2 admins is 1 [✔]
  majority of 3 admins is 2 [✔]
  majority n ≤ n [✔]
    +++ OK, passed 100 tests.
  majority of positive admin count is positive [✔]
    +++ OK, passed 100 tests.
Invariant 4: remove all → bootstrap
  removing all members triggers bootstrap [✔]
Invariant 5: admin member → normal
  state with at least one admin is in normal mode [✔]
    +++ OK, passed 100 tests.
Tier 1: enact_introduce_admin_exits_bootstrap
  introducing admin makes adminCount > 0 [✔]
    +++ OK, passed 100 tests.
Tier 1: enact_introduce_admin_count
  introducing admin increases adminCount by 1 [✔]
    +++ OK, passed 100 tests.
Tier 1: enact_introduce_nonadmin_count
  introducing non-admin preserves adminCount [✔]
    +++ OK, passed 100 tests.
Tier 1: enact_preserves_pendingProposals
  enact only touches members [✔]
    +++ OK, passed 100 tests.
Tier 1: foldGroup_nil
  folding empty list yields emptyState [✔]
Tier 2: bootstrap_proposal_immediately_enacted
  bootstrap proposal has no pending after apply [✔]
    +++ OK, passed 100 tests.
Tier 2: single_admin_proposal_enacted
  single admin proposal is enacted immediately [✔]
    +++ OK, passed 100 tests.
Tier 3: enact_remove_preserves_normal
  adminCount >= 2 and remove keeps adminCount >= 1 [✔]
    +++ OK, passed 100 tests.
App/base separation
  app event preserves members [✔]
    +++ OK, passed 100 tests.
  app event preserves pendingProposals [✔]
    +++ OK, passed 100 tests.
Approve identity
  approve nonexistent is identity [✔]
    +++ OK, passed 100 tests.
Enact member count effects
  changeRoles preserves member count [✔]
    +++ OK, passed 100 tests.
  introduce increases member count [✔]
    +++ OK, passed 100 tests.
Bootstrap validation
  bootstrap accepts admin intro [✔]
    +++ OK, passed 100 tests.
  bootstrap rejects non-admin intro [✔]
    +++ OK, passed 100 tests.
  bootstrap rejects remove [✔]
    +++ OK, passed 100 tests.
  bootstrap rejects changeRoles [✔]
    +++ OK, passed 100 tests.
Normal mode: auth
  non-member proposal rejected [✔]
    +++ OK, passed 100 tests.
  non-admin proposal rejected [✔]
    +++ OK, passed 100 tests.
  non-member app event rejected [✔]
    +++ OK, passed 100 tests.
  member app event accepted [✔]
    +++ OK, passed 100 tests.
Normal mode: proposal constraints
  introduce existing rejected [✔]
    +++ OK, passed 100 tests.
  remove nonmember rejected [✔]
    +++ OK, passed 100 tests.
  valid admin proposal accepted [✔]
    +++ OK, passed 100 tests.
Normal mode: approval constraints
  approve missing rejected [✔]
    +++ OK, passed 100 tests.
  double approve rejected [✔]
    +++ OK, passed 100 tests.
  valid approval accepted [✔]
    +++ OK, passed 100 tests.
KelGroups.Jwk
  RFC 8037 appendix vectors
    imports the A.1 Ed25519 private key [✔]
    reproduces the A.4 signature [✔]
  round trip
    preserves generated key pairs [✔]
      +++ OK, passed 100 tests.
    signatures verify across export/import [✔]
      +++ OK, passed 100 tests.
  JSON shape
    emits exactly kty/crv/x/d [✔]
    never shows key material via Show [✔]
  malformed input rejection
    rejects wrong kty [✔]
    rejects unsupported curve [✔]
    rejects bad base64url characters [✔]
    rejects padded base64url [✔]
    rejects truncated d [✔]
    rejects short x [✔]
    rejects empty members [✔]
    rejects non-canonical padding bits [✔]
    rejects mismatched public/private key [✔]
  store integration
    imports into a fresh store and reloads [✔]
    refuses to replace an existing identity [✔]
KelGroups.Store (SQLite)
  empty KEL
    opening empty DB gives emptyState [✔]
  roundtrip
    signers match after append+read [✔]
      +++ OK, passed 100 tests.
  fold consistency
    incremental TVar matches reopened replay [✔]
      +++ OK, passed 100 tests.
  readEventsFrom
    returns tail from index N [✔]
    returns empty for index beyond length [✔]
  kelLength
    length matches number of appends + 1 [✔]
      +++ OK, passed 100 tests.
Store-through invariants (Lean mirrors)
  bootstrap_iff_zero_admins [✔]
    +++ OK, passed 100 tests.
  normal_iff_positive_admins [✔]
    +++ OK, passed 100 tests.
  empty_is_bootstrap [✔]
  majority_le [✔]
    +++ OK, passed 100 tests.
  majority_pos [✔]
    +++ OK, passed 100 tests.
  admin_member_means_normal [✔]
    +++ OK, passed 100 tests.
  enact_introduce_admin_exits_bootstrap [✔]
    +++ OK, passed 100 tests.
  enact_introduce_admin_count [✔]
    +++ OK, passed 100 tests.
  enact_introduce_nonadmin_count [✔]
    +++ OK, passed 100 tests.
  enact_preserves_pendingProposals [✔]
    +++ OK, passed 100 tests.
  enact_remove_preserves_normal [✔]
    +++ OK, passed 100 tests.
  bootstrap_proposal_immediately_enacted [✔]
    +++ OK, passed 100 tests.
  single_admin_proposal_enacted [✔]
    +++ OK, passed 100 tests.
KelGroups.Server (HTTP)
  GET /condition
    empty KEL: non-member gets 403 [✔]
    empty KEL: missing key gets 401 [✔]
  POST /events
    bootstrap with correct passphrase succeeds [✔]
    wrong passphrase returns 401 [✔]
    missing passphrase in bootstrap returns 401 [✔]
  GET /events
    after submit returns event [✔]
    non-member gets 403 [✔]
  POST + GET roundtrip
    submitted event matches retrieved [✔]
  GET /condition reflects changes
    after bootstrap, mode is normal [✔]
  validation errors
    invalid event in normal mode returns 422 [✔]
  unknown route
    returns 404 [✔]
  GET /info
    returns public admin emails [✔]
  SSE /stream
    receives notification after POST [✔]
E2E scenarios
  Group bootstrap and single-admin lifecycle
thread blocked indefinitely in an STM transaction
    bootstrap → add member → verify state [✔]
  Multi-admin approval flow
    3 admins, proposal requires 2 approvals [✔]
    duplicate approval is rejected [✔]
  Member removal
    admin removes a member via proposal [✔]
    removing last admin returns to bootstrap [✔]
  Role changes
    promote member to admin [✔]
    demote admin to regular member [✔]
  KEL replay via GET /events
    reads back all events in order [✔]
  Authorization edge cases
    non-member cannot propose [✔]
    non-admin member cannot propose [✔]
    bootstrap rejects missing passphrase [✔]
    duplicate member introduction is rejected [✔]
  Re-bootstrap after total admin removal
    new admin can bootstrap after wipe [✔]
  SSE receives all events in sequence
    2 POSTs yield 2 SSE notifications [✔]
Multi-client scenarios
  Two clients: admin bootstraps, outsider joins
    Bob sees empty group, Alice bootstraps, Bob joins [✔]
  Three clients: multi-admin majority approval
    3 admins require 2 approvals for Dave [✔]
  Three clients: full lifecycle
    introduce, remove, wipe, re-bootstrap [✔]
S28-1 distinct types + signer + GroupView
  member add authorizes through the sole view [✔]
  nonmember app refused before any fold [✔]
  nonadmin reset never advances the counter [✔]
    +++ OK, passed 100 tests.
S28-1 rejecting step before append
  accepted events persist with readable rows [✔]
  domain-invalid add never appends a byte [✔]
  nonmember append persists nothing byte-identical [✔]
S28-1 atomic hook
  succeeding hook commits with admitted evidence [✔]
  hook refusal rejects the whole transition [✔]
  failing hook restores prestate plus prelog [✔]
S28-1 direct-only admission
  direct admit by admin inserts the member [✔]
  reserved key refused apart from members [✔]
  voted mutations never insert members [✔]
    +++ OK, passed 100 tests.
  nonempty pendingBase roundtrips through JSON [✔]
  old rows decode with empty pendingBase [✔]
  malformed pendingBase fails decode [✔]
S28-1 validate/fold agreement
thread blocked indefinitely in an STM transa  prefix folds match steps over mixed traces [✔]
    +++ OK, passed 100 tests.
ction
  founding folds match steps over mixed traces [✔]
    +++ OK, passed 100 tests.
  accepted traces apply cleanly end to end [✔]
S28-1 no client-decided authority
  verdicts flow only through the boundary [✔]
  replayed log reproduces live state exactly [✔]
  unknown approval refused over pendingBase [✔]
  voted validation covers both arms exactly [✔]
  pending entries survive close and reopen [✔]

Finished in 21.7049 seconds
127 examples, 0 failures
Test suite invariants: PASS
Test suite logged to:
/code/kelgroups-issue-28/./dist-newstyle/build/x86_64-linux/ghc-9.8.4/kelgroups-0.1.0.0/t/invariants/noopt/test/kelgroups-0.1.0.0-invariants.log
1 of 1 test suites (1 of 1 test cases) passed.
cd lean && lake build
Build completed successfully (17 jobs).
cd client && npm install && spago build

up to date, audited 3 packages in 522ms

found 0 vulnerabilities
(node:1848439) ExperimentalWarning: SQLite is an experimental feature and might change at any time
(Use `node --trace-warnings ...` to show where the warning was created)
Reading Spago workspace configuration...

✓ Selecting 2 packages to build:
    kelgroups-client
    kelgroups-trivial

Downloading dependencies...
Building...
           Src   Lib   All
Warnings     0     0     0
Errors       0     0     0

✓ Build succeeded.

cd client && spago test -p kelgroups-client
(node:1848729) ExperimentalWarning: SQLite is an experimental feature and might change at any time
(Use `node --trace-warnings ...` to show where the warning was created)
Reading Spago workspace configuration...

✓ Selecting package to build: kelgroups-client

Downloading dependencies...
Building...
           Src   Lib   All
Warnings     0     0     0
Errors       0     0     0

✓ Build succeeded.

Running tests for package: kelgroups-client
=== Static Invariants ===
  S1: bootstrap iff zero admins
100/100 test(s) passed.
  S2: empty state is bootstrap
100/100 test(s) passed.
  S3: majority(0) = 0
100/100 test(s) passed.
  S4: majority(1) = 1
100/100 test(s) passed.
  S5: majority(n) <= n
100/100 test(s) passed.
  S6: majority(n) > 0 when n > 0
100/100 test(s) passed.
  S7: admin member implies member
100/100 test(s) passed.
  B1: zero admins means bootstrap
100/100 test(s) passed.

=== Transition Invariants ===
  T1: enact introduce admin exits bootstrap
100/100 test(s) passed.
  T2: enact introduce admin increments count
100/100 test(s) passed.
  T3: enact introduce non-admin preserves count
100/100 test(s) passed.
  T4: enact preserves pendingProposals
100/100 test(s) passed.
  T5: foldGroup [] = emptyState
100/100 test(s) passed.
  T6: bootstrap proposal immediately enacted
100/100 test(s) passed.
  T7: single admin proposal enacted immediately
100/100 test(s) passed.
  T8: remove with >=2 admins keeps >=1
100/100 test(s) passed.
  B2: proposal in bootstrap auto-enacted
100/100 test(s) passed.
  B3: single admin proposal auto-enacted
100/100 test(s) passed.
  B4: bootstrap intro creates admin member
100/100 test(s) passed.

=== Fold Invariants ===
  F1: app event preserves members
100/100 test(s) passed.
  F2: app event preserves pendingProposals
100/100 test(s) passed.
  F3: approve nonexistent is identity
100/100 test(s) passed.
  F4: changeRoles preserves member count
100/100 test(s) passed.
  F5: introduce increases member count
100/100 test(s) passed.

=== JWK Key Export/Import ===
  J1: RFC 8037 A.1 key imports with A.1 members
  J2: RFC 8037 A.4 signature reproduces
  J3: export then import preserves the pair
100/100 test(s) passed.
  J4: JSON round trip preserves the members
100/100 test(s) passed.
  J5: rejects wrong kty
  J6: rejects unsupported curve
  J7: rejects bad base64url characters
  J8: rejects padded base64url
  J9: rejects truncated d
  J10: rejects short x
  J11: rejects empty members
  J12: rejects non-canonical padding bits
  J13: rejects mismatched public/private key

=== All properties passed ===

✓ Test succeeded for package "kelgroups-client".

