===== LEG 1: tracked hygiene (before) =====
LEG-PASS: 1-before: no tracked drift
===== LEG 2: identity + self-hash =====
HEAD=84a2daea1db81b1baf73c73a7874dcd68ce9f4b2
GATE_SHA256(header)=aed87f2f42c47df261b989edf9e5fdf8a3bb0b308eb11ae7a646fd2a5a4f34cd
GATE_SHA256(normalized-bytes)=aed87f2f42c47df261b989edf9e5fdf8a3bb0b308eb11ae7a646fd2a5a4f34cd
LEG-PASS: 2: header hash equals executable bytes (normalized)
NOTE leg2: HEAD=84a2daea1db81b1baf73c73a7874dcd68ce9f4b2 differs from frozen RED base (candidate run)
LEG-PASS: 2-ancestry: HEAD descends from frozen RED base
evidence dir: /tmp/reactivegas/ms2/e-kelgroups-substrate/t28-app-api/handoffs/evidence (override via G28_EVIDENCE_DIR)
===== LEG 2b: instruments pinned exact, fail closed =====
nix: [nix (Nix) 2.31.3+2] exit=0
ghc: [The Glorious Glasgow Haskell Compilation System, version 9.8.4] (batch exit=0)
cabal: [cabal-install version 3.16.1.0 ] (batch exit=0)
lake: [Lake version 5.0.0-src+v4.25.0 (Lean version 4.25.0)] (batch exit=0)
node: [v20.19.6] (batch exit=0)
spago: [1.0.3] (batch exit=0)
just: [just 1.43.1] (batch exit=0)
LEG-PASS: 2b: nix exact pin
LEG-PASS: 2b: ghc exact pin
LEG-PASS: 2b: cabal exact pin
LEG-PASS: 2b: lake+lean exact pin
LEG-PASS: 2b: node exact pin
LEG-PASS: 2b: spago exact pin
LEG-PASS: 2b: just exact pin
===== LEG 3: build (measured cold/warm) =====
tree state: WARM (dist-newstyle holds objects)
cabal build all -O0
Build profile: -w ghc-9.8.4 -O0
In order, the following will be built (use -v for more details):
 - kelgroups-0.1.0.0 (exe:kelgroups-server) (configuration changed)
Configuring executable 'kelgroups-server' for kelgroups-0.1.0.0...
Preprocessing executable 'kelgroups-server' for kelgroups-0.1.0.0...
Building executable 'kelgroups-server' for kelgroups-0.1.0.0...
[1 of 1] Compiling Main             ( app/Main.hs, dist-newstyle/build/x86_64-linux/ghc-9.8.4/kelgroups-0.1.0.0/x/kelgroups-server/noopt/build/kelgroups-server/kelgroups-server-tmp/Main.o ) [KelGroups.Server changed]
[2 of 2] Linking dist-newstyle/build/x86_64-linux/ghc-9.8.4/kelgroups-0.1.0.0/x/kelgroups-server/noopt/build/kelgroups-server/kelgroups-server [Objects changed]
build exit=0 sha256=9b501ee75c1978c53f64390241bb9af6ec21686ef960cbcd23de840d1a6a4c76
cabal build all -O0
Build profile: -w ghc-9.8.4 -O0
In order, the following will be built (use -v for more details):
 - kelgroups-0.1.0.0 (exe:kelgroups-server) (configuration changed)
Configuring executable 'kelgroups-server' for kelgroups-0.1.0.0...
Preprocessing executable 'kelgroups-server' for kelgroups-0.1.0.0...
Building executable 'kelgroups-server' for kelgroups-0.1.0.0...
[1 of 1] Compiling Main             ( app/Main.hs, dist-newstyle/build/x86_64-linux/ghc-9.8.4/kelgroups-0.1.0.0/x/kelgroups-server/noopt/build/kelgroups-server/kelgroups-server-tmp/Main.o ) [KelGroups.Server changed]
[2 of 2] Linking dist-newstyle/build/x86_64-linux/ghc-9.8.4/kelgroups-0.1.0.0/x/kelgroups-server/noopt/build/kelgroups-server/kelgroups-server [Objects changed]
LEG-PASS: 3: just build exit 0
===== LEG 4: tests: inventory + registered + execution proof =====
test/E2ESpec.hs
test/FoldSpec.hs
test/Generators.hs
test/InvariantsSpec.hs
test/JwkSpec.hs
test/Main.hs
test/MultiClientSpec.hs
test/S28AppApiSpec.hs
test/S28DemoApp.hs
test/ServerSpec.hs
test/StoreInvariantsSpec.hs
test/StoreSpec.hs
test/StoreTestDSL.hs
test/TestHelpers.hs
test/TransitionInvariantsSpec.hs
test/ValidateSpec.hs
distinct S28-1 describes:
S28-1 atomic hook
S28-1 direct-only admission
S28-1 distinct types + signer + GroupView
S28-1 integrated app-api
S28-1 integrated app-api properties with six-group witnesses
S28-1 no client-decided authority
S28-1 rejecting step before append
S28-1 validate/fold agreement
group_count=8
LEG-PASS: 4a-INVENTORY: >=6 S28-1 groups (8; presence only)
row1 [S28-1 distinct types + signer + GroupView]: registered=3
row2 [S28-1 rejecting step before append]: registered=3
row3 [S28-1 atomic hook]: registered=3
row4 [S28-1 direct-only admission]: registered=6
row5 [S28-1 validate/fold agreement]: registered=3
row6 [S28-1 no client-decided authority]: registered=5
registered total=23 vs file examples=23 (same=23 split=0)
LEG-PASS: 4a-REGISTERED: 23 examples, all inside the six groups (no orphans)
Build profile: -w ghc-9.8.4 -O0
In order, the following will be built (use -v for more details):
 - kelgroups-0.1.0.0 (test:invariants) (ephemeral targets)
 - keri-hs-0.1.0.0 (test:unit-tests) (first run)
Preprocessing test suite 'unit-tests' for keri-hs-0.1.0.0...
Building test suite 'unit-tests' for keri-hs-0.1.0.0...
Preprocessing test suite 'invariants' for kelgroups-0.1.0.0...
Building test suite 'invariants' for kelgroups-0.1.0.0...
Running 1 test suites...
Test suite unit-tests: RUNNING...

Keri.Cesr
  CESR roundtrip
    roundtrips arbitrary 32-byte Ed25519 keys [✔]
      +++ OK, passed 100 tests.
    roundtrips arbitrary 32-byte digests [✔]
      +++ OK, passed 100 tests.
    roundtrips arbitrary 64-byte signatures [✔]
      +++ OK, passed 100 tests.
  mkPrimitive
    rejects wrong size [✔]
    accepts correct size [✔]
Keri.Cesr.Decode
  decode
    roundtrips Ed25519PubKey [✔]
    roundtrips Ed25519Sig [✔]
    roundtrips Blake2bDigest [✔]
    decodes keripy test vector [✔]
    rejects too-short input [✔]
    rejects unknown codes [✔]
  cesr-test-vectors
    decodes code D [✔]
    decodes code F [✔]
    decodes code 0B [✔]
Keri.Cesr.DerivationCode
  codeText
    Ed25519PubKey is D [✔]
    Blake2bDigest is F [✔]
    Ed25519Sig is 0B [✔]
  rawSize
    Ed25519PubKey is 32 bytes [✔]
    Blake2bDigest is 32 bytes [✔]
    Ed25519Sig is 64 bytes [✔]
  codeLength
    Ed25519PubKey is 1 char [✔]
    Blake2bDigest is 1 char [✔]
    Ed25519Sig is 2 chars [✔]
  totalLength
    Ed25519PubKey is 44 chars [✔]
    Blake2bDigest is 44 chars [✔]
    Ed25519Sig is 88 chars [✔]
  identifyCode
    identifies D as Ed25519PubKey [✔]
    identifies F as Blake2bDigest [✔]
    identifies 0B as Ed25519Sig [✔]
    rejects unknown codes [✔]
Keri.Cesr.Encode
  encode
    encodes a 32-byte key to 44 chars [✔]
    starts with code prefix D [✔]
    encodes a 64-byte sig to 88 chars [✔]
    starts with code prefix 0B [✔]
    encodes a digest with code F [✔]
    matches keripy test vector for Ed25519 [✔]
  cesr-test-vectors
    code D (Ed25519 transferable) [✔]
    code F (Blake2b-256 digest) [✔]
    code 0B (Ed25519 signature) [✔]
Keri.Crypto.Blake3
  hash
    produces 32 bytes [✔]
    is deterministic [✔]
    differs for different inputs [✔]
    hash size is 32 [✔]
Keri.Crypto.Digest
  saidPlaceholder
    is 44 characters [✔]
    is all # characters [✔]
  computeSaid
    returns 44-char CESR text [✔]
    starts with F (digest code) [✔]
    is deterministic [✔]
    differs for different inputs [✔]
Keri.Crypto.Ed25519
  generateKeyPair
    generates a key pair [✔]
    generates distinct key pairs [✔]
  sign and verify
    verifies a valid signature [✔]
    rejects wrong message [✔]
    rejects wrong key [✔]
  publicKeyFromBytes
    roundtrips [✔]
    rejects wrong size [✔]
Keri.Event.Inception
  mkInception
    creates an inception event [✔]
    sets prefix equal to digest [✔]
    sets sequence number to 0 [✔]
    SAID is not placeholder [✔]
    SAID starts with F (digest code) [✔]
    version has correct size [✔]
Keri.Event.Interaction
  mkInteraction
    creates an interaction event [✔]
    preserves prefix [✔]
    SAID starts with F [✔]
Keri.Event.Rotation
  mkRotation
    creates a rotation event [✔]
    preserves prefix [✔]
    SAID differs from prefix [✔]
    SAID starts with F [✔]
Keri.Event.Serialize
  serializeEvent
    produces valid JSON for inception [✔]
    has deterministic field order [✔]
    serializes interaction [✔]
    serializes receipt [✔]
Keri.Kel
  append
    appends inception to empty KEL [✔]
    rejects non-inception as first event [✔]
  replay
    replays single inception [✔]
    replays inception + interaction [✔]
    rejects empty KEL [✔]
Keri.KeyState
  initialState
    sets prefix from inception [✔]
    sets sequence number to 0 [✔]
  applyEvent
    rejects inception on existing state [✔]
    applies rotation with valid pre-rotation [✔]
    rejects wrong sequence number [✔]
    rejects wrong prefix [✔]
    receipt does not change state [✔]
    rotation with empty pre-rotation [✔]
  verifySignatures
    threshold zero is always met [✔]
Keri.KeyState.PreRotation
  commitKey
    produces a digest commitment [✔]
    is deterministic [✔]
  verifyCommitment
    verifies matching key and commitment [✔]
    rejects wrong key [✔]

Finished in 0.0422 seconds
91 examples, 0 failures
Test suite unit-tests: PASS
Test suite logged to:
/code/kelgroups-issue-28/dist-newstyle/build/x86_64-linux/ghc-9.8.4/keri-hs-0.1.0.0/t/unit-tests/noopt/test/keri-hs-0.1.0.0-unit-tests.log
1 of 1 test suites (1 of 1 test cases) passed.
Running 1 test suites...
Test suite invariants: RUNNING...

Invariant 1: bootstrap ↔ zero admins
  bootstrap mode implies zero admins [✔]
    +++ OK, passed 100 tests.
  normal mode implies positive admins [✔]
    +++ OK, passed 100 tests.
Invariant 2: empty state
  empty state is in bootstrap mode [✔]
Invariant 3: majority properties
  majority of 0 admins is 0 [✔]
  majority of 1 admin is 1 [✔]
  majority of 2 admins is 1 [✔]
  majority of 3 admins is 2 [✔]
  majority n ≤ n [✔]
    +++ OK, passed 100 tests.
  majority of positive admin count is positive [✔]
    +++ OK, passed 100 tests.
Invariant 4: remove all → bootstrap
  removing all members triggers bootstrap [✔]
Invariant 5: admin member → normal
  state with at least one admin is in normal mode [✔]
    +++ OK, passed 100 tests.
Tier 1: enact_introduce_admin_exits_bootstrap
  introducing admin makes adminCount > 0 [✔]
    +++ OK, passed 100 tests.
Tier 1: enact_introduce_admin_count
  introducing admin increases adminCount by 1 [✔]
    +++ OK, passed 100 tests.
Tier 1: enact_introduce_nonadmin_count
  introducing non-admin preserves adminCount [✔]
    +++ OK, passed 100 tests.
Tier 1: enact_preserves_pendingProposals
  enact only touches members [✔]
    +++ OK, passed 100 tests.
Tier 1: foldGroup_nil
  folding empty list yields emptyState [✔]
Tier 2: bootstrap_proposal_immediately_enacted
  bootstrap proposal has no pending after apply [✔]
    +++ OK, passed 100 tests.
Tier 2: single_admin_proposal_enacted
  single admin proposal is enacted immediately [✔]
    +++ OK, passed 100 tests.
Tier 3: enact_remove_preserves_normal
  adminCount >= 2 and remove keeps adminCount >= 1 [✔]
    +++ OK, passed 100 tests.
App/base separation
  app event preserves members [✔]
    +++ OK, passed 100 tests.
  app event preserves pendingProposals [✔]
    +++ OK, passed 100 tests.
Approve identity
  approve nonexistent is identity [✔]
    +++ OK, passed 100 tests.
Enact member count effects
  changeRoles preserves member count [✔]
    +++ OK, passed 100 tests.
  introduce increases member count [✔]
    +++ OK, passed 100 tests.
Bootstrap validation
  bootstrap accepts admin intro [✔]
    +++ OK, passed 100 tests.
  bootstrap rejects non-admin intro [✔]
    +++ OK, passed 100 tests.
  bootstrap rejects remove [✔]
    +++ OK, passed 100 tests.
  bootstrap rejects changeRoles [✔]
    +++ OK, passed 100 tests.
Normal mode: auth
  non-member proposal rejected [✔]
    +++ OK, passed 100 tests.
  non-admin proposal rejected [✔]
    +++ OK, passed 100 tests.
  non-member app event rejected [✔]
    +++ OK, passed 100 tests.
  member app event accepted [✔]
    +++ OK, passed 100 tests.
Normal mode: proposal constraints
  introduce existing rejected [✔]
    +++ OK, passed 100 tests.
  remove nonmember rejected [✔]
    +++ OK, passed 100 tests.
  valid admin proposal accepted [✔]
    +++ OK, passed 100 tests.
Normal mode: approval constraints
  approve missing rejected [✔]
    +++ OK, passed 100 tests.
  double approve rejected [✔]
    +++ OK, passed 100 tests.
  valid approval accepted [✔]
    +++ OK, passed 100 tests.
KelGroups.Jwk
  RFC 8037 appendix vectors
    imports the A.1 Ed25519 private key [✔]
    reproduces the A.4 signature [✔]
  round trip
    preserves generated key pairs [✔]
      +++ OK, passed 100 tests.
    signatures verify across export/import [✔]
      +++ OK, passed 100 tests.
  JSON shape
    emits exactly kty/crv/x/d [✔]
    never shows key material via Show [✔]
  malformed input rejection
    rejects wrong kty [✔]
    rejects unsupported curve [✔]
    rejects bad base64url characters [✔]
    rejects padded base64url [✔]
    rejects truncated d [✔]
    rejects short x [✔]
    rejects empty members [✔]
    rejects non-canonical padding bits [✔]
    rejects mismatched public/private key [✔]
  store integration
    imports into a fresh store and reloads [✔]
    refuses to replace an existing identity [✔]
KelGroups.Store (SQLite)
  empty KEL
    opening empty DB gives emptyState [✔]
  roundtrip
    signers match after append+read [✔]
      +++ OK, passed 100 tests.
  fold consistency
    incremental TVar matches reopened replay [✔]
      +++ OK, passed 100 tests.
  readEventsFrom
    returns tail from index N [✔]
    returns empty for index beyond length [✔]
  kelLength
    length matches number of appends + 1 [✔]
      +++ OK, passed 100 tests.
Store-through invariants (Lean mirrors)
  bootstrap_iff_zero_admins [✔]
    +++ OK, passed 100 tests.
  normal_iff_positive_admins [✔]
    +++ OK, passed 100 tests.
  empty_is_bootstrap [✔]
  majority_le [✔]
    +++ OK, passed 100 tests.
  majority_pos [✔]
    +++ OK, passed 100 tests.
  admin_member_means_normal [✔]
    +++ OK, passed 100 tests.
  enact_introduce_admin_exits_bootstrap [✔]
    +++ OK, passed 100 tests.
  enact_introduce_admin_count [✔]
    +++ OK, passed 100 tests.
  enact_introduce_nonadmin_count [✔]
    +++ OK, passed 100 tests.
  enact_preserves_pendingProposals [✔]
    +++ OK, passed 100 tests.
  enact_remove_preserves_normal [✔]
    +++ OK, passed 100 tests.
  bootstrap_proposal_immediately_enacted [✔]
    +++ OK, passed 100 tests.
  single_admin_proposal_enacted [✔]
    +++ OK, passed 100 tests.
KelGroups.Server (HTTP)
  GET /condition
    empty KEL: non-member gets 403 [✔]
    empty KEL: missing key gets 401 [✔]
  POST /events
    bootstrap with correct passphrase succeeds [✔]
    wrong passphrase returns 401 [✔]
    missing passphrase in bootstrap returns 401 [✔]
  GET /events
    after submit returns event [✔]
    non-member gets 403 [✔]
  POST + GET roundtrip
    submitted event matches retrieved [✔]
  GET /condition reflects changes
    after bootstrap, mode is normal [✔]
  validation errors
    invalid event in normal mode returns 422 [✔]
  unknown route
    returns 404 [✔]
  GET /info
    returns public admin emails [✔]
  SSE /stream
    receives notification after POST [✔]
E2E scenarios
  Group bootstrap and single-admin lifecycle
    bootstrap → add member → verify state [✔]
  Multi-admin approval flow
thread blocked indefinitely in an STM transaction
    3 admins, proposal requires 2 approvals [✔]
    duplicate approval is rejected [✔]
  Member removal
    admin removes a member via proposal [✔]
    removing last admin returns to bootstrap [✔]
  Role changes
    promote member to admin [✔]
    demote admin to regular member [✔]
  KEL replay via GET /events
    reads back all events in order [✔]
  Authorization edge cases
    non-member cannot propose [✔]
    non-admin member cannot propose [✔]
    bootstrap rejects missing passphrase [✔]
    duplicate member introduction is rejected [✔]
  Re-bootstrap after total admin removal
    new admin can bootstrap after wipe [✔]
  SSE receives all events in sequence
    2 POSTs yield 2 SSE notifications [✔]
Multi-client scenarios
  Two clients: admin bootstraps, outsider joins
    Bob sees empty group, Alice bootstraps, Bob joins [✔]
  Three clients: multi-admin majority approval
    3 admins require 2 approvals for Dave [✔]
  Three clients: full lifecycle
    introduce, remove, wipe, re-bootstrap [✔]
S28-1 distinct types + signer + GroupView
  member add authorizes through the sole view [✔]
  nonmember app refused before any fold [✔]
  nonadmin reset never advances the counter [✔]
    +++ OK, passed 100 tests.
S28-1 rejecting step before append
  accepted events persist with readable rows [✔]
  domain-invalid add never appends a byte [✔]
  nonmember append persists nothing byte-identical [✔]
S28-1 atomic hook
  succeeding hook commits with admitted evidence [✔]
  hook refusal rejects the whole transition [✔]
  failing hook restores prestate plus prelog [✔]
S28-1 direct-only admission
  direct admit by admin inserts the member [✔]
  reserved key refused apart from members [✔]
  voted mutations never insert members [✔]
    +++ OK, passed 100 tests.
  nonempty pendingBase roundtrips through JSON [✔]
  old rows decode with empty pendingBase [✔]
  malformed pendingBase fails decode [✔]
S28-1 validate/fold agreement
thread blocked indefinitely in an STM tran  prefix folds match steps over mixed traces [✔]
    +++ OK, passed 100 tests.
saction
  founding folds match steps over mixed traces [✔]
    +++ OK, passed 100 tests.
  accepted traces apply cleanly end to end [✔]
S28-1 no client-decided authority
  verdicts flow only through the boundary [✔]
  replayed log reproduces live state exactly [✔]
  unknown approval refused over pendingBase [✔]
  voted validation covers both arms exactly [✔]
  pending entries survive close and reopen [✔]

Finished in 21.8808 seconds
127 examples, 0 failures
Test suite invariants: PASS
Test suite logged to:
/code/kelgroups-issue-28/./dist-newstyle/build/x86_64-linux/ghc-9.8.4/kelgroups-0.1.0.0/t/invariants/noopt/test/kelgroups-0.1.0.0-invariants.log
1 of 1 test suites (1 of 1 test cases) passed.
test exit=0 sha256=b99926789fe33152173c6e039a716b4d10ffedbfa869163c04ec23bfae8c1db6
91 examples, 0 failures
127 examples, 0 failures
executed: [S28-1 distinct types + signer + GroupView] member add authorizes through the sole view
executed: [S28-1 distinct types + signer + GroupView] nonmember app refused before any fold
executed: [S28-1 distinct types + signer + GroupView] nonadmin reset never advances the counter
executed: [S28-1 rejecting step before append] accepted events persist with readable rows
executed: [S28-1 rejecting step before append] domain-invalid add never appends a byte
executed: [S28-1 rejecting step before append] nonmember append persists nothing byte-identical
executed: [S28-1 atomic hook] succeeding hook commits with admitted evidence
executed: [S28-1 atomic hook] hook refusal rejects the whole transition
executed: [S28-1 atomic hook] failing hook restores prestate plus prelog
executed: [S28-1 direct-only admission] direct admit by admin inserts the member
executed: [S28-1 direct-only admission] reserved key refused apart from members
executed: [S28-1 direct-only admission] voted mutations never insert members
executed: [S28-1 direct-only admission] nonempty pendingBase roundtrips through JSON
executed: [S28-1 direct-only admission] old rows decode with empty pendingBase
executed: [S28-1 direct-only admission] malformed pendingBase fails decode
executed: [S28-1 validate/fold agreement] prefix folds match steps over mixed traces
executed: [S28-1 validate/fold agreement] founding folds match steps over mixed traces
executed: [S28-1 validate/fold agreement] accepted traces apply cleanly end to end
executed: [S28-1 no client-decided authority] verdicts flow only through the boundary
executed: [S28-1 no client-decided authority] replayed log reproduces live state exactly
executed: [S28-1 no client-decided authority] unknown approval refused over pendingBase
executed: [S28-1 no client-decided authority] voted validation covers both arms exactly
executed: [S28-1 no client-decided authority] pending entries survive close and reopen
LEG-PASS: 4b-EXECUTION: all registered examples executed, none pending
LEG-PASS: 4b-EXIT: cabal test exit 0
===== LEG 5: mutants M1-M6 (refuse-closed entry; hash-verified restore; example-quoted kills) =====
entry hashes: Event=7fef155471cccbb707b653d085198631b05bd174 Fold=d76219e5ec94fb7080145153c88a307dab8f7252 Types=f96aa603e143888516aca4c7e659417a2046c594 Store=c1017397cf98df44e5d83d0a690bc02bc426d69d Demo=49dd76aa1473084ee72eff1a683954beab29722d
--- M1 boundary separation (expect BUILD red: unification at applyIntegratedEvent) ---
M1 diff sha256=6237105b8f71877fc8af52a9dc50af99458aa3bd88746666e071e5fb31429b38
warning: Git tree '/code/kelgroups-issue-28' is dirty
Up to date
M1 build exit=0 sha256=e66ecd7b41b56f4712fd977b54ffc35aec3955c70f9199a9b076f486bb6db321
LEG-FAIL: 5-M1: expected boundary unification RED (exit=0)
restored byte-exact: test/S28DemoApp.hs (M1)
--- M2 bypass gate (expect TEST red quoting a rejecting-step example) ---
LEG-FAIL: 5-M2: splice count != 1
M2 diff sha256=e3b0c44298fc1c149afbf4c8996fb92427ae41e4649b934ca495991b7852b855
Build profile: -w ghc-9.8.4 -O0
In order, the following will be built (use -v for more details):
 - kelgroups-0.1.0.0 (test:invariants) (ephemeral targets)
 - keri-hs-0.1.0.0 (test:unit-tests) (first run)
Preprocessing test suite 'invariants' for kelgroups-0.1.0.0...
Building test suite 'invariants' for kelgroups-0.1.0.0...
Preprocessing test suite 'unit-tests' for keri-hs-0.1.0.0...
Building test suite 'unit-tests' for keri-hs-0.1.0.0...
Running 1 test suites...
Test suite unit-tests: RUNNING...

Keri.Cesr
  CESR roundtrip
    roundtrips arbitrary 32-byte Ed25519 keys [✔]
      +++ OK, passed 100 tests.
    roundtrips arbitrary 32-byte digests [✔]
      +++ OK, passed 100 tests.
    roundtrips arbitrary 64-byte signatures [✔]
      +++ OK, passed 100 tests.
  mkPrimitive
    rejects wrong size [✔]
    accepts correct size [✔]
Keri.Cesr.Decode
  decode
    roundtrips Ed25519PubKey [✔]
    roundtrips Ed25519Sig [✔]
    roundtrips Blake2bDigest [✔]
    decodes keripy test vector [✔]
    rejects too-short input [✔]
    rejects unknown codes [✔]
  cesr-test-vectors
    decodes code D [✔]
    decodes code F [✔]
    decodes code 0B [✔]
Keri.Cesr.DerivationCode
  codeText
    Ed25519PubKey is D [✔]
    Blake2bDigest is F [✔]
    Ed25519Sig is 0B [✔]
  rawSize
    Ed25519PubKey is 32 bytes [✔]
    Blake2bDigest is 32 bytes [✔]
    Ed25519Sig is 64 bytes [✔]
  codeLength
    Ed25519PubKey is 1 char [✔]
    Blake2bDigest is 1 char [✔]
    Ed25519Sig is 2 chars [✔]
  totalLength
    Ed25519PubKey is 44 chars [✔]
    Blake2bDigest is 44 chars [✔]
    Ed25519Sig is 88 chars [✔]
  identifyCode
    identifies D as Ed25519PubKey [✔]
    identifies F as Blake2bDigest [✔]
    identifies 0B as Ed25519Sig [✔]
    rejects unknown codes [✔]
Keri.Cesr.Encode
  encode
    encodes a 32-byte key to 44 chars [✔]
    starts with code prefix D [✔]
    encodes a 64-byte sig to 88 chars [✔]
    starts with code prefix 0B [✔]
    encodes a digest with code F [✔]
    matches keripy test vector for Ed25519 [✔]
  cesr-test-vectors
    code D (Ed25519 transferable) [✔]
    code F (Blake2b-256 digest) [✔]
    code 0B (Ed25519 signature) [✔]
Keri.Crypto.Blake3
  hash
    produces 32 bytes [✔]
    is deterministic [✔]
    differs for different inputs [✔]
    hash size is 32 [✔]
Keri.Crypto.Digest
  saidPlaceholder
    is 44 characters [✔]
    is all # characters [✔]
  computeSaid
    returns 44-char CESR text [✔]
    starts with F (digest code) [✔]
    is deterministic [✔]
    differs for different inputs [✔]
Keri.Crypto.Ed25519
  generateKeyPair
    generates a key pair [✔]
    generates distinct key pairs [✔]
  sign and verify
    verifies a valid signature [✔]
    rejects wrong message [✔]
    rejects wrong key [✔]
  publicKeyFromBytes
    roundtrips [✔]
    rejects wrong size [✔]
Keri.Event.Inception
  mkInception
    creates an inception event [✔]
    sets prefix equal to digest [✔]
    sets sequence number to 0 [✔]
    SAID is not placeholder [✔]
    SAID starts with F (digest code) [✔]
    version has correct size [✔]
Keri.Event.Interaction
  mkInteraction
    creates an interaction event [✔]
    preserves prefix [✔]
    SAID starts with F [✔]
Keri.Event.Rotation
  mkRotation
    creates a rotation event [✔]
    preserves prefix [✔]
    SAID differs from prefix [✔]
    SAID starts with F [✔]
Keri.Event.Serialize
  serializeEvent
    produces valid JSON for inception [✔]
    has deterministic field order [✔]
    serializes interaction [✔]
    serializes receipt [✔]
Keri.Kel
  append
    appends inception to empty KEL [✔]
    rejects non-inception as first event [✔]
  replay
    replays single inception [✔]
    replays inception + interaction [✔]
    rejects empty KEL [✔]
Keri.KeyState
  initialState
    sets prefix from inception [✔]
    sets sequence number to 0 [✔]
  applyEvent
    rejects inception on existing state [✔]
    applies rotation with valid pre-rotation [✔]
    rejects wrong sequence number [✔]
    rejects wrong prefix [✔]
    receipt does not change state [✔]
    rotation with empty pre-rotation [✔]
  verifySignatures
    threshold zero is always met [✔]
Keri.KeyState.PreRotation
  commitKey
    produces a digest commitment [✔]
    is deterministic [✔]
  verifyCommitment
    verifies matching key and commitment [✔]
    rejects wrong key [✔]

Finished in 0.0440 seconds
91 examples, 0 failures
Test suite unit-tests: PASS
Test suite logged to:
/code/kelgroups-issue-28/dist-newstyle/build/x86_64-linux/ghc-9.8.4/keri-hs-0.1.0.0/t/unit-tests/noopt/test/keri-hs-0.1.0.0-unit-tests.log
1 of 1 test suites (1 of 1 test cases) passed.
Running 1 test suites...
Test suite invariants: RUNNING...

Invariant 1: bootstrap ↔ zero admins
  bootstrap mode implies zero admins [✔]
    +++ OK, passed 100 tests.
  normal mode implies positive admins [✔]
    +++ OK, passed 100 tests.
Invariant 2: empty state
  empty state is in bootstrap mode [✔]
Invariant 3: majority properties
  majority of 0 admins is 0 [✔]
  majority of 1 admin is 1 [✔]
  majority of 2 admins is 1 [✔]
  majority of 3 admins is 2 [✔]
  majority n ≤ n [✔]
    +++ OK, passed 100 tests.
  majority of positive admin count is positive [✔]
    +++ OK, passed 100 tests.
Invariant 4: remove all → bootstrap
  removing all members triggers bootstrap [✔]
Invariant 5: admin member → normal
  state with at least one admin is in normal mode [✔]
    +++ OK, passed 100 tests.
Tier 1: enact_introduce_admin_exits_bootstrap
  introducing admin makes adminCount > 0 [✔]
    +++ OK, passed 100 tests.
Tier 1: enact_introduce_admin_count
  introducing admin increases adminCount by 1 [✔]
    +++ OK, passed 100 tests.
Tier 1: enact_introduce_nonadmin_count
  introducing non-admin preserves adminCount [✔]
    +++ OK, passed 100 tests.
Tier 1: enact_preserves_pendingProposals
  enact only touches members [✔]
    +++ OK, passed 100 tests.
Tier 1: foldGroup_nil
  folding empty list yields emptyState [✔]
Tier 2: bootstrap_proposal_immediately_enacted
  bootstrap proposal has no pending after apply [✔]
    +++ OK, passed 100 tests.
Tier 2: single_admin_proposal_enacted
  single admin proposal is enacted immediately [✔]
    +++ OK, passed 100 tests.
Tier 3: enact_remove_preserves_normal
  adminCount >= 2 and remove keeps adminCount >= 1 [✔]
    +++ OK, passed 100 tests.
App/base separation
  app event preserves members [✔]
    +++ OK, passed 100 tests.
  app event preserves pendingProposals [✔]
    +++ OK, passed 100 tests.
Approve identity
  approve nonexistent is identity [✔]
    +++ OK, passed 100 tests.
Enact member count effects
  changeRoles preserves member count [✔]
    +++ OK, passed 100 tests.
  introduce increases member count [✔]
    +++ OK, passed 100 tests.
Bootstrap validation
  bootstrap accepts admin intro [✔]
    +++ OK, passed 100 tests.
  bootstrap rejects non-admin intro [✔]
    +++ OK, passed 100 tests.
  bootstrap rejects remove [✔]
    +++ OK, passed 100 tests.
  bootstrap rejects changeRoles [✔]
    +++ OK, passed 100 tests.
Normal mode: auth
  non-member proposal rejected [✔]
    +++ OK, passed 100 tests.
  non-admin proposal rejected [✔]
    +++ OK, passed 100 tests.
  non-member app event rejected [✔]
    +++ OK, passed 100 tests.
  member app event accepted [✔]
    +++ OK, passed 100 tests.
Normal mode: proposal constraints
  introduce existing rejected [✔]
    +++ OK, passed 100 tests.
  remove nonmember rejected [✔]
    +++ OK, passed 100 tests.
  valid admin proposal accepted [✔]
    +++ OK, passed 100 tests.
Normal mode: approval constraints
  approve missing rejected [✔]
    +++ OK, passed 100 tests.
  double approve rejected [✔]
    +++ OK, passed 100 tests.
  valid approval accepted [✔]
    +++ OK, passed 100 tests.
KelGroups.Jwk
  RFC 8037 appendix vectors
    imports the A.1 Ed25519 private key [✔]
    reproduces the A.4 signature [✔]
  round trip
    preserves generated key pairs [✔]
      +++ OK, passed 100 tests.
    signatures verify across export/import [✔]
      +++ OK, passed 100 tests.
  JSON shape
    emits exactly kty/crv/x/d [✔]
    never shows key material via Show [✔]
  malformed input rejection
    rejects wrong kty [✔]
    rejects unsupported curve [✔]
    rejects bad base64url characters [✔]
    rejects padded base64url [✔]
    rejects truncated d [✔]
    rejects short x [✔]
    rejects empty members [✔]
    rejects non-canonical padding bits [✔]
    rejects mismatched public/private key [✔]
  store integration
    imports into a fresh store and reloads [✔]
    refuses to replace an existing identity [✔]
KelGroups.Store (SQLite)
  empty KEL
    opening empty DB gives emptyState [✔]
  roundtrip
    signers match after append+read [✔]
      +++ OK, passed 100 tests.
  fold consistency
    incremental TVar matches reopened replay [✔]
      +++ OK, passed 100 tests.
  readEventsFrom
    returns tail from index N [✔]
    returns empty for index beyond length [✔]
  kelLength
    length matches number of appends + 1 [✔]
      +++ OK, passed 100 tests.
Store-through invariants (Lean mirrors)
  bootstrap_iff_zero_admins [✔]
    +++ OK, passed 100 tests.
  normal_iff_positive_admins [✔]
    +++ OK, passed 100 tests.
  empty_is_bootstrap [✔]
  majority_le [✔]
    +++ OK, passed 100 tests.
  majority_pos [✔]
    +++ OK, passed 100 tests.
  admin_member_means_normal [✔]
    +++ OK, passed 100 tests.
  enact_introduce_admin_exits_bootstrap [✔]
    +++ OK, passed 100 tests.
  enact_introduce_admin_count [✔]
    +++ OK, passed 100 tests.
  enact_introduce_nonadmin_count [✔]
    +++ OK, passed 100 tests.
  enact_preserves_pendingProposals [✔]
    +++ OK, passed 100 tests.
  enact_remove_preserves_normal [✔]
    +++ OK, passed 100 tests.
  bootstrap_proposal_immediately_enacted [✔]
    +++ OK, passed 100 tests.
  single_admin_proposal_enacted [✔]
    +++ OK, passed 100 tests.
KelGroups.Server (HTTP)
  GET /condition
    empty KEL: non-member gets 403 [✔]
    empty KEL: missing key gets 401 [✔]
  POST /events
    bootstrap with correct passphrase succeeds [✔]
    wrong passphrase returns 401 [✔]
    missing passphrase in bootstrap returns 401 [✔]
  GET /events
    after submit returns event [✔]
    non-member gets 403 [✔]
  POST + GET roundtrip
    submitted event matches retrieved [✔]
  GET /condition reflects changes
    after bootstrap, mode is normal [✔]
  validation errors
    invalid event in normal mode returns 422 [✔]
  unknown route
    returns 404 [✔]
  GET /info
    returns public admin emails [✔]
  SSE /stream
    receives notification after POST [✔]
E2E scenarios
  Group bootstrap and single-admin lifecycle
    bootstrap → add member → verify state [✔]
  Multi-admin approval flow
thread blocked indefinitely in an STM transaction
    3 admins, proposal requires 2 approvals [✔]
    duplicate approval is rejected [✔]
  Member removal
    admin removes a member via proposal [✔]
    removing last admin returns to bootstrap [✔]
  Role changes
    promote member to admin [✔]
    demote admin to regular member [✔]
  KEL replay via GET /events
    reads back all events in order [✔]
  Authorization edge cases
    non-member cannot propose [✔]
    non-admin member cannot propose [✔]
    bootstrap rejects missing passphrase [✔]
    duplicate member introduction is rejected [✔]
  Re-bootstrap after total admin removal
    new admin can bootstrap after wipe [✔]
  SSE receives all events in sequence
    2 POSTs yield 2 SSE notifications [✔]
Multi-client scenarios
  Two clients: admin bootstraps, outsider joins
    Bob sees empty group, Alice bootstraps, Bob joins [✔]
  Three clients: multi-admin majority approval
    3 admins require 2 approvals for Dave [✔]
  Three clients: full lifecycle
    introduce, remove, wipe, re-bootstrap [✔]
S28-1 distinct types + signer + GroupView
  member add authorizes through the sole view [✔]
  nonmember app refused before any fold [✔]
  nonadmin reset never advances the counter [✔]
    +++ OK, passed 100 tests.
S28-1 rejecting step before append
  accepted events persist with readable rows [✔]
  domain-invalid add never appends a byte [✔]
  nonmember append persists nothing byte-identical [✔]
S28-1 atomic hook
  succeeding hook commits with admitted evidence [✔]
  hook refusal rejects the whole transition [✔]
  failing hook restores prestate plus prelog [✔]
S28-1 direct-only admission
  direct admit by admin inserts the member [✔]
  reserved key refused apart from members [✔]
  voted mutations never insert members [✔]
    +++ OK, passed 100 tests.
  nonempty pendingBase roundtrips through JSON [✔]
  old rows decode with empty pendingBase [✔]
  malformed pendingBase fails decode [✔]
S28-1 validate/fold agreement
thread blocked indefinitely in an S  prefix folds match steps over mixed traces [✔]
    +++ OK, passed 100 tests.
TM transaction
  founding folds match steps over mixed traces [✔]
    +++ OK, passed 100 tests.
  accepted traces apply cleanly end to end [✔]
S28-1 no client-decided authority
  verdicts flow only through the boundary [✔]
  replayed log reproduces live state exactly [✔]
  unknown approval refused over pendingBase [✔]
  voted validation covers both arms exactly [✔]
  pending entries survive close and reopen [✔]

Finished in 21.5702 seconds
127 examples, 0 failures
Test suite invariants: PASS
Test suite logged to:
/code/kelgroups-issue-28/./dist-newstyle/build/x86_64-linux/ghc-9.8.4/kelgroups-0.1.0.0/t/invariants/noopt/test/kelgroups-0.1.0.0-invariants.log
1 of 1 test suites (1 of 1 test cases) passed.
M2 test exit=0 sha256=94339323a1439a095affa8dbe42a4544096a790a94b80f89b007462a416d1723
LEG-FAIL: 5-M2: expected witness-quoted RED (exit=0)
restored byte-exact: lib/KelGroups/Fold.hs (M2)
--- M3 always-commit (expect TEST red quoting an atomic-hook example) ---
M3 diff sha256=6d7930a82177621d5f66b7e08b42358f0ca739c65761444009d96eb33201519b
warning: Git tree '/code/kelgroups-issue-28' is dirty
Build profile: -w ghc-9.8.4 -O0
In order, the following will be built (use -v for more details):
 - kelgroups-0.1.0.0 (lib) (file lib/KelGroups/Fold.hs changed)
 - keri-hs-0.1.0.0 (test:unit-tests) (first run)
 - kelgroups-0.1.0.0 (test:invariants) (dependency rebuilt)
Preprocessing test suite 'unit-tests' for keri-hs-0.1.0.0...
Building test suite 'unit-tests' for keri-hs-0.1.0.0...
Preprocessing library for kelgroups-0.1.0.0...
Building library for kelgroups-0.1.0.0...
[ 8 of 11] Compiling KelGroups.Fold   ( lib/KelGroups/Fold.hs, dist-newstyle/build/x86_64-linux/ghc-9.8.4/kelgroups-0.1.0.0/noopt/build/KelGroups/Fold.o, dist-newstyle/build/x86_64-linux/ghc-9.8.4/kelgroups-0.1.0.0/noopt/build/KelGroups/Fold.dyn_o ) [Source file changed]

lib/KelGroups/Fold.hs:330:1: error: [GHC-58481]
    parse error on input ‘of’
    |
330 | of the current franchise; otherwise leave it pending and report no
    | ^^
Running 1 test suites...
Test suite unit-tests: RUNNING...

Keri.Cesr
  CESR roundtrip
    roundtrips arbitrary 32-byte Ed25519 keys [✔]
      +++ OK, passed 100 tests.
    roundtrips arbitrary 32-byte digests [✔]
      +++ OK, passed 100 tests.
    roundtrips arbitrary 64-byte signatures [✔]
      +++ OK, passed 100 tests.
  mkPrimitive
    rejects wrong size [✔]
    accepts correct size [✔]
Keri.Cesr.Decode
  decode
    roundtrips Ed25519PubKey [✔]
    roundtrips Ed25519Sig [✔]
    roundtrips Blake2bDigest [✔]
    decodes keripy test vector [✔]
    rejects too-short input [✔]
    rejects unknown codes [✔]
  cesr-test-vectors
    decodes code D [✔]
    decodes code F [✔]
    decodes code 0B [✔]
Keri.Cesr.DerivationCode
  codeText
    Ed25519PubKey is D [✔]
    Blake2bDigest is F [✔]
    Ed25519Sig is 0B [✔]
  rawSize
    Ed25519PubKey is 32 bytes [✔]
    Blake2bDigest is 32 bytes [✔]
    Ed25519Sig is 64 bytes [✔]
  codeLength
    Ed25519PubKey is 1 char [✔]
    Blake2bDigest is 1 char [✔]
    Ed25519Sig is 2 chars [✔]
  totalLength
    Ed25519PubKey is 44 chars [✔]
    Blake2bDigest is 44 chars [✔]
    Ed25519Sig is 88 chars [✔]
  identifyCode
    identifies D as Ed25519PubKey [✔]
    identifies F as Blake2bDigest [✔]
    identifies 0B as Ed25519Sig [✔]
    rejects unknown codes [✔]
Keri.Cesr.Encode
  encode
    encodes a 32-byte key to 44 chars [✔]
    starts with code prefix D [✔]
    encodes a 64-byte sig to 88 chars [✔]
    starts with code prefix 0B [✔]
    encodes a digest with code F [✔]
    matches keripy test vector for Ed25519 [✔]
  cesr-test-vectors
    code D (Ed25519 transferable) [✔]
    code F (Blake2b-256 digest) [✔]
    code 0B (Ed25519 signature) [✔]
Keri.Crypto.Blake3
  hash
    produces 32 bytes [✔]
    is deterministic [✔]
    differs for different inputs [✔]
    hash size is 32 [✔]
Keri.Crypto.Digest
  saidPlaceholder
    is 44 characters [✔]
    is all # characters [✔]
  computeSaid
    returns 44-char CESR text [✔]
    starts with F (digest code) [✔]
    is deterministic [✔]
    differs for different inputs [✔]
Keri.Crypto.Ed25519
  generateKeyPair
    generates a key pair [✔]
    generates distinct key pairs [✔]
  sign and verify
    verifies a valid signature [✔]
    rejects wrong message [✔]
    rejects wrong key [✔]
  publicKeyFromBytes
    roundtrips [✔]
    rejects wrong size [✔]
Keri.Event.Inception
  mkInception
    creates an inception event [✔]
    sets prefix equal to digest [✔]
    sets sequence number to 0 [✔]
    SAID is not placeholder [✔]
    SAID starts with F (digest code) [✔]
    version has correct size [✔]
Keri.Event.Interaction
  mkInteraction
    creates an interaction event [✔]
    preserves prefix [✔]
    SAID starts with F [✔]
Keri.Event.Rotation
  mkRotation
    creates a rotation event [✔]
    preserves prefix [✔]
    SAID differs from prefix [✔]
    SAID starts with F [✔]
Keri.Event.Serialize
  serializeEvent
    produces valid JSON for inception [✔]
    has deterministic field order [✔]
    serializes interaction [✔]
    serializes receipt [✔]
Keri.Kel
  append
    appends inception to empty KEL [✔]
    rejects non-inception as first event [✔]
  replay
    replays single inception [✔]
    replays inception + interaction [✔]
    rejects empty KEL [✔]
Keri.KeyState
  initialState
    sets prefix from inception [✔]
    sets sequence number to 0 [✔]
  applyEvent
    rejects inception on existing state [✔]
    applies rotation with valid pre-rotation [✔]
    rejects wrong sequence number [✔]
    rejects wrong prefix [✔]
    receipt does not change state [✔]
    rotation with empty pre-rotation [✔]
  verifySignatures
    threshold zero is always met [✔]
Keri.KeyState.PreRotation
  commitKey
    produces a digest commitment [✔]
    is deterministic [✔]
  verifyCommitment
    verifies matching key and commitment [✔]
    rejects wrong key [✔]

Finished in 0.0458 seconds
91 examples, 0 failures
Test suite unit-tests: PASS
Test suite logged to:
/code/kelgroups-issue-28/dist-newstyle/build/x86_64-linux/ghc-9.8.4/keri-hs-0.1.0.0/t/unit-tests/noopt/test/keri-hs-0.1.0.0-unit-tests.log
1 of 1 test suites (1 of 1 test cases) passed.
Error: [Cabal-7125]
Failed to build kelgroups-0.1.0.0 (which is required by test:invariants from kelgroups-0.1.0.0).

M3 test exit=1 sha256=c153cdf0db62851a38213fbb5505548034a354c7cc058b851d5b06c712117765
MUTANT-INCONCLUSIVE(M3): nonzero exit with EMPTY Failures section (crash/timeout/infra — never a kill)
LEG-FAIL: 5-M3: expected witness-quoted RED (exit=1)
restored byte-exact: lib/KelGroups/Fold.hs (M3)
--- M4 AdmitMemberVoted (expect BUILD red: exhaustiveness) ---
M4 diff sha256=a9e6fc0c73c8ba574abcadb74a8967eb4ecca9584b7868bc3352ac60cd94065f
warning: Git tree '/code/kelgroups-issue-28' is dirty
Build profile: -w ghc-9.8.4 -O0
In order, the following will be built (use -v for more details):
 - kelgroups-0.1.0.0 (lib) (file lib/KelGroups/Event.hs changed)
 - kelgroups-0.1.0.0 (exe:kelgroups-server) (dependency rebuilt)
Preprocessing library for kelgroups-0.1.0.0...
Building library for kelgroups-0.1.0.0...
[ 3 of 11] Compiling KelGroups.Event  ( lib/KelGroups/Event.hs, dist-newstyle/build/x86_64-linux/ghc-9.8.4/kelgroups-0.1.0.0/noopt/build/KelGroups/Event.o, dist-newstyle/build/x86_64-linux/ghc-9.8.4/kelgroups-0.1.0.0/noopt/build/KelGroups/Event.dyn_o ) [Source file changed]
[ 4 of 11] Compiling KelGroups.State  ( lib/KelGroups/State.hs, dist-newstyle/build/x86_64-linux/ghc-9.8.4/kelgroups-0.1.0.0/noopt/build/KelGroups/State.o, dist-newstyle/build/x86_64-linux/ghc-9.8.4/kelgroups-0.1.0.0/noopt/build/KelGroups/State.dyn_o ) [KelGroups.Event changed]
[ 5 of 11] Compiling KelGroups.Bootstrap ( lib/KelGroups/Bootstrap.hs, dist-newstyle/build/x86_64-linux/ghc-9.8.4/kelgroups-0.1.0.0/noopt/build/KelGroups/Bootstrap.o, dist-newstyle/build/x86_64-linux/ghc-9.8.4/kelgroups-0.1.0.0/noopt/build/KelGroups/Bootstrap.dyn_o ) [KelGroups.State changed]
[ 6 of 11] Compiling KelGroups.Validate ( lib/KelGroups/Validate.hs, dist-newstyle/build/x86_64-linux/ghc-9.8.4/kelgroups-0.1.0.0/noopt/build/KelGroups/Validate.o, dist-newstyle/build/x86_64-linux/ghc-9.8.4/kelgroups-0.1.0.0/noopt/build/KelGroups/Validate.dyn_o ) [KelGroups.Bootstrap changed]

lib/KelGroups/Validate.hs:282:34: error: [GHC-62161] [-Wincomplete-patterns, Werror=incomplete-patterns]
    Pattern match(es) are non-exhaustive
    In a \case alternative:
        Patterns of type ‘BaseMutation’ not matched: AdmitMemberVoted _ _ _
    |
282 | validateBaseMutation gs signer = \case
    |                                  ^^^^^...
Error: [Cabal-7125]
Failed to build kelgroups-0.1.0.0 (which is required by exe:kelgroups-server from kelgroups-0.1.0.0).

M4 build exit=1 sha256=0329075ec4346e952429f59dbe463c5fef8bff72737838b8ac89beeecf199bc2
LEG-PASS: 5-M4: build RED, exhaustiveness failure quoted
restored byte-exact: lib/KelGroups/Event.hs (M4)
--- M5 replay refusal divergence (expect TEST red quoting an agreement example) ---
M5 diff sha256=7ef76d48e95fde2dc35f9b6f0103e20676e6b58687c459e91c1bbd9dd3795c40
warning: Git tree '/code/kelgroups-issue-28' is dirty
Build profile: -w ghc-9.8.4 -O0
In order, the following will be built (use -v for more details):
 - kelgroups-0.1.0.0 (lib) (file lib/KelGroups/Fold.hs changed)
 - keri-hs-0.1.0.0 (test:unit-tests) (first run)
 - kelgroups-0.1.0.0 (test:invariants) (dependency rebuilt)
Preprocessing library for kelgroups-0.1.0.0...
Building library for kelgroups-0.1.0.0...
Preprocessing test suite 'unit-tests' for keri-hs-0.1.0.0...
Building test suite 'unit-tests' for keri-hs-0.1.0.0...
[ 3 of 11] Compiling KelGroups.Event  ( lib/KelGroups/Event.hs, dist-newstyle/build/x86_64-linux/ghc-9.8.4/kelgroups-0.1.0.0/noopt/build/KelGroups/Event.o, dist-newstyle/build/x86_64-linux/ghc-9.8.4/kelgroups-0.1.0.0/noopt/build/KelGroups/Event.dyn_o ) [Source file changed]
[ 4 of 11] Compiling KelGroups.State  ( lib/KelGroups/State.hs, dist-newstyle/build/x86_64-linux/ghc-9.8.4/kelgroups-0.1.0.0/noopt/build/KelGroups/State.o, dist-newstyle/build/x86_64-linux/ghc-9.8.4/kelgroups-0.1.0.0/noopt/build/KelGroups/State.dyn_o ) [KelGroups.Event changed]
[ 5 of 11] Compiling KelGroups.Bootstrap ( lib/KelGroups/Bootstrap.hs, dist-newstyle/build/x86_64-linux/ghc-9.8.4/kelgroups-0.1.0.0/noopt/build/KelGroups/Bootstrap.o, dist-newstyle/build/x86_64-linux/ghc-9.8.4/kelgroups-0.1.0.0/noopt/build/KelGroups/Bootstrap.dyn_o ) [KelGroups.State changed]
[ 8 of 11] Compiling KelGroups.Fold   ( lib/KelGroups/Fold.hs, dist-newstyle/build/x86_64-linux/ghc-9.8.4/kelgroups-0.1.0.0/noopt/build/KelGroups/Fold.o, dist-newstyle/build/x86_64-linux/ghc-9.8.4/kelgroups-0.1.0.0/noopt/build/KelGroups/Fold.dyn_o ) [Source file changed]
Running 1 test suites...
Test suite unit-tests: RUNNING...

Keri.Cesr
  CESR roundtrip
    roundtrips arbitrary 32-byte Ed25519 keys [✔]
      +++ OK, passed 100 tests.
    roundtrips arbitrary 32-byte digests [✔]
      +++ OK, passed 100 tests.
    roundtrips arbitrary 64-byte signatures [✔]
      +++ OK, passed 100 tests.
  mkPrimitive
    rejects wrong size [✔]
    accepts correct size [✔]
Keri.Cesr.Decode
  decode
    roundtrips Ed25519PubKey [✔]
    roundtrips Ed25519Sig [✔]
    roundtrips Blake2bDigest [✔]
    decodes keripy test vector [✔]
    rejects too-short input [✔]
    rejects unknown codes [✔]
  cesr-test-vectors
    decodes code D [✔]
    decodes code F [✔]
    decodes code 0B [✔]
Keri.Cesr.DerivationCode
  codeText
    Ed25519PubKey is D [✔]
    Blake2bDigest is F [✔]
    Ed25519Sig is 0B [✔]
  rawSize
    Ed25519PubKey is 32 bytes [✔]
    Blake2bDigest is 32 bytes [✔]
    Ed25519Sig is 64 bytes [✔]
  codeLength
    Ed25519PubKey is 1 char [✔]
    Blake2bDigest is 1 char [✔]
    Ed25519Sig is 2 chars [✔]
  totalLength
    Ed25519PubKey is 44 chars [✔]
    Blake2bDigest is 44 chars [✔]
    Ed25519Sig is 88 chars [✔]
  identifyCode
    identifies D as Ed25519PubKey [✔]
    identifies F as Blake2bDigest [✔]
    identifies 0B as Ed25519Sig [✔]
    rejects unknown codes [✔]
Keri.Cesr.Encode
  encode
    encodes a 32-byte key to 44 chars [✔]
    starts with code prefix D [✔]
    encodes a 64-byte sig to 88 chars [✔]
    starts with code prefix 0B [✔]
    encodes a digest with code F [✔]
    matches keripy test vector for Ed25519 [✔]
  cesr-test-vectors
    code D (Ed25519 transferable) [✔]
    code F (Blake2b-256 digest) [✔]
    code 0B (Ed25519 signature) [✔]
Keri.Crypto.Blake3
  hash
    produces 32 bytes [✔]
    is deterministic [✔]
    differs for different inputs [✔]
    hash size is 32 [✔]
Keri.Crypto.Digest
  saidPlaceholder
    is 44 characters [✔]
    is all # characters [✔]
  computeSaid
    returns 44-char CESR text [✔]
    starts with F (digest code) [✔]
    is deterministic [✔]
    differs for different inputs [✔]
Keri.Crypto.Ed25519
  generateKeyPair
    generates a key pair [✔]
    generates distinct key pairs [✔]
  sign and verify
    verifies a valid signature [✔]
    rejects wrong message [✔]
    rejects wrong key [✔]
  publicKeyFromBytes
    roundtrips [✔]
    rejects wrong size [✔]
Keri.Event.Inception
  mkInception
    creates an inception event [✔]
    sets prefix equal to digest [✔]
    sets sequence number to 0 [✔]
    SAID is not placeholder [✔]
    SAID starts with F (digest code) [✔]
    version has correct size [✔]
Keri.Event.Interaction
  mkInteraction
    creates an interaction event [✔]
    preserves prefix [✔]
    SAID starts with F [✔]
Keri.Event.Rotation
  mkRotation
    creates a rotation event [✔]
    preserves prefix [✔]
    SAID differs from prefix [✔]
    SAID starts with F [✔]
Keri.Event.Serialize
  serializeEvent
    produces valid JSON for inception [✔]
    has deterministic field order [✔]
    serializes interaction [✔]
    serializes receipt [✔]
Keri.Kel
  append
    appends inception to empty KEL [✔]
    rejects non-inception as first event [✔]
  replay
    replays single inception [✔]
    replays inception + interaction [✔]
    rejects empty KEL [✔]
Keri.KeyState
  initialState
    sets prefix from inception [✔]
    sets sequence number to 0 [✔]
  applyEvent
    rejects inception on existing state [✔]
    applies rotation with valid pre-rotation [✔]
    rejects wrong sequence number [✔]
    rejects wrong prefix [✔]
    receipt does not change state [✔]
    rotation with empty pre-rotation [✔]
  verifySignatures
    threshold zero is always met [✔]
Keri.KeyState.PreRotation
  commitKey
    produces a digest commitment [✔]
    is deterministic [✔]
  verifyCommitment
    verifies matching key and commitment [✔]
    rejects wrong key [✔]

Finished in 0.0336 seconds
91 examples, 0 failures
Test suite unit-tests: PASS
Test suite logged to:
/code/kelgroups-issue-28/dist-newstyle/build/x86_64-linux/ghc-9.8.4/keri-hs-0.1.0.0/t/unit-tests/noopt/test/keri-hs-0.1.0.0-unit-tests.log
1 of 1 test suites (1 of 1 test cases) passed.
Preprocessing test suite 'invariants' for kelgroups-0.1.0.0...
Building test suite 'invariants' for kelgroups-0.1.0.0...
[17 of 17] Linking dist-newstyle/build/x86_64-linux/ghc-9.8.4/kelgroups-0.1.0.0/t/invariants/noopt/build/invariants/invariants [Library changed]
Running 1 test suites...
Test suite invariants: RUNNING...

Invariant 1: bootstrap ↔ zero admins
  bootstrap mode implies zero admins [✔]
    +++ OK, passed 100 tests.
  normal mode implies positive admins [✔]
    +++ OK, passed 100 tests.
Invariant 2: empty state
  empty state is in bootstrap mode [✔]
Invariant 3: majority properties
  majority of 0 admins is 0 [✔]
  majority of 1 admin is 1 [✔]
  majority of 2 admins is 1 [✔]
  majority of 3 admins is 2 [✔]
  majority n ≤ n [✔]
    +++ OK, passed 100 tests.
  majority of positive admin count is positive [✔]
    +++ OK, passed 100 tests.
Invariant 4: remove all → bootstrap
  removing all members triggers bootstrap [✔]
Invariant 5: admin member → normal
  state with at least one admin is in normal mode [✔]
    +++ OK, passed 100 tests.
Tier 1: enact_introduce_admin_exits_bootstrap
  introducing admin makes adminCount > 0 [✔]
    +++ OK, passed 100 tests.
Tier 1: enact_introduce_admin_count
  introducing admin increases adminCount by 1 [✔]
    +++ OK, passed 100 tests.
Tier 1: enact_introduce_nonadmin_count
  introducing non-admin preserves adminCount [✔]
    +++ OK, passed 100 tests.
Tier 1: enact_preserves_pendingProposals
  enact only touches members [✔]
    +++ OK, passed 100 tests.
Tier 1: foldGroup_nil
  folding empty list yields emptyState [✔]
Tier 2: bootstrap_proposal_immediately_enacted
  bootstrap proposal has no pending after apply [✔]
    +++ OK, passed 100 tests.
Tier 2: single_admin_proposal_enacted
  single admin proposal is enacted immediately [✔]
    +++ OK, passed 100 tests.
Tier 3: enact_remove_preserves_normal
  adminCount >= 2 and remove keeps adminCount >= 1 [✔]
    +++ OK, passed 100 tests.
App/base separation
  app event preserves members [✔]
    +++ OK, passed 100 tests.
  app event preserves pendingProposals [✔]
    +++ OK, passed 100 tests.
Approve identity
  approve nonexistent is identity [✔]
    +++ OK, passed 100 tests.
Enact member count effects
  changeRoles preserves member count [✔]
    +++ OK, passed 100 tests.
  introduce increases member count [✔]
    +++ OK, passed 100 tests.
Bootstrap validation
  bootstrap accepts admin intro [✔]
    +++ OK, passed 100 tests.
  bootstrap rejects non-admin intro [✔]
    +++ OK, passed 100 tests.
  bootstrap rejects remove [✔]
    +++ OK, passed 100 tests.
  bootstrap rejects changeRoles [✔]
    +++ OK, passed 100 tests.
Normal mode: auth
  non-member proposal rejected [✔]
    +++ OK, passed 100 tests.
  non-admin proposal rejected [✔]
    +++ OK, passed 100 tests.
  non-member app event rejected [✔]
    +++ OK, passed 100 tests.
  member app event accepted [✔]
    +++ OK, passed 100 tests.
Normal mode: proposal constraints
  introduce existing rejected [✔]
    +++ OK, passed 100 tests.
  remove nonmember rejected [✔]
    +++ OK, passed 100 tests.
  valid admin proposal accepted [✔]
    +++ OK, passed 100 tests.
Normal mode: approval constraints
  approve missing rejected [✔]
    +++ OK, passed 100 tests.
  double approve rejected [✔]
    +++ OK, passed 100 tests.
  valid approval accepted [✔]
    +++ OK, passed 100 tests.
KelGroups.Jwk
  RFC 8037 appendix vectors
    imports the A.1 Ed25519 private key [✔]
    reproduces the A.4 signature [✔]
  round trip
    preserves generated key pairs [✔]
      +++ OK, passed 100 tests.
    signatures verify across export/import [✔]
      +++ OK, passed 100 tests.
  JSON shape
    emits exactly kty/crv/x/d [✔]
    never shows key material via Show [✔]
  malformed input rejection
    rejects wrong kty [✔]
    rejects unsupported curve [✔]
    rejects bad base64url characters [✔]
    rejects padded base64url [✔]
    rejects truncated d [✔]
    rejects short x [✔]
    rejects empty members [✔]
    rejects non-canonical padding bits [✔]
    rejects mismatched public/private key [✔]
  store integration
    imports into a fresh store and reloads [✔]
    refuses to replace an existing identity [✔]
KelGroups.Store (SQLite)
  empty KEL
    opening empty DB gives emptyState [✔]
  roundtrip
    signers match after append+read [✔]
      +++ OK, passed 100 tests.
  fold consistency
    incremental TVar matches reopened replay [✔]
      +++ OK, passed 100 tests.
  readEventsFrom
    returns tail from index N [✔]
    returns empty for index beyond length [✔]
  kelLength
    length matches number of appends + 1 [✔]
      +++ OK, passed 100 tests.
Store-through invariants (Lean mirrors)
  bootstrap_iff_zero_admins [✔]
    +++ OK, passed 100 tests.
  normal_iff_positive_admins [✔]
    +++ OK, passed 100 tests.
  empty_is_bootstrap [✔]
  majority_le [✔]
    +++ OK, passed 100 tests.
  majority_pos [✔]
    +++ OK, passed 100 tests.
  admin_member_means_normal [✔]
    +++ OK, passed 100 tests.
  enact_introduce_admin_exits_bootstrap [✔]
    +++ OK, passed 100 tests.
  enact_introduce_admin_count [✔]
    +++ OK, passed 100 tests.
  enact_introduce_nonadmin_count [✔]
    +++ OK, passed 100 tests.
  enact_preserves_pendingProposals [✔]
    +++ OK, passed 100 tests.
  enact_remove_preserves_normal [✔]
    +++ OK, passed 100 tests.
  bootstrap_proposal_immediately_enacted [✔]
    +++ OK, passed 100 tests.
  single_admin_proposal_enacted [✔]
    +++ OK, passed 100 tests.
KelGroups.Server (HTTP)
  GET /condition
    empty KEL: non-member gets 403 [✔]
    empty KEL: missing key gets 401 [✔]
  POST /events
    bootstrap with correct passphrase succeeds [✔]
    wrong passphrase returns 401 [✔]
    missing passphrase in bootstrap returns 401 [✔]
  GET /events
    after submit returns event [✔]
    non-member gets 403 [✔]
  POST + GET roundtrip
    submitted event matches retrieved [✔]
  GET /condition reflects changes
    after bootstrap, mode is normal [✔]
  validation errors
    invalid event in normal mode returns 422 [✔]
  unknown route
    returns 404 [✔]
  GET /info
    returns public admin emails [✔]
  SSE /stream
    receives notification after POST [✔]
E2E scenarios
  Group bootstrap and single-admin lifecycle
    bootstrap → add member → verify state [✔]
  Multi-admin approval flow
    3 admins, proposal requires 2 approvals [✔]
thread blocked indefinitely in an STM transaction
    duplicate approval is rejected [✔]
  Member removal
    admin removes a member via proposal [✔]
    removing last admin returns to bootstrap [✔]
  Role changes
    promote member to admin [✔]
    demote admin to regular member [✔]
  KEL replay via GET /events
    reads back all events in order [✔]
  Authorization edge cases
    non-member cannot propose [✔]
    non-admin member cannot propose [✔]
    bootstrap rejects missing passphrase [✔]
    duplicate member introduction is rejected [✔]
  Re-bootstrap after total admin removal
    new admin can bootstrap after wipe [✔]
  SSE receives all events in sequence
    2 POSTs yield 2 SSE notifications [✔]
Multi-client scenarios
  Two clients: admin bootstraps, outsider joins
    Bob sees empty group, Alice bootstraps, Bob joins [✔]
  Three clients: multi-admin majority approval
    3 admins require 2 approvals for Dave [✔]
  Three clients: full lifecycle
    introduce, remove, wipe, re-bootstrap [✔]
S28-1 distinct types + signer + GroupView
  member add authorizes through the sole view [✔]
  nonmember app refused before any fold [✔]
  nonadmin reset never advances the counter [✔]
    +++ OK, passed 100 tests.
S28-1 rejecting step before append
  accepted events persist with readable rows [✔]
  domain-invalid add never appends a byte [✔]
  nonmember append persists nothing byte-identical [✔]
S28-1 atomic hook
  succeeding hook commits with admitted evidence [✔]
  hook refusal rejects the whole transition [✔]
  failing hook restores prestate plus prelog [✔]
S28-1 direct-only admission
  direct admit by admin inserts the member [✔]
  reserved key refused apart from members [✔]
  voted mutations never insert members [✔]
    +++ OK, passed 100 tests.
  nonempty pendingBase roundtrips through JSON [✔]
  old rows decode with empty pendingBase [✔]
  malformed pendingBase fails decode [✔]
S28-1 validate/fold agreement
  prefix folds match steps over mixed traces [✘]
thread blocked indefinitely in an STM transaction
  founding folds match steps over mixed traces [✔]
    +++ OK, passed 100 tests.
  accepted traces apply cleanly end to end [✔]
S28-1 no client-decided authority
  verdicts flow only through the boundary [✔]
  replayed log reproduces live state exactly [✔]
  unknown approval refused over pendingBase [✔]
  voted validation covers both arms exactly [✔]
  pending entries survive close and reopen [✔]

Failures:

  test/S28AppApiSpec.hs:385:9: 
  1) S28-1 validate/fold agreement prefix folds match steps over mixed traces
       uncaught exception: ErrorCall
       MUTANT-M5
       CallStack (from HasCallStack):
         error, called at lib/KelGroups/Fold.hs:468:27 in kelgroups-0.1.0.0-inplace:KelGroups.Fold
       (after 2 tests)
         [("admin-key-1",IEApp DemoReset)]

  To rerun use: --match "/S28-1 validate/fold agreement/prefix folds match steps over mixed traces/" --seed 1802999236

Randomized with seed 1802999236

Finished in 21.8230 seconds
127 examples, 1 failure
Test suite invariants: FAIL
Test suite logged to:
/code/kelgroups-issue-28/./dist-newstyle/build/x86_64-linux/ghc-9.8.4/kelgroups-0.1.0.0/t/invariants/noopt/test/kelgroups-0.1.0.0-invariants.log
0 of 1 test suites (0 of 1 test cases) passed.
Error: [Cabal-7125]
Tests failed for test:invariants from kelgroups-0.1.0.0.

M5 test exit=1 sha256=a823c7664ce1875957339d9acebd5c1833193add70e0286857df2486d48d8cc6
KILL-QUOTE(M5): failing example: prefix folds match steps over mixed traces
  test/S28AppApiSpec.hs:385:9: 
  1) S28-1 validate/fold agreement prefix folds match steps over mixed traces
       uncaught exception: ErrorCall
       MUTANT-M5
       CallStack (from HasCallStack):
         error, called at lib/KelGroups/Fold.hs:468:27 in kelgroups-0.1.0.0-inplace:KelGroups.Fold
       (after 2 tests)
         [("admin-key-1",IEApp DemoReset)]

  To rerun use: --match "/S28-1 validate/fold agreement/prefix folds match steps over mixed traces/" --seed 1802999236

Randomized with seed 1802999236

Finished in 21.8230 seconds
127 examples, 1 failure
Test suite invariants: FAIL
Test suite logged to:
/code/kelgroups-issue-28/./dist-newstyle/build/x86_64-linux/ghc-9.8.4/kelgroups-0.1.0.0/t/invariants/noopt/test/kelgroups-0.1.0.0-invariants.log
0 of 1 test suites (0 of 1 test cases) passed.
Error: [Cabal-7125]
LEG-PASS: 5-M5: test RED quoting agreement witness
restored byte-exact: lib/KelGroups/Fold.hs (M5)
--- M6 second path + rewired verdict (expect TEST red quoting an authority example) ---
M6 diff sha256=b40869e5e0c00cb922398b82468bd65883d85c1df1116c4b9e063b4410b52a9f
warning: Git tree '/code/kelgroups-issue-28' is dirty
Build profile: -w ghc-9.8.4 -O0
In order, the following will be built (use -v for more details):
 - kelgroups-0.1.0.0 (lib) (file lib/KelGroups/Store.hs changed)
 - keri-hs-0.1.0.0 (test:unit-tests) (first run)
 - kelgroups-0.1.0.0 (test:invariants) (dependency rebuilt)
Preprocessing library for kelgroups-0.1.0.0...
Building library for kelgroups-0.1.0.0...
Preprocessing test suite 'unit-tests' for keri-hs-0.1.0.0...
Building test suite 'unit-tests' for keri-hs-0.1.0.0...
[ 8 of 11] Compiling KelGroups.Fold   ( lib/KelGroups/Fold.hs, dist-newstyle/build/x86_64-linux/ghc-9.8.4/kelgroups-0.1.0.0/noopt/build/KelGroups/Fold.o, dist-newstyle/build/x86_64-linux/ghc-9.8.4/kelgroups-0.1.0.0/noopt/build/KelGroups/Fold.dyn_o ) [Source file changed]
[10 of 11] Compiling KelGroups.Store  ( lib/KelGroups/Store.hs, dist-newstyle/build/x86_64-linux/ghc-9.8.4/kelgroups-0.1.0.0/noopt/build/KelGroups/Store.o, dist-newstyle/build/x86_64-linux/ghc-9.8.4/kelgroups-0.1.0.0/noopt/build/KelGroups/Store.dyn_o ) [Source file changed]

lib/KelGroups/Store.hs:635:79: error: [GHC-22385]
    Not in scope: record field ‘appFold’
    Suggested fix:
      Add ‘appFold’ to the import list in the import of ‘KelGroups.State’
      (at lib/KelGroups/Store.hs:74:1-47).
    |
635 | unsafeSetAppStateSTM var newApp = readTVar var >>= \gs -> writeTVar var (gs { appFold = newApp })
    |                                                                               ^^^^^^^
Running 1 test suites...
Test suite unit-tests: RUNNING...

Keri.Cesr
  CESR roundtrip
    roundtrips arbitrary 32-byte Ed25519 keys [✔]
      +++ OK, passed 100 tests.
    roundtrips arbitrary 32-byte digests [✔]
      +++ OK, passed 100 tests.
    roundtrips arbitrary 64-byte signatures [✔]
      +++ OK, passed 100 tests.
  mkPrimitive
    rejects wrong size [✔]
    accepts correct size [✔]
Keri.Cesr.Decode
  decode
    roundtrips Ed25519PubKey [✔]
    roundtrips Ed25519Sig [✔]
    roundtrips Blake2bDigest [✔]
    decodes keripy test vector [✔]
    rejects too-short input [✔]
    rejects unknown codes [✔]
  cesr-test-vectors
    decodes code D [✔]
    decodes code F [✔]
    decodes code 0B [✔]
Keri.Cesr.DerivationCode
  codeText
    Ed25519PubKey is D [✔]
    Blake2bDigest is F [✔]
    Ed25519Sig is 0B [✔]
  rawSize
    Ed25519PubKey is 32 bytes [✔]
    Blake2bDigest is 32 bytes [✔]
    Ed25519Sig is 64 bytes [✔]
  codeLength
    Ed25519PubKey is 1 char [✔]
    Blake2bDigest is 1 char [✔]
    Ed25519Sig is 2 chars [✔]
  totalLength
    Ed25519PubKey is 44 chars [✔]
    Blake2bDigest is 44 chars [✔]
    Ed25519Sig is 88 chars [✔]
  identifyCode
    identifies D as Ed25519PubKey [✔]
    identifies F as Blake2bDigest [✔]
    identifies 0B as Ed25519Sig [✔]
    rejects unknown codes [✔]
Keri.Cesr.Encode
  encode
    encodes a 32-byte key to 44 chars [✔]
    starts with code prefix D [✔]
    encodes a 64-byte sig to 88 chars [✔]
    starts with code prefix 0B [✔]
    encodes a digest with code F [✔]
    matches keripy test vector for Ed25519 [✔]
  cesr-test-vectors
    code D (Ed25519 transferable) [✔]
    code F (Blake2b-256 digest) [✔]
    code 0B (Ed25519 signature) [✔]
Keri.Crypto.Blake3
  hash
    produces 32 bytes [✔]
    is deterministic [✔]
    differs for different inputs [✔]
    hash size is 32 [✔]
Keri.Crypto.Digest
  saidPlaceholder
    is 44 characters [✔]
    is all # characters [✔]
  computeSaid
    returns 44-char CESR text [✔]
    starts with F (digest code) [✔]
    is deterministic [✔]
    differs for different inputs [✔]
Keri.Crypto.Ed25519
  generateKeyPair
    generates a key pair [✔]
    generates distinct key pairs [✔]
  sign and verify
    verifies a valid signature [✔]
    rejects wrong message [✔]
    rejects wrong key [✔]
  publicKeyFromBytes
    roundtrips [✔]
    rejects wrong size [✔]
Keri.Event.Inception
  mkInception
    creates an inception event [✔]
    sets prefix equal to digest [✔]
    sets sequence number to 0 [✔]
    SAID is not placeholder [✔]
    SAID starts with F (digest code) [✔]
    version has correct size [✔]
Keri.Event.Interaction
  mkInteraction
    creates an interaction event [✔]
    preserves prefix [✔]
    SAID starts with F [✔]
Keri.Event.Rotation
  mkRotation
    creates a rotation event [✔]
    preserves prefix [✔]
    SAID differs from prefix [✔]
    SAID starts with F [✔]
Keri.Event.Serialize
  serializeEvent
    produces valid JSON for inception [✔]
    has deterministic field order [✔]
    serializes interaction [✔]
    serializes receipt [✔]
Keri.Kel
  append
    appends inception to empty KEL [✔]
    rejects non-inception as first event [✔]
  replay
    replays single inception [✔]
    replays inception + interaction [✔]
    rejects empty KEL [✔]
Keri.KeyState
  initialState
    sets prefix from inception [✔]
    sets sequence number to 0 [✔]
  applyEvent
    rejects inception on existing state [✔]
    applies rotation with valid pre-rotation [✔]
    rejects wrong sequence number [✔]
    rejects wrong prefix [✔]
    receipt does not change state [✔]
    rotation with empty pre-rotation [✔]
  verifySignatures
    threshold zero is always met [✔]
Keri.KeyState.PreRotation
  commitKey
    produces a digest commitment [✔]
    is deterministic [✔]
  verifyCommitment
    verifies matching key and commitment [✔]
    rejects wrong key [✔]

Finished in 0.0484 seconds
91 examples, 0 failures
Test suite unit-tests: PASS
Test suite logged to:
/code/kelgroups-issue-28/dist-newstyle/build/x86_64-linux/ghc-9.8.4/keri-hs-0.1.0.0/t/unit-tests/noopt/test/keri-hs-0.1.0.0-unit-tests.log
1 of 1 test suites (1 of 1 test cases) passed.
Error: [Cabal-7125]
Failed to build kelgroups-0.1.0.0 (which is required by test:invariants from kelgroups-0.1.0.0).

M6 test exit=1 sha256=fd9468eb38fd08d8352b6d38d1a3c7d3822a6a187cae945cc45196f6040d3978
MUTANT-INCONCLUSIVE(M6): nonzero exit with EMPTY Failures section (crash/timeout/infra — never a kill)
LEG-FAIL: 5-M6: expected witness-quoted RED (exit=1)
restored byte-exact: lib/KelGroups/Store.hs (M6)
LEG-PASS: 5-reverted: tracked tree clean after mutants
LEG-FAIL: 5: one or more mutant rows did not pass (see above)
===== LEG 6: full just ci (ACTUAL CI: nix develop .#ci --quiet -c just ci) =====
fourmolu -i lib/**/*.hs test/*.hs app/*.hs
Loaded config from: /code/kelgroups-issue-28/fourmolu.yaml
cabal-fmt -i kelgroups.cabal
hlint lib/
No hints
cabal build all -O0
Build profile: -w ghc-9.8.4 -O0
In order, the following will be built (use -v for more details):
 - kelgroups-0.1.0.0 (lib) (file lib/KelGroups/Fold.hs changed)
 - kelgroups-0.1.0.0 (exe:kelgroups-server) (dependency rebuilt)
Preprocessing library for kelgroups-0.1.0.0...
Building library for kelgroups-0.1.0.0...
Preprocessing executable 'kelgroups-server' for kelgroups-0.1.0.0...
Building executable 'kelgroups-server' for kelgroups-0.1.0.0...
[2 of 2] Linking dist-newstyle/build/x86_64-linux/ghc-9.8.4/kelgroups-0.1.0.0/x/kelgroups-server/noopt/build/kelgroups-server/kelgroups-server [Library changed]
cabal test all -O0 --test-show-details=direct
Build profile: -w ghc-9.8.4 -O0
In order, the following will be built (use -v for more details):
 - kelgroups-0.1.0.0 (test:invariants) (file /code/kelgroups-issue-28/dist-newstyle/build/x86_64-linux/ghc-9.8.4/kelgroups-0.1.0.0/noopt/cache/build changed)
 - keri-hs-0.1.0.0 (test:unit-tests) (first run)
Preprocessing test suite 'invariants' for kelgroups-0.1.0.0...
Building test suite 'invariants' for kelgroups-0.1.0.0...
Preprocessing test suite 'unit-tests' for keri-hs-0.1.0.0...
Building test suite 'unit-tests' for keri-hs-0.1.0.0...
[17 of 17] Linking dist-newstyle/build/x86_64-linux/ghc-9.8.4/kelgroups-0.1.0.0/t/invariants/noopt/build/invariants/invariants [Library changed]
Running 1 test suites...
Test suite unit-tests: RUNNING...

Keri.Cesr
  CESR roundtrip
    roundtrips arbitrary 32-byte Ed25519 keys [✔]
      +++ OK, passed 100 tests.
    roundtrips arbitrary 32-byte digests [✔]
      +++ OK, passed 100 tests.
    roundtrips arbitrary 64-byte signatures [✔]
      +++ OK, passed 100 tests.
  mkPrimitive
    rejects wrong size [✔]
    accepts correct size [✔]
Keri.Cesr.Decode
  decode
    roundtrips Ed25519PubKey [✔]
    roundtrips Ed25519Sig [✔]
    roundtrips Blake2bDigest [✔]
    decodes keripy test vector [✔]
    rejects too-short input [✔]
    rejects unknown codes [✔]
  cesr-test-vectors
    decodes code D [✔]
    decodes code F [✔]
    decodes code 0B [✔]
Keri.Cesr.DerivationCode
  codeText
    Ed25519PubKey is D [✔]
    Blake2bDigest is F [✔]
    Ed25519Sig is 0B [✔]
  rawSize
    Ed25519PubKey is 32 bytes [✔]
    Blake2bDigest is 32 bytes [✔]
    Ed25519Sig is 64 bytes [✔]
  codeLength
    Ed25519PubKey is 1 char [✔]
    Blake2bDigest is 1 char [✔]
    Ed25519Sig is 2 chars [✔]
  totalLength
    Ed25519PubKey is 44 chars [✔]
    Blake2bDigest is 44 chars [✔]
    Ed25519Sig is 88 chars [✔]
  identifyCode
    identifies D as Ed25519PubKey [✔]
    identifies F as Blake2bDigest [✔]
    identifies 0B as Ed25519Sig [✔]
    rejects unknown codes [✔]
Keri.Cesr.Encode
  encode
    encodes a 32-byte key to 44 chars [✔]
    starts with code prefix D [✔]
    encodes a 64-byte sig to 88 chars [✔]
    starts with code prefix 0B [✔]
    encodes a digest with code F [✔]
    matches keripy test vector for Ed25519 [✔]
  cesr-test-vectors
    code D (Ed25519 transferable) [✔]
    code F (Blake2b-256 digest) [✔]
    code 0B (Ed25519 signature) [✔]
Keri.Crypto.Blake3
  hash
    produces 32 bytes [✔]
    is deterministic [✔]
    differs for different inputs [✔]
    hash size is 32 [✔]
Keri.Crypto.Digest
  saidPlaceholder
    is 44 characters [✔]
    is all # characters [✔]
  computeSaid
    returns 44-char CESR text [✔]
    starts with F (digest code) [✔]
    is deterministic [✔]
    differs for different inputs [✔]
Keri.Crypto.Ed25519
  generateKeyPair
    generates a key pair [✔]
    generates distinct key pairs [✔]
  sign and verify
    verifies a valid signature [✔]
    rejects wrong message [✔]
    rejects wrong key [✔]
  publicKeyFromBytes
    roundtrips [✔]
    rejects wrong size [✔]
Keri.Event.Inception
  mkInception
    creates an inception event [✔]
    sets prefix equal to digest [✔]
    sets sequence number to 0 [✔]
    SAID is not placeholder [✔]
    SAID starts with F (digest code) [✔]
    version has correct size [✔]
Keri.Event.Interaction
  mkInteraction
    creates an interaction event [✔]
    preserves prefix [✔]
    SAID starts with F [✔]
Keri.Event.Rotation
  mkRotation
    creates a rotation event [✔]
    preserves prefix [✔]
    SAID differs from prefix [✔]
    SAID starts with F [✔]
Keri.Event.Serialize
  serializeEvent
    produces valid JSON for inception [✔]
    has deterministic field order [✔]
    serializes interaction [✔]
    serializes receipt [✔]
Keri.Kel
  append
    appends inception to empty KEL [✔]
    rejects non-inception as first event [✔]
  replay
    replays single inception [✔]
    replays inception + interaction [✔]
    rejects empty KEL [✔]
Keri.KeyState
  initialState
    sets prefix from inception [✔]
    sets sequence number to 0 [✔]
  applyEvent
    rejects inception on existing state [✔]
    applies rotation with valid pre-rotation [✔]
    rejects wrong sequence number [✔]
    rejects wrong prefix [✔]
    receipt does not change state [✔]
    rotation with empty pre-rotation [✔]
  verifySignatures
    threshold zero is always met [✔]
Keri.KeyState.PreRotation
  commitKey
    produces a digest commitment [✔]
    is deterministic [✔]
  verifyCommitment
    verifies matching key and commitment [✔]
    rejects wrong key [✔]

Finished in 0.0455 seconds
91 examples, 0 failures
Test suite unit-tests: PASS
Test suite logged to:
/code/kelgroups-issue-28/dist-newstyle/build/x86_64-linux/ghc-9.8.4/keri-hs-0.1.0.0/t/unit-tests/noopt/test/keri-hs-0.1.0.0-unit-tests.log
1 of 1 test suites (1 of 1 test cases) passed.
Running 1 test suites...
Test suite invariants: RUNNING...

Invariant 1: bootstrap ↔ zero admins
  bootstrap mode implies zero admins [✔]
    +++ OK, passed 100 tests.
  normal mode implies positive admins [✔]
    +++ OK, passed 100 tests.
Invariant 2: empty state
  empty state is in bootstrap mode [✔]
Invariant 3: majority properties
  majority of 0 admins is 0 [✔]
  majority of 1 admin is 1 [✔]
  majority of 2 admins is 1 [✔]
  majority of 3 admins is 2 [✔]
  majority n ≤ n [✔]
    +++ OK, passed 100 tests.
  majority of positive admin count is positive [✔]
    +++ OK, passed 100 tests.
Invariant 4: remove all → bootstrap
  removing all members triggers bootstrap [✔]
Invariant 5: admin member → normal
  state with at least one admin is in normal mode [✔]
    +++ OK, passed 100 tests.
Tier 1: enact_introduce_admin_exits_bootstrap
  introducing admin makes adminCount > 0 [✔]
    +++ OK, passed 100 tests.
Tier 1: enact_introduce_admin_count
  introducing admin increases adminCount by 1 [✔]
    +++ OK, passed 100 tests.
Tier 1: enact_introduce_nonadmin_count
  introducing non-admin preserves adminCount [✔]
    +++ OK, passed 100 tests.
Tier 1: enact_preserves_pendingProposals
  enact only touches members [✔]
    +++ OK, passed 100 tests.
Tier 1: foldGroup_nil
  folding empty list yields emptyState [✔]
Tier 2: bootstrap_proposal_immediately_enacted
  bootstrap proposal has no pending after apply [✔]
    +++ OK, passed 100 tests.
Tier 2: single_admin_proposal_enacted
  single admin proposal is enacted immediately [✔]
    +++ OK, passed 100 tests.
Tier 3: enact_remove_preserves_normal
  adminCount >= 2 and remove keeps adminCount >= 1 [✔]
    +++ OK, passed 100 tests.
App/base separation
  app event preserves members [✔]
    +++ OK, passed 100 tests.
  app event preserves pendingProposals [✔]
    +++ OK, passed 100 tests.
Approve identity
  approve nonexistent is identity [✔]
    +++ OK, passed 100 tests.
Enact member count effects
  changeRoles preserves member count [✔]
    +++ OK, passed 100 tests.
  introduce increases member count [✔]
    +++ OK, passed 100 tests.
Bootstrap validation
  bootstrap accepts admin intro [✔]
    +++ OK, passed 100 tests.
  bootstrap rejects non-admin intro [✔]
    +++ OK, passed 100 tests.
  bootstrap rejects remove [✔]
    +++ OK, passed 100 tests.
  bootstrap rejects changeRoles [✔]
    +++ OK, passed 100 tests.
Normal mode: auth
  non-member proposal rejected [✔]
    +++ OK, passed 100 tests.
  non-admin proposal rejected [✔]
    +++ OK, passed 100 tests.
  non-member app event rejected [✔]
    +++ OK, passed 100 tests.
  member app event accepted [✔]
    +++ OK, passed 100 tests.
Normal mode: proposal constraints
  introduce existing rejected [✔]
    +++ OK, passed 100 tests.
  remove nonmember rejected [✔]
    +++ OK, passed 100 tests.
  valid admin proposal accepted [✔]
    +++ OK, passed 100 tests.
Normal mode: approval constraints
  approve missing rejected [✔]
    +++ OK, passed 100 tests.
  double approve rejected [✔]
    +++ OK, passed 100 tests.
  valid approval accepted [✔]
    +++ OK, passed 100 tests.
KelGroups.Jwk
  RFC 8037 appendix vectors
    imports the A.1 Ed25519 private key [✔]
    reproduces the A.4 signature [✔]
  round trip
    preserves generated key pairs [✔]
      +++ OK, passed 100 tests.
    signatures verify across export/import [✔]
      +++ OK, passed 100 tests.
  JSON shape
    emits exactly kty/crv/x/d [✔]
    never shows key material via Show [✔]
  malformed input rejection
    rejects wrong kty [✔]
    rejects unsupported curve [✔]
    rejects bad base64url characters [✔]
    rejects padded base64url [✔]
    rejects truncated d [✔]
    rejects short x [✔]
    rejects empty members [✔]
    rejects non-canonical padding bits [✔]
    rejects mismatched public/private key [✔]
  store integration
    imports into a fresh store and reloads [✔]
    refuses to replace an existing identity [✔]
KelGroups.Store (SQLite)
  empty KEL
    opening empty DB gives emptyState [✔]
  roundtrip
    signers match after append+read [✔]
      +++ OK, passed 100 tests.
  fold consistency
    incremental TVar matches reopened replay [✔]
      +++ OK, passed 100 tests.
  readEventsFrom
    returns tail from index N [✔]
    returns empty for index beyond length [✔]
  kelLength
    length matches number of appends + 1 [✔]
      +++ OK, passed 100 tests.
Store-through invariants (Lean mirrors)
  bootstrap_iff_zero_admins [✔]
    +++ OK, passed 100 tests.
  normal_iff_positive_admins [✔]
    +++ OK, passed 100 tests.
  empty_is_bootstrap [✔]
  majority_le [✔]
    +++ OK, passed 100 tests.
  majority_pos [✔]
    +++ OK, passed 100 tests.
  admin_member_means_normal [✔]
    +++ OK, passed 100 tests.
  enact_introduce_admin_exits_bootstrap [✔]
    +++ OK, passed 100 tests.
  enact_introduce_admin_count [✔]
    +++ OK, passed 100 tests.
  enact_introduce_nonadmin_count [✔]
    +++ OK, passed 100 tests.
  enact_preserves_pendingProposals [✔]
    +++ OK, passed 100 tests.
  enact_remove_preserves_normal [✔]
    +++ OK, passed 100 tests.
  bootstrap_proposal_immediately_enacted [✔]
    +++ OK, passed 100 tests.
  single_admin_proposal_enacted [✔]
    +++ OK, passed 100 tests.
KelGroups.Server (HTTP)
  GET /condition
    empty KEL: non-member gets 403 [✔]
    empty KEL: missing key gets 401 [✔]
  POST /events
    bootstrap with correct passphrase succeeds [✔]
    wrong passphrase returns 401 [✔]
    missing passphrase in bootstrap returns 401 [✔]
  GET /events
    after submit returns event [✔]
    non-member gets 403 [✔]
  POST + GET roundtrip
    submitted event matches retrieved [✔]
  GET /condition reflects changes
    after bootstrap, mode is normal [✔]
  validation errors
    invalid event in normal mode returns 422 [✔]
  unknown route
    returns 404 [✔]
  GET /info
    returns public admin emails [✔]
  SSE /stream
    receives notification after POST [✔]
E2E scenarios
  Group bootstrap and single-admin lifecycle
    bootstrap → add member → verify state [✔]
  Multi-admin approval flow
    3 admins, proposal requires 2 approvals [✔]
    duplicate approval is rejected [✔]
  Member removal
    admin removes a member via proposal [✔]
thread blocked indefinitely in an STM transaction
    removing last admin returns to bootstrap [✔]
  Role changes
    promote member to admin [✔]
    demote admin to regular member [✔]
  KEL replay via GET /events
    reads back all events in order [✔]
  Authorization edge cases
    non-member cannot propose [✔]
    non-admin member cannot propose [✔]
    bootstrap rejects missing passphrase [✔]
    duplicate member introduction is rejected [✔]
  Re-bootstrap after total admin removal
    new admin can bootstrap after wipe [✔]
  SSE receives all events in sequence
    2 POSTs yield 2 SSE notifications [✔]
Multi-client scenarios
  Two clients: admin bootstraps, outsider joins
    Bob sees empty group, Alice bootstraps, Bob joins [✔]
  Three clients: multi-admin majority approval
thread blocked indefinitely in an STM transaction
    3 admins require 2 approvals for Dave [✔]
  Three clients: full lifecycle
    introduce, remove, wipe, re-bootstrap [✔]
S28-1 distinct types + signer + GroupView
  member add authorizes through the sole view [✔]
  nonmember app refused before any fold [✔]
  nonadmin reset never advances the counter [✔]
    +++ OK, passed 100 tests.
S28-1 rejecting step before append
  accepted events persist with readable rows [✔]
  domain-invalid add never appends a byte [✔]
  nonmember append persists nothing byte-identical [✔]
S28-1 atomic hook
  succeeding hook commits with admitted evidence [✔]
  hook refusal rejects the whole transition [✔]
  failing hook restores prestate plus prelog [✔]
S28-1 direct-only admission
  direct admit by admin inserts the member [✔]
  reserved key refused apart from members [✔]
  voted mutations never insert members [✔]
    +++ OK, passed 100 tests.
  nonempty pendingBase roundtrips through JSON [✔]
  old rows decode with empty pendingBase [✔]
  malformed pendingBase fails decode [✔]
S28-1 validate/fold agreement
  prefix folds match steps over mixed traces [✔]
    +++ OK, passed 100 tests.
  founding folds match steps over mixed traces [✔]
    +++ OK, passed 100 tests.
  accepted traces apply cleanly end to end [✔]
S28-1 no client-decided authority
  verdicts flow only through the boundary [✔]
  replayed log reproduces live state exactly [✔]
  unknown approval refused over pendingBase [✔]
  voted validation covers both arms exactly [✔]
  pending entries survive close and reopen [✔]

Finished in 22.4489 seconds
127 examples, 0 failures
Test suite invariants: PASS
Test suite logged to:
/code/kelgroups-issue-28/./dist-newstyle/build/x86_64-linux/ghc-9.8.4/kelgroups-0.1.0.0/t/invariants/noopt/test/kelgroups-0.1.0.0-invariants.log
1 of 1 test suites (1 of 1 test cases) passed.
cd lean && lake build
Build completed successfully (17 jobs).
cd client && npm install && spago build

up to date, audited 3 packages in 556ms

found 0 vulnerabilities
(node:1718317) ExperimentalWarning: SQLite is an experimental feature and might change at any time
(Use `node --trace-warnings ...` to show where the warning was created)
Reading Spago workspace configuration...

✓ Selecting 2 packages to build:
    kelgroups-client
    kelgroups-trivial

Downloading dependencies...
Building...
           Src   Lib   All
Warnings     0     0     0
Errors       0     0     0

✓ Build succeeded.

cd client && spago test -p kelgroups-client
(node:1718631) ExperimentalWarning: SQLite is an experimental feature and might change at any time
(Use `node --trace-warnings ...` to show where the warning was created)
Reading Spago workspace configuration...

✓ Selecting package to build: kelgroups-client

Downloading dependencies...
Building...
           Src   Lib   All
Warnings     0     0     0
Errors       0     0     0

✓ Build succeeded.

Running tests for package: kelgroups-client
=== Static Invariants ===
  S1: bootstrap iff zero admins
100/100 test(s) passed.
  S2: empty state is bootstrap
100/100 test(s) passed.
  S3: majority(0) = 0
100/100 test(s) passed.
  S4: majority(1) = 1
100/100 test(s) passed.
  S5: majority(n) <= n
100/100 test(s) passed.
  S6: majority(n) > 0 when n > 0
100/100 test(s) passed.
  S7: admin member implies member
100/100 test(s) passed.
  B1: zero admins means bootstrap
100/100 test(s) passed.

=== Transition Invariants ===
  T1: enact introduce admin exits bootstrap
100/100 test(s) passed.
  T2: enact introduce admin increments count
100/100 test(s) passed.
  T3: enact introduce non-admin preserves count
100/100 test(s) passed.
  T4: enact preserves pendingProposals
100/100 test(s) passed.
  T5: foldGroup [] = emptyState
100/100 test(s) passed.
  T6: bootstrap proposal immediately enacted
100/100 test(s) passed.
  T7: single admin proposal enacted immediately
100/100 test(s) passed.
  T8: remove with >=2 admins keeps >=1
100/100 test(s) passed.
  B2: proposal in bootstrap auto-enacted
100/100 test(s) passed.
  B3: single admin proposal auto-enacted
100/100 test(s) passed.
  B4: bootstrap intro creates admin member
100/100 test(s) passed.

=== Fold Invariants ===
  F1: app event preserves members
100/100 test(s) passed.
  F2: app event preserves pendingProposals
100/100 test(s) passed.
  F3: approve nonexistent is identity
100/100 test(s) passed.
  F4: changeRoles preserves member count
100/100 test(s) passed.
  F5: introduce increases member count
100/100 test(s) passed.

=== JWK Key Export/Import ===
  J1: RFC 8037 A.1 key imports with A.1 members
  J2: RFC 8037 A.4 signature reproduces
  J3: export then import preserves the pair
100/100 test(s) passed.
  J4: JSON round trip preserves the members
100/100 test(s) passed.
  J5: rejects wrong kty
  J6: rejects unsupported curve
  J7: rejects bad base64url characters
  J8: rejects padded base64url
  J9: rejects truncated d
  J10: rejects short x
  J11: rejects empty members
  J12: rejects non-canonical padding bits
  J13: rejects mismatched public/private key

=== All properties passed ===

✓ Test succeeded for package "kelgroups-client".

ci exit=0 sha256=6cf9bcb15a5c1242d3910f6c6655bfa9085f2c127536b564225516e969fcc998
100/100 test(s) passed.
  J5: rejects wrong kty
  J6: rejects unsupported curve
  J7: rejects bad base64url characters
  J8: rejects padded base64url
  J9: rejects truncated d
  J10: rejects short x
  J11: rejects empty members
  J12: rejects non-canonical padding bits
  J13: rejects mismatched public/private key

=== All properties passed ===

✓ Test succeeded for package "kelgroups-client".

LEG-PASS: 6: just ci exit 0
===== LEG 7: Trivial degenerate presence (not counted) =====
LEG-PASS: 7a: Trivial exports present
LEG-PASS: 7b: Trivial.hs contains no S28-1 (not counted)
===== LEG 1: tracked hygiene (after) =====
LEG-PASS: 1-after: no tracked drift
evidence: /tmp/reactivegas/ms2/e-kelgroups-substrate/t28-app-api/handoffs/evidence/20260905T141704Z-84a2dae-*.log (full log: /tmp/reactivegas/ms2/e-kelgroups-substrate/t28-app-api/handoffs/evidence/20260905T141704Z-84a2dae-gate-full.log)
===== GATE G28-1 v6 (r5-Q005-addendum) COMPLETE: OVERALL_FAIL=1 =====
