S2-CENSUS defn-pred=19
S2-CENSUS defn-nonpred=1719
S2-CENSUS induct-pred=5
S2-CENSUS induct-nonpred=49
S2-CENSUS opaque-pred=0
S2-CENSUS opaque-nonpred=0
S2-CENSUS thm-excluded=1201
S2-CENSUS axiom-excluded=0
S2-CENSUS ctor-rec-excluded=194
S2-CENSUS unclassified=0
S2-CENSUS nonowned=149433
S2-CENSUS-BELOW-EXCLUDED Reach.below
S2-CENSUS-OLD KelGroups.Enacts
S2-CENSUS-OLD KelGroups.MembersCoherent
S2-CENSUS-OLD KelGroups.PendingCoherent
S2-CENSUS-OLD KelGroups.PendingWellFormed
S2-CENSUS-OLD KelGroups.Vote.PreservesQuestionSemantics
S2-CENSUS-OLD KelGroups.Vote.QuestionClean
S2-CENSUS-OLD KelGroups.Vote.SweepReady
S2-CENSUS-OLD KelGroups.Vote.VoteWellFormed
S2-CENSUS-OLD KelGroups.WellFormed
S2-CENSUS-OLD Reach
S2-CENSUS-OLD Reach.below
S2-CENSUS-OLD allUniquePledges
S2-CENSUS-OLD authorizedStep
S2-CENSUS-OLD canCloseGroup
S2-CENSUS-OLD comune_not_a_member
S2-CENSUS-OLD conservation
S2-CENSUS-OLD doubleEntry
S2-CENSUS-OLD escrowHeld
S2-CENSUS-OLD governanceEnacts
S2-CENSUS-OLD insolvent
S2-CENSUS-OLD permissionToClose
S2-CENSUS-OLD solvent
S2-CENSUS-OLD stalled
S2-CENSUS-OLD uniquePledges
S2-CENSUS-NEW KelGroups.Enacts
S2-CENSUS-NEW KelGroups.MembersCoherent
S2-CENSUS-NEW KelGroups.PendingCoherent
S2-CENSUS-NEW KelGroups.PendingWellFormed
S2-CENSUS-NEW KelGroups.Vote.PreservesQuestionSemantics
S2-CENSUS-NEW KelGroups.Vote.QuestionClean
S2-CENSUS-NEW KelGroups.Vote.SweepReady
S2-CENSUS-NEW KelGroups.Vote.VoteWellFormed
S2-CENSUS-NEW KelGroups.WellFormed
S2-CENSUS-NEW Reach
S2-CENSUS-NEW Reach.below
S2-CENSUS-NEW allUniquePledges
S2-CENSUS-NEW authorizedStep
S2-CENSUS-NEW canCloseGroup
S2-CENSUS-NEW comune_not_a_member
S2-CENSUS-NEW conservation
S2-CENSUS-NEW doubleEntry
S2-CENSUS-NEW escrowHeld
S2-CENSUS-NEW governanceEnacts
S2-CENSUS-NEW insolvent
S2-CENSUS-NEW permissionToClose
S2-CENSUS-NEW solvent
S2-CENSUS-NEW stalled
S2-CENSUS-NEW uniquePledges
S2-CENSUS-OK
