admitted/MANIFEST.sha256: OK
admitted/NOTE-050-quality-s2r-header-correction.md: OK
admitted/PRIOR-AUDIT-FINAL.sha256: OK
admitted/PRIOR-AUDIT-REPORT.md: OK
admitted/SUBMISSION-1-ADMITTED.md: OK
admitted/SUBMISSION-2.md: OK
brief.md: OK
evidence/ci-comparison-initial-order-difference.txt: OK
evidence/ci-transparency.json: OK
evidence/comment-delta.diff: OK
evidence/extent-and-capture.json: OK
evidence/final-provenance.txt: OK
evidence/full-candidate.diff: OK
evidence/identity.json: OK
evidence/manifest-current-admission.log: OK
evidence/manifest-handoffs-AUTHORITY.sha256.log: OK
evidence/manifest-handoffs-EVIDENCE.sha256.log: OK
evidence/manifest-handoffs-FINAL.sha256.log: OK
evidence/manifest-handoffs-INSTRUMENTS-pre-closeout.sha256.log: OK
evidence/manifest-handoffs-INSTRUMENTS.sha256.log: OK
evidence/manifest-MANIFEST.sha256.log: OK
evidence/manifest-prior-admission.log: OK
evidence/manifest-verification.json: OK
evidence/new-S1-semantic-lines.txt: OK
evidence/owner-S18-semantic-lines.txt: OK
evidence/prior-S2-semantic-lines.txt: OK
evidence/retained-execution-observations.json: OK
evidence/retained-input-check.json: OK
evidence/retained-olean-check.log: OK
evidence/S1-ci.log: OK
evidence/S1-ci.receipt.json: OK
evidence/S1-generated-AxiomGate.lean: OK
evidence/S1-pre.json: OK
evidence/start-live.json: OK
evidence/T1-missing-root.log: OK
evidence/T1-missing-root.receipt.json: OK
evidence/tmpdir-consumers.txt: OK
evidence/tree-after.txt: OK
evidence/tree-before.txt: OK
handoffs/AUDIT-REPORT.md: OK
handoffs/COMMAND-LEDGER.json: OK
handoffs/HASH-HANDOFF.md: OK
handoffs/ROW-LEDGER.json: OK
handoffs/STATUS-PRE-FINAL.log: OK
inbox-NOTE-001-tmpdir-override-on-the-acceptance-receipt.md: OK
instruments/compare-ci-v1-order-sensitive.cjs: OK
instruments/compare-ci.cjs: OK
instruments/freeze.cjs: OK
instruments/identity.cjs: OK
instruments/missing-root.cjs: OK
instruments/report.cjs: OK
instruments/retained-check.cjs: OK
instruments/run-ci.cjs: OK
