.envrc: OK
.fourmolu.yaml: OK
.github/workflows/build-artifacts.yaml: OK
.github/workflows/ci.yaml: OK
.github/workflows/deploy-docs.yaml: OK
.github/workflows/release.yml: OK
.github/workflows/sync-cabal-version.yml: OK
.gitignore: OK
.hlint.yaml: OK
.release-please-manifest.json: OK
Applicazioni/Aggiornamento.hs: OK
Applicazioni/Amministratore.hs: OK
Applicazioni/Database/Acquisti.hs: OK
Applicazioni/Database/GPatch.hs: OK
Applicazioni/Database/Movimenti.hs: OK
Applicazioni/FileSystem.hs: OK
Applicazioni/Persistenza.hs: OK
Applicazioni/Reactivegas.hs: OK
Applicazioni/Report.hs: OK
Applicazioni/Sessione.hs: OK
CHANGELOG.md: OK
Console/console.hs: OK
Core/Aggiornamento.hs: OK
Core/Contesto.hs: OK
Core/Controllo.hs: OK
Core/Costruzione.hs: OK
Core/Dichiarazioni.hs: OK
Core/Differenze.hs: OK
Core/Inserimento.hs: OK
Core/Nodo.hs: OK
Core/Parsing.hs: OK
Core/Patch.hs: OK
Core/Programmazione.hs: OK
Core/Types.hs: OK
Eventi/Accredito.hs: OK
Eventi/Acquisto.hs: OK
Eventi/Anagrafe.hs: OK
Eventi/Impegno.hs: OK
Eventi/Logger.hs: OK
Eventi/Ordine.hs: OK
Eventi/Servizio.hs: OK
Eventi/Sincronizzatore.hs: OK
Eventi/Voci.hs: OK
LICENSE: OK
Lib/Aspetti.hs: OK
Lib/Assocs.hs: OK
Lib/Console.hs: OK
Lib/Costruzione.hs: OK
Lib/Database.hs: OK
Lib/Dimensions.hs: OK
Lib/Euro.hs: OK
Lib/Filesystem.hs: OK
Lib/Firmabile.hs: OK
Lib/HTTP.hs: OK
Lib/Interazione.hs: OK
Lib/Metrics.hs: OK
Lib/Missing.hs: OK
Lib/Modify.hs: OK
Lib/NaturalLanguage.hs: OK
Lib/Passo.hs: OK
Lib/Prioriti.hs: OK
Lib/QInteger.hs: OK
Lib/Response.hs: OK
Lib/SCGI.hs: OK
Lib/STM.hs: OK
Lib/Server/CGI.hs: OK
Lib/Server/Core.hs: OK
Lib/Server/Server.hs: OK
Lib/Server/Session.hs: OK
Lib/ShowRead.hs: OK
Lib/Signal.hs: OK
Lib/States.hs: OK
Lib/Tokens.hs: OK
Lib/TreeLogs.hs: OK
Lib/Units.hs: OK
Lib/Valuedfiles.hs: OK
README.md: OK
Server/Boot.hs: OK
Server/Layout.hs: OK
Server/Opzioni.hs: OK
Server/Service.hs: OK
Server/help.js: OK
Server/portale.css: OK
Server/static/accredito.html: OK
Server/static/boot.html: OK
Server/static/dichiarazioni.html: OK
Server/static/dichiarazioni.js: OK
Server/static/dichiarazioni.json: OK
Server/static/documenti.json: OK
Server/static/help.js: OK
Server/static/images/ui-bg_flat_0_aaaaaa_40x100.png: OK
Server/static/images/ui-bg_flat_75_ffffff_40x100.png: OK
Server/static/images/ui-bg_glass_55_fbf9ee_1x400.png: OK
Server/static/images/ui-bg_glass_65_ffffff_1x400.png: OK
Server/static/images/ui-bg_glass_75_dadada_1x400.png: OK
Server/static/images/ui-bg_glass_75_e6e6e6_1x400.png: OK
Server/static/images/ui-bg_glass_95_fef1ec_1x400.png: OK
Server/static/images/ui-bg_highlight-soft_75_cccccc_1x100.png: OK
Server/static/images/ui-icons_222222_256x240.png: OK
Server/static/images/ui-icons_2e83ff_256x240.png: OK
Server/static/images/ui-icons_454545_256x240.png: OK
Server/static/images/ui-icons_888888_256x240.png: OK
Server/static/images/ui-icons_cd0a0a_256x240.png: OK
Server/static/impegno.html: OK
Server/static/jquery-ui.css: OK
Server/static/jquery-ui.js: OK
Server/static/jquery.js: OK
Server/static/menu.html: OK
Server/static/menunav.html: OK
Server/static/myUsers.js: OK
Server/static/nginx.conf: OK
Server/static/portale.css: OK
Server/static/reactivegas.js: OK
Server/static/report.css: OK
Server/static/report.js: OK
Server/static/script.js: OK
Server/static/template.html: OK
System/FilePath/Glob.hs: OK
System/FilePath/GlobPattern.hs: OK
UI/Console.hs: OK
UI/Lib.hs: OK
UI/Server.hs: OK
Voci/Beni.hs: OK
Voci/Boxes.hs: OK
Voci/Compare.hs: OK
Voci/Core.hs: OK
Voci/Data.hs: OK
Voci/Dynamics.hs: OK
Voci/Esempi.hs: OK
Voci/Instances.hs: OK
Voci/Language.hs: OK
Voci/Names.hs: OK
Voci/Ordine.hs: OK
Voci/Ordini.hs: OK
Voci/Quantita.hs: OK
Voci/Quantità.hs: OK
Voci/Serializzazione.hs: OK
Voci/Test.hs: OK
Voci/UI/Commercio.hs: OK
Voci/UI/Ordini.hs: OK
Voci/UI/Voce.hs: OK
Voci/UI/Voci.hs: OK
Voci/Valuta.hs: OK
app/Main.hs: OK
cabal.project: OK
docs/en/design/kelgroups-vote-machine.md: OK
docs/en/design/state-machine.md: OK
docs/en/help.md: OK
docs/en/index.md: OK
docs/en/installation.md: OK
docs/en/releases.md: OK
docs/en/usage.md: OK
docs/intro.html: OK
docs/it/help.md: OK
docs/it/index.md: OK
docs/it/installation.md: OK
docs/it/usage.md: OK
flake.lock: OK
flake.nix: OK
help/amministrazione: OK
help/effetto delle ultime dichiarazioni: OK
help/gestione dichiarazioni: OK
help/gruppo di acquisto: OK
help/immetti una password, una frase , lunga almeno 12 caratteri: OK
help/responsabile autore delle dichiarazioni: OK
justfile: OK
lean/KelGroups.lean: OK
lean/KelGroups/Event.lean: OK
lean/KelGroups/Fold.lean: OK
lean/KelGroups/Integration.lean: OK
lean/KelGroups/Invariants.lean: OK
lean/KelGroups/Mirrors.lean: OK
lean/KelGroups/State.lean: OK
lean/KelGroups/Tests.lean: OK
lean/KelGroups/Types.lean: OK
lean/KelGroups/Validate.lean: OK
lean/KelGroups/Vote/Event.lean: OK
lean/KelGroups/Vote/Fold.lean: OK
lean/KelGroups/Vote/Invariants.lean: OK
lean/KelGroups/Vote/State.lean: OK
lean/KelGroups/Vote/Tests.lean: OK
lean/KelGroups/Vote/Types.lean: OK
lean/KelGroups/Vote/Validate.lean: OK
lean/Reactivegas.lean: OK
lean/Reactivegas/Composition.lean: OK
lean/Reactivegas/CorpusExport.lean: OK
lean/Reactivegas/CorpusGate.lean: OK
lean/Reactivegas/Invariants.lean: OK
lean/Reactivegas/Mirrors.lean: OK
lean/Reactivegas/Predicates.lean: OK
lean/Reactivegas/State.lean: OK
lean/Reactivegas/Step.lean: OK
lean/Reactivegas/Trace.lean: OK
lean/Reactivegas/TraceTests.lean: OK
lean/Reactivegas/Types.lean: OK
lean/corpus/corpus.sha256: OK
lean/corpus/economic.json: OK
lean/corpus/integrated.json: OK
lean/lake-manifest.json: OK
lean/lakefile.lean: OK
lean/lean-toolchain: OK
makefile: OK
mkdocs.yml: OK
nix/lean-dependency-direction.sh: OK
nix/project.nix: OK
reactivegas.cabal: OK
release-please-config.json: OK
scripts/check-lean-axioms: OK
scripts/check-lean-mirrors: OK
scripts/check-lean-toolchain: OK
scripts/check-reactivegas-inversion-coverage: OK
scripts/check-trace-coverage-agreement: OK
scripts/release/check-release-version: OK
scripts/release/check-release-wiring: OK
scripts/release/lib/check-wiring.rb: OK
scripts/release/lib/version.sh: OK
scripts/release/package-release-artifact: OK
scripts/release/sync-cabal-version: OK
scripts/release/validate-release-artifact: OK
specs/48-inversion-coverage/data-model.md: OK
specs/48-inversion-coverage/functions-model.md: OK
specs/48-inversion-coverage/modules-model.md: OK
specs/48-inversion-coverage/plan.md: OK
specs/48-inversion-coverage/spec.md: OK
specs/48-inversion-coverage/tasks.md: OK
specs/49-provisional-release-pipeline/data-model.md: OK
specs/49-provisional-release-pipeline/functions-model.md: OK
specs/49-provisional-release-pipeline/modules-model.md: OK
specs/49-provisional-release-pipeline/plan.md: OK
specs/49-provisional-release-pipeline/spec.md: OK
specs/49-provisional-release-pipeline/tasks.md: OK
specs/51-first-provisional-release/data-model.md: OK
specs/51-first-provisional-release/functions-model.md: OK
specs/51-first-provisional-release/modules-model.md: OK
specs/51-first-provisional-release/plan.md: OK
specs/51-first-provisional-release/recut.md: OK
specs/51-first-provisional-release/spec.md: OK
specs/51-first-provisional-release/tasks.md: OK
specs/54-lean-vote-machine/data-model.md: OK
specs/54-lean-vote-machine/functions-model.md: OK
specs/54-lean-vote-machine/modules-model.md: OK
specs/54-lean-vote-machine/plan.md: OK
specs/54-lean-vote-machine/research.md: OK
specs/54-lean-vote-machine/spec.md: OK
specs/54-lean-vote-machine/tasks.md: OK
specs/57-structural-vote-validation/data-model.md: OK
specs/57-structural-vote-validation/functions-model.md: OK
specs/57-structural-vote-validation/modules-model.md: OK
specs/57-structural-vote-validation/plan.md: OK
specs/57-structural-vote-validation/spec.md: OK
specs/57-structural-vote-validation/tasks.md: OK
specs/62-one-membership-model/data-model.md: OK
specs/62-one-membership-model/functions-model.md: OK
specs/62-one-membership-model/modules-model.md: OK
specs/62-one-membership-model/plan.md: OK
specs/62-one-membership-model/spec.md: OK
specs/62-one-membership-model/tasks.md: OK
specs/74-corpus-exporter/data-model.md: OK
specs/74-corpus-exporter/functions-model.md: OK
specs/74-corpus-exporter/modules-model.md: OK
specs/74-corpus-exporter/plan.md: OK
specs/74-corpus-exporter/spec.md: OK
specs/74-corpus-exporter/tasks.md: OK
specs/86-exporter-successor/data-model.md: OK
specs/86-exporter-successor/functions-model.md: OK
specs/86-exporter-successor/modules-model.md: OK
specs/86-exporter-successor/plan.md: OK
specs/86-exporter-successor/spec.md: OK
specs/86-exporter-successor/tasks.md: OK
lean/.lake/build/lib/lean/KelGroups/Event.olean: OK
lean/.lake/build/lib/lean/KelGroups/State.olean: OK
lean/.lake/build/lib/lean/KelGroups/Integration.olean: OK
lean/.lake/build/lib/lean/KelGroups/Mirrors.olean: OK
lean/.lake/build/lib/lean/KelGroups/Tests.olean: OK
lean/.lake/build/lib/lean/KelGroups/Invariants.olean: OK
lean/.lake/build/lib/lean/KelGroups/Validate.olean: OK
lean/.lake/build/lib/lean/KelGroups/Types.olean: OK
lean/.lake/build/lib/lean/KelGroups/Fold.olean: OK
lean/.lake/build/lib/lean/KelGroups/Vote/Event.olean: OK
lean/.lake/build/lib/lean/KelGroups/Vote/State.olean: OK
lean/.lake/build/lib/lean/KelGroups/Vote/Tests.olean: OK
lean/.lake/build/lib/lean/KelGroups/Vote/Invariants.olean: OK
lean/.lake/build/lib/lean/KelGroups/Vote/Validate.olean: OK
lean/.lake/build/lib/lean/KelGroups/Vote/Types.olean: OK
lean/.lake/build/lib/lean/KelGroups/Vote/Fold.olean: OK
lean/.lake/build/lib/lean/Reactivegas/State.olean: OK
lean/.lake/build/lib/lean/Reactivegas/Predicates.olean: OK
lean/.lake/build/lib/lean/Reactivegas/Step.olean: OK
lean/.lake/build/lib/lean/Reactivegas/Mirrors.olean: OK
lean/.lake/build/lib/lean/Reactivegas/Invariants.olean: OK
lean/.lake/build/lib/lean/Reactivegas/Composition.olean: OK
lean/.lake/build/lib/lean/Reactivegas/Types.olean: OK
lean/.lake/build/lib/lean/Reactivegas/TraceTests.olean: OK
lean/.lake/build/lib/lean/Reactivegas/CorpusExport.olean: OK
lean/.lake/build/lib/lean/Reactivegas/Trace.olean: OK
lean/.lake/build/lib/lean/Reactivegas/CorpusGate.olean: OK
lean/.lake/build/lib/lean/Reactivegas.olean: OK
lean/.lake/build/lib/lean/KelGroups.olean: OK
lean/.lake/config/[anonymous]/lakefile.olean: OK
