{"synthetic": false,
 "schemaVersion": "2025-09-10",
 "outputs":
 {"o": ["f78a9f2ef92922db.olean"],
  "i": "9b386c0a8bfc9cb8.ilean",
  "c": "38b63ed631bcf627.c"},
 "log":
 [{"message":
   ".> LEAN_PATH=/code/reactivegas-66-s4/lean/.lake/build/lib/lean /nix/store/4gr3n4nrp0xxgykyyzdxi3xjj2ikn5x1-lean4-4.25.0/bin/lean /code/reactivegas-66-s4/lean/KelGroups/Vote/Event.lean -o /code/reactivegas-66-s4/lean/.lake/build/lib/lean/KelGroups/Vote/Event.olean -i /code/reactivegas-66-s4/lean/.lake/build/lib/lean/KelGroups/Vote/Event.ilean -c /code/reactivegas-66-s4/lean/.lake/build/ir/KelGroups/Vote/Event.c --setup /code/reactivegas-66-s4/lean/.lake/build/ir/KelGroups/Vote/Event.setup.json --json",
   "level": "trace"}],
 "inputs":
 [["KelGroups.Vote.Event:deps",
   [["deps",
     [["reactivegas/KelGroups:extraDep",
       [["@reactivegas:extraDep", "00000000000006bb"]]],
      ["imports",
       [["KelGroups.Vote.Types transitive imports (legacy)",
         "c8e8ca171eb31d66"],
        ["KelGroups.Vote.Types:importAllArts", "7b0c6abe2ab71b09"]]]]],
    ["libs",
     [["import dynlibs", "00000000000006bb"],
      ["package external libraries", "00000000000006bb"],
      ["module dynlibs", "00000000000006bb"],
      ["module plugins", "00000000000006bb"]]]]],
  ["Lean 4.25.0, commit v4.25.0", "9c3a3ade3a41d5d0"],
  ["/code/reactivegas-66-s4/lean/KelGroups/Vote/Event.lean",
   "3f0e3c4ec477615b"],
  ["options", [["-DautoImplicit=false", "4a85acb881fd49d0"]]],
  ["Module.leanArgs: #[]", "00000000000006bb"]],
 "depHash": "2435af56b0a650d3"}