{"synthetic": false,
 "schemaVersion": "2025-09-10",
 "outputs":
 {"o": ["2ca1ad4a0a51f72f.olean"],
  "i": "3c792f587ad4ac4e.ilean",
  "c": "05b968444b86f632.c"},
 "log":
 [{"message":
   ".> LEAN_PATH=/code/reactivegas-66-s4/lean/.lake/build/lib/lean /nix/store/4gr3n4nrp0xxgykyyzdxi3xjj2ikn5x1-lean4-4.25.0/bin/lean /code/reactivegas-66-s4/lean/KelGroups/Vote/Fold.lean -o /code/reactivegas-66-s4/lean/.lake/build/lib/lean/KelGroups/Vote/Fold.olean -i /code/reactivegas-66-s4/lean/.lake/build/lib/lean/KelGroups/Vote/Fold.ilean -c /code/reactivegas-66-s4/lean/.lake/build/ir/KelGroups/Vote/Fold.c --setup /code/reactivegas-66-s4/lean/.lake/build/ir/KelGroups/Vote/Fold.setup.json --json",
   "level": "trace"}],
 "inputs":
 [["KelGroups.Vote.Fold:deps",
   [["deps",
     [["reactivegas/KelGroups:extraDep",
       [["@reactivegas:extraDep", "00000000000006bb"]]],
      ["imports",
       [["KelGroups.Vote.State transitive imports (legacy)",
         "e2f07ea0053124de"],
        ["KelGroups.Vote.State:importAllArts", "56fb2e7d6a2c6b2c"],
        ["KelGroups.Vote.Event transitive imports (legacy)",
         "e2f07ea0053124de"],
        ["KelGroups.Vote.Event:importAllArts", "a86dfbce5adbb60b"],
        ["KelGroups.Vote.Validate transitive imports (legacy)",
         "86c93d4412eeef8f"],
        ["KelGroups.Vote.Validate:importAllArts", "92469e3ce5d085e8"]]]]],
    ["libs",
     [["import dynlibs", "00000000000006bb"],
      ["package external libraries", "00000000000006bb"],
      ["module dynlibs", "00000000000006bb"],
      ["module plugins", "00000000000006bb"]]]]],
  ["Lean 4.25.0, commit v4.25.0", "9c3a3ade3a41d5d0"],
  ["/code/reactivegas-66-s4/lean/KelGroups/Vote/Fold.lean", "786cc7a8cbc9dbc3"],
  ["options", [["-DautoImplicit=false", "4a85acb881fd49d0"]]],
  ["Module.leanArgs: #[]", "00000000000006bb"]],
 "depHash": "383f24dfea5728ca"}