{"synthetic": false,
 "schemaVersion": "2025-09-10",
 "outputs":
 {"o": ["f4a00aad53f64788.olean"],
  "i": "691a0988d1444315.ilean",
  "c": "8b0b3f88e578f077.c"},
 "log":
 [{"message":
   ".> LEAN_PATH=/code/reactivegas-66-s4b-audit3/lean/.lake/build/lib/lean /nix/store/4gr3n4nrp0xxgykyyzdxi3xjj2ikn5x1-lean4-4.25.0/bin/lean /code/reactivegas-66-s4b-audit3/lean/KelGroups/Mirrors.lean -o /code/reactivegas-66-s4b-audit3/lean/.lake/build/lib/lean/KelGroups/Mirrors.olean -i /code/reactivegas-66-s4b-audit3/lean/.lake/build/lib/lean/KelGroups/Mirrors.ilean -c /code/reactivegas-66-s4b-audit3/lean/.lake/build/ir/KelGroups/Mirrors.c --setup /code/reactivegas-66-s4b-audit3/lean/.lake/build/ir/KelGroups/Mirrors.setup.json --json",
   "level": "trace"}],
 "inputs":
 [["KelGroups.Mirrors:deps",
   [["deps",
     [["reactivegas/KelGroups:extraDep",
       [["@reactivegas:extraDep", "00000000000006bb"]]],
      ["imports",
       [["KelGroups.Invariants transitive imports (legacy)",
         "44f9ea656e170397"],
        ["KelGroups.Invariants:importAllArts", "3834d9d40328e0b3"],
        ["KelGroups.Vote.Invariants transitive imports (legacy)",
         "798db20eb6368797"],
        ["KelGroups.Vote.Invariants:importAllArts", "aa2442d6d9a32301"]]]]],
    ["libs",
     [["import dynlibs", "00000000000006bb"],
      ["package external libraries", "00000000000006bb"],
      ["module dynlibs", "00000000000006bb"],
      ["module plugins", "00000000000006bb"]]]]],
  ["Lean 4.25.0, commit v4.25.0", "9c3a3ade3a41d5d0"],
  ["/code/reactivegas-66-s4b-audit3/lean/KelGroups/Mirrors.lean",
   "c5946a5118ede803"],
  ["options", [["-DautoImplicit=false", "4a85acb881fd49d0"]]],
  ["Module.leanArgs: #[]", "00000000000006bb"]],
 "depHash": "e38a133b94130219"}